Archive member included to satisfy reference by file (symbol)

c:/nxp/lpcxpresso_8.2.2_650/lpcxpresso/tools/bin/../lib/gcc/arm-none-eabi/5.4.1/../../../../arm-none-eabi/lib/armv6-m\libcr_c.a(__weak__main.o)
                              ./startup/cr_startup_lpc11.o (__main)
c:/nxp/lpcxpresso_8.2.2_650/lpcxpresso/tools/bin/../lib/gcc/arm-none-eabi/5.4.1/armv6-m\libcr_eabihelpers.a(division_32.o)
                              ./src/pwm_main.o (__aeabi_uidiv)
c:/nxp/lpcxpresso_8.2.2_650/lpcxpresso/tools/bin/../lib/gcc/arm-none-eabi/5.4.1/armv6-m\libcr_eabihelpers.a(division_idiv0.o)
                              c:/nxp/lpcxpresso_8.2.2_650/lpcxpresso/tools/bin/../lib/gcc/arm-none-eabi/5.4.1/armv6-m\libcr_eabihelpers.a(division_32.o) (__aeabi_idiv0)

Discarded input sections

 .group         0x00000000        0x8 ./startup/cr_startup_lpc11.o
 .group         0x00000000        0x8 ./startup/cr_startup_lpc11.o
 .group         0x00000000        0x8 ./startup/cr_startup_lpc11.o
 .group         0x00000000        0x8 ./startup/cr_startup_lpc11.o
 .group         0x00000000        0x8 ./startup/cr_startup_lpc11.o
 .text          0x00000000        0x0 ./startup/cr_startup_lpc11.o
 .data          0x00000000        0x0 ./startup/cr_startup_lpc11.o
 .bss           0x00000000        0x0 ./startup/cr_startup_lpc11.o
 .group         0x00000000        0x8 ./src/pwm_main.o
 .group         0x00000000        0x8 ./src/pwm_main.o
 .group         0x00000000        0x8 ./src/pwm_main.o
 .group         0x00000000        0x8 ./src/pwm_main.o
 .group         0x00000000        0x8 ./src/pwm_main.o
 .group         0x00000000        0x8 ./src/pwm_main.o
 .group         0x00000000        0x8 ./src/pwm_main.o
 .group         0x00000000        0x8 ./src/pwm_main.o
 .group         0x00000000        0x8 ./src/pwm_main.o
 .group         0x00000000        0x8 ./src/pwm_main.o
 .group         0x00000000        0x8 ./src/pwm_main.o
 .group         0x00000000        0x8 ./src/pwm_main.o
 .group         0x00000000        0x8 ./src/pwm_main.o
 .group         0x00000000        0x8 ./src/pwm_main.o
 .text          0x00000000        0x0 ./src/pwm_main.o
 .data          0x00000000        0x0 ./src/pwm_main.o
 .bss           0x00000000        0x0 ./src/pwm_main.o
 .rodata.LPC_GPIO
                0x00000000       0x10 ./src/pwm_main.o
 .debug_macro   0x00000000      0x838 ./src/pwm_main.o
 .debug_macro   0x00000000       0x10 ./src/pwm_main.o
 .debug_macro   0x00000000      0x12d ./src/pwm_main.o
 .debug_macro   0x00000000      0x5b2 ./src/pwm_main.o
 .group         0x00000000        0x8 ./driver/can.o
 .group         0x00000000        0x8 ./driver/can.o
 .group         0x00000000        0x8 ./driver/can.o
 .group         0x00000000        0x8 ./driver/can.o
 .group         0x00000000        0x8 ./driver/can.o
 .group         0x00000000        0x8 ./driver/can.o
 .group         0x00000000        0x8 ./driver/can.o
 .group         0x00000000        0x8 ./driver/can.o
 .group         0x00000000        0x8 ./driver/can.o
 .group         0x00000000        0x8 ./driver/can.o
 .text          0x00000000        0x0 ./driver/can.o
 .data          0x00000000        0x0 ./driver/can.o
 .bss           0x00000000        0x0 ./driver/can.o
 .debug_info    0x00000000       0x6f ./driver/can.o
 .debug_abbrev  0x00000000       0x29 ./driver/can.o
 .debug_aranges
                0x00000000       0x18 ./driver/can.o
 .debug_macro   0x00000000       0x70 ./driver/can.o
 .debug_macro   0x00000000      0x838 ./driver/can.o
 .debug_macro   0x00000000       0x1c ./driver/can.o
 .debug_macro   0x00000000       0x22 ./driver/can.o
 .debug_macro   0x00000000       0x10 ./driver/can.o
 .debug_macro   0x00000000      0x12d ./driver/can.o
 .debug_macro   0x00000000      0x5b2 ./driver/can.o
 .debug_macro   0x00000000      0x37a ./driver/can.o
 .debug_macro   0x00000000       0x8d ./driver/can.o
 .debug_macro   0x00000000      0x123 ./driver/can.o
 .debug_macro   0x00000000       0x2e ./driver/can.o
 .debug_line    0x00000000      0x143 ./driver/can.o
 .debug_str     0x00000000     0x5a5f ./driver/can.o
 .comment       0x00000000       0x6f ./driver/can.o
 .ARM.attributes
                0x00000000       0x31 ./driver/can.o
 .group         0x00000000        0x8 ./driver/crp.o
 .group         0x00000000        0x8 ./driver/crp.o
 .group         0x00000000        0x8 ./driver/crp.o
 .group         0x00000000        0x8 ./driver/crp.o
 .group         0x00000000        0x8 ./driver/crp.o
 .group         0x00000000        0x8 ./driver/crp.o
 .group         0x00000000        0x8 ./driver/crp.o
 .group         0x00000000        0x8 ./driver/crp.o
 .group         0x00000000        0x8 ./driver/crp.o
 .group         0x00000000        0x8 ./driver/crp.o
 .group         0x00000000        0x8 ./driver/crp.o
 .group         0x00000000        0x8 ./driver/crp.o
 .text          0x00000000        0x0 ./driver/crp.o
 .data          0x00000000        0x0 ./driver/crp.o
 .bss           0x00000000        0x0 ./driver/crp.o
 .debug_macro   0x00000000      0x838 ./driver/crp.o
 .debug_macro   0x00000000       0x1c ./driver/crp.o
 .debug_macro   0x00000000       0x22 ./driver/crp.o
 .debug_macro   0x00000000       0x10 ./driver/crp.o
 .debug_macro   0x00000000      0x12d ./driver/crp.o
 .debug_macro   0x00000000      0x5b2 ./driver/crp.o
 .debug_macro   0x00000000      0x37a ./driver/crp.o
 .debug_macro   0x00000000       0x8d ./driver/crp.o
 .debug_macro   0x00000000      0x123 ./driver/crp.o
 .debug_macro   0x00000000       0x2e ./driver/crp.o
 .group         0x00000000        0x8 ./driver/gpio.o
 .group         0x00000000        0x8 ./driver/gpio.o
 .group         0x00000000        0x8 ./driver/gpio.o
 .group         0x00000000        0x8 ./driver/gpio.o
 .group         0x00000000        0x8 ./driver/gpio.o
 .group         0x00000000        0x8 ./driver/gpio.o
 .group         0x00000000        0x8 ./driver/gpio.o
 .group         0x00000000        0x8 ./driver/gpio.o
 .group         0x00000000        0x8 ./driver/gpio.o
 .group         0x00000000        0x8 ./driver/gpio.o
 .group         0x00000000        0x8 ./driver/gpio.o
 .text          0x00000000        0x0 ./driver/gpio.o
 .data          0x00000000        0x0 ./driver/gpio.o
 .bss           0x00000000        0x0 ./driver/gpio.o
 .text.GPIOInit
                0x00000000       0x20 ./driver/gpio.o
 .text.GPIOSetInterrupt
                0x00000000      0x2ec ./driver/gpio.o
 .text.GPIOIntEnable
                0x00000000       0x98 ./driver/gpio.o
 .text.GPIOIntDisable
                0x00000000       0xa0 ./driver/gpio.o
 .text.GPIOIntStatus
                0x00000000       0xac ./driver/gpio.o
 .text.GPIOIntClear
                0x00000000       0x98 ./driver/gpio.o
 .debug_macro   0x00000000      0x838 ./driver/gpio.o
 .debug_macro   0x00000000       0x1c ./driver/gpio.o
 .debug_macro   0x00000000       0x22 ./driver/gpio.o
 .debug_macro   0x00000000       0x10 ./driver/gpio.o
 .debug_macro   0x00000000      0x12d ./driver/gpio.o
 .debug_macro   0x00000000      0x5b2 ./driver/gpio.o
 .debug_macro   0x00000000      0x37a ./driver/gpio.o
 .debug_macro   0x00000000       0x8d ./driver/gpio.o
 .debug_macro   0x00000000      0x123 ./driver/gpio.o
 .debug_macro   0x00000000       0x2e ./driver/gpio.o
 .debug_macro   0x00000000       0x22 ./driver/gpio.o
 .group         0x00000000        0x8 ./driver/timer16.o
 .group         0x00000000        0x8 ./driver/timer16.o
 .group         0x00000000        0x8 ./driver/timer16.o
 .group         0x00000000        0x8 ./driver/timer16.o
 .group         0x00000000        0x8 ./driver/timer16.o
 .group         0x00000000        0x8 ./driver/timer16.o
 .group         0x00000000        0x8 ./driver/timer16.o
 .group         0x00000000        0x8 ./driver/timer16.o
 .group         0x00000000        0x8 ./driver/timer16.o
 .group         0x00000000        0x8 ./driver/timer16.o
 .group         0x00000000        0x8 ./driver/timer16.o
 .text          0x00000000        0x0 ./driver/timer16.o
 .data          0x00000000        0x0 ./driver/timer16.o
 .bss           0x00000000        0x0 ./driver/timer16.o
 .text.delayMs  0x00000000       0xc0 ./driver/timer16.o
 .text.reset_timer16
                0x00000000       0x50 ./driver/timer16.o
 .text.init_timer16
                0x00000000      0x178 ./driver/timer16.o
 .debug_macro   0x00000000      0x838 ./driver/timer16.o
 .debug_macro   0x00000000       0x1c ./driver/timer16.o
 .debug_macro   0x00000000       0x22 ./driver/timer16.o
 .debug_macro   0x00000000       0x10 ./driver/timer16.o
 .debug_macro   0x00000000      0x12d ./driver/timer16.o
 .debug_macro   0x00000000      0x5b2 ./driver/timer16.o
 .debug_macro   0x00000000      0x37a ./driver/timer16.o
 .debug_macro   0x00000000       0x8d ./driver/timer16.o
 .debug_macro   0x00000000      0x123 ./driver/timer16.o
 .debug_macro   0x00000000       0x2e ./driver/timer16.o
 .debug_macro   0x00000000       0x52 ./driver/timer16.o
 .group         0x00000000        0x8 ./driver/timer32.o
 .group         0x00000000        0x8 ./driver/timer32.o
 .group         0x00000000        0x8 ./driver/timer32.o
 .group         0x00000000        0x8 ./driver/timer32.o
 .group         0x00000000        0x8 ./driver/timer32.o
 .group         0x00000000        0x8 ./driver/timer32.o
 .group         0x00000000        0x8 ./driver/timer32.o
 .group         0x00000000        0x8 ./driver/timer32.o
 .group         0x00000000        0x8 ./driver/timer32.o
 .group         0x00000000        0x8 ./driver/timer32.o
 .group         0x00000000        0x8 ./driver/timer32.o
 .text          0x00000000        0x0 ./driver/timer32.o
 .data          0x00000000        0x0 ./driver/timer32.o
 .bss           0x00000000        0x0 ./driver/timer32.o
 .text.delay32Ms
                0x00000000       0xe4 ./driver/timer32.o
 .text.reset_timer32
                0x00000000       0x50 ./driver/timer32.o
 .debug_macro   0x00000000      0x838 ./driver/timer32.o
 .debug_macro   0x00000000       0x1c ./driver/timer32.o
 .debug_macro   0x00000000       0x22 ./driver/timer32.o
 .debug_macro   0x00000000       0x10 ./driver/timer32.o
 .debug_macro   0x00000000      0x12d ./driver/timer32.o
 .debug_macro   0x00000000      0x5b2 ./driver/timer32.o
 .debug_macro   0x00000000      0x37a ./driver/timer32.o
 .debug_macro   0x00000000       0x8d ./driver/timer32.o
 .debug_macro   0x00000000      0x123 ./driver/timer32.o
 .debug_macro   0x00000000       0x2e ./driver/timer32.o
 .debug_macro   0x00000000       0x46 ./driver/timer32.o
 .group         0x00000000        0x8 ./cmsis/core_cm0.o
 .group         0x00000000        0x8 ./cmsis/core_cm0.o
 .group         0x00000000        0x8 ./cmsis/core_cm0.o
 .group         0x00000000        0x8 ./cmsis/core_cm0.o
 .text          0x00000000        0x0 ./cmsis/core_cm0.o
 .data          0x00000000        0x0 ./cmsis/core_cm0.o
 .bss           0x00000000        0x0 ./cmsis/core_cm0.o
 .text.__get_PSP
                0x00000000       0x10 ./cmsis/core_cm0.o
 .text.__set_PSP
                0x00000000        0xc ./cmsis/core_cm0.o
 .text.__get_MSP
                0x00000000       0x10 ./cmsis/core_cm0.o
 .text.__set_MSP
                0x00000000        0xc ./cmsis/core_cm0.o
 .text.__get_PRIMASK
                0x00000000       0x1c ./cmsis/core_cm0.o
 .text.__set_PRIMASK
                0x00000000       0x18 ./cmsis/core_cm0.o
 .text.__get_CONTROL
                0x00000000       0x1c ./cmsis/core_cm0.o
 .text.__set_CONTROL
                0x00000000       0x18 ./cmsis/core_cm0.o
 .text.__REV    0x00000000       0x1c ./cmsis/core_cm0.o
 .text.__REV16  0x00000000       0x24 ./cmsis/core_cm0.o
 .text.__REVSH  0x00000000       0x24 ./cmsis/core_cm0.o
 .debug_info    0x00000000      0x27f ./cmsis/core_cm0.o
 .debug_abbrev  0x00000000       0xa8 ./cmsis/core_cm0.o
 .debug_aranges
                0x00000000       0x70 ./cmsis/core_cm0.o
 .debug_ranges  0x00000000       0x60 ./cmsis/core_cm0.o
 .debug_macro   0x00000000       0x48 ./cmsis/core_cm0.o
 .debug_macro   0x00000000      0x838 ./cmsis/core_cm0.o
 .debug_macro   0x00000000       0x10 ./cmsis/core_cm0.o
 .debug_macro   0x00000000      0x12d ./cmsis/core_cm0.o
 .debug_macro   0x00000000      0x5b2 ./cmsis/core_cm0.o
 .debug_line    0x00000000      0x1c4 ./cmsis/core_cm0.o
 .debug_str     0x00000000     0x3bba ./cmsis/core_cm0.o
 .comment       0x00000000       0x6f ./cmsis/core_cm0.o
 .debug_frame   0x00000000      0x130 ./cmsis/core_cm0.o
 .ARM.attributes
                0x00000000       0x31 ./cmsis/core_cm0.o
 .group         0x00000000        0x8 ./cmsis/system_LPC11xx.o
 .group         0x00000000        0x8 ./cmsis/system_LPC11xx.o
 .group         0x00000000        0x8 ./cmsis/system_LPC11xx.o
 .group         0x00000000        0x8 ./cmsis/system_LPC11xx.o
 .group         0x00000000        0x8 ./cmsis/system_LPC11xx.o
 .group         0x00000000        0x8 ./cmsis/system_LPC11xx.o
 .group         0x00000000        0x8 ./cmsis/system_LPC11xx.o
 .group         0x00000000        0x8 ./cmsis/system_LPC11xx.o
 .text          0x00000000        0x0 ./cmsis/system_LPC11xx.o
 .data          0x00000000        0x0 ./cmsis/system_LPC11xx.o
 .bss           0x00000000        0x0 ./cmsis/system_LPC11xx.o
 .debug_macro   0x00000000       0x10 ./cmsis/system_LPC11xx.o
 .debug_macro   0x00000000      0x12d ./cmsis/system_LPC11xx.o
 .debug_macro   0x00000000      0x5b2 ./cmsis/system_LPC11xx.o
 .debug_macro   0x00000000       0x1c ./cmsis/system_LPC11xx.o
 .debug_macro   0x00000000       0x8d ./cmsis/system_LPC11xx.o
 .debug_macro   0x00000000      0x123 ./cmsis/system_LPC11xx.o
 .text          0x00000000        0x0 c:/nxp/lpcxpresso_8.2.2_650/lpcxpresso/tools/bin/../lib/gcc/arm-none-eabi/5.4.1/../../../../arm-none-eabi/lib/armv6-m\libcr_c.a(__weak__main.o)
 .data          0x00000000        0x0 c:/nxp/lpcxpresso_8.2.2_650/lpcxpresso/tools/bin/../lib/gcc/arm-none-eabi/5.4.1/../../../../arm-none-eabi/lib/armv6-m\libcr_c.a(__weak__main.o)
 .bss           0x00000000        0x0 c:/nxp/lpcxpresso_8.2.2_650/lpcxpresso/tools/bin/../lib/gcc/arm-none-eabi/5.4.1/../../../../arm-none-eabi/lib/armv6-m\libcr_c.a(__weak__main.o)
 .text          0x00000000        0x0 c:/nxp/lpcxpresso_8.2.2_650/lpcxpresso/tools/bin/../lib/gcc/arm-none-eabi/5.4.1/armv6-m\libcr_eabihelpers.a(division_32.o)
 .data          0x00000000        0x0 c:/nxp/lpcxpresso_8.2.2_650/lpcxpresso/tools/bin/../lib/gcc/arm-none-eabi/5.4.1/armv6-m\libcr_eabihelpers.a(division_32.o)
 .bss           0x00000000        0x0 c:/nxp/lpcxpresso_8.2.2_650/lpcxpresso/tools/bin/../lib/gcc/arm-none-eabi/5.4.1/armv6-m\libcr_eabihelpers.a(division_32.o)
 .text          0x00000000        0x0 c:/nxp/lpcxpresso_8.2.2_650/lpcxpresso/tools/bin/../lib/gcc/arm-none-eabi/5.4.1/armv6-m\libcr_eabihelpers.a(division_idiv0.o)
 .data          0x00000000        0x0 c:/nxp/lpcxpresso_8.2.2_650/lpcxpresso/tools/bin/../lib/gcc/arm-none-eabi/5.4.1/armv6-m\libcr_eabihelpers.a(division_idiv0.o)
 .bss           0x00000000        0x0 c:/nxp/lpcxpresso_8.2.2_650/lpcxpresso/tools/bin/../lib/gcc/arm-none-eabi/5.4.1/armv6-m\libcr_eabihelpers.a(division_idiv0.o)

Memory Configuration

Name             Origin             Length             Attributes
MFlash32         0x00000000         0x00008000         xr
RamLoc8          0x10000000         0x00002000         xrw
*default*        0x00000000         0xffffffff

Linker script and memory map

LOAD ./startup/cr_startup_lpc11.o
LOAD ./src/pwm_main.o
LOAD ./driver/can.o
LOAD ./driver/crp.o
LOAD ./driver/gpio.o
LOAD ./driver/timer16.o
LOAD ./driver/timer32.o
LOAD ./cmsis/core_cm0.o
LOAD ./cmsis/system_LPC11xx.o
START GROUP
LOAD c:/nxp/lpcxpresso_8.2.2_650/lpcxpresso/tools/bin/../lib/gcc/arm-none-eabi/5.4.1/../../../../arm-none-eabi/lib/armv6-m\libcr_c.a
LOAD c:/nxp/lpcxpresso_8.2.2_650/lpcxpresso/tools/bin/../lib/gcc/arm-none-eabi/5.4.1/../../../../arm-none-eabi/lib/armv6-m\libcr_semihost.a
LOAD c:/nxp/lpcxpresso_8.2.2_650/lpcxpresso/tools/bin/../lib/gcc/arm-none-eabi/5.4.1/armv6-m\libcr_eabihelpers.a
END GROUP
                0x00008000                __top_MFlash32 = 0x8000
                0x10002000                __top_RamLoc8 = 0x10002000

.text           0x00000000      0xf54
 FILL mask 0xff
 *(.isr_vector)
 .isr_vector    0x00000000       0xc0 ./startup/cr_startup_lpc11.o
                0x00000000                g_pfnVectors
 *(.text.Reset_Handler .text.SystemInit)
 .text.SystemInit
                0x000000c0       0xb0 ./cmsis/system_LPC11xx.o
                0x000000c0                SystemInit
                0x000002fc                . = 0x2fc
 *fill*         0x00000170      0x18c ff
 *(.crp)
 .crp           0x000002fc        0x4 ./driver/crp.o
                0x000002fc                CRP_WORD
 *(.text*)
 .text.ResetISR
                0x00000300       0x60 ./startup/cr_startup_lpc11.o
                0x00000300                ResetISR
 .text.NMI_Handler
                0x00000360        0x8 ./startup/cr_startup_lpc11.o
                0x00000360                NMI_Handler
 .text.HardFault_Handler
                0x00000368        0x8 ./startup/cr_startup_lpc11.o
                0x00000368                HardFault_Handler
 .text.SVCall_Handler
                0x00000370        0x8 ./startup/cr_startup_lpc11.o
                0x00000370                SVCall_Handler
 .text.PendSV_Handler
                0x00000378        0x8 ./startup/cr_startup_lpc11.o
                0x00000378                PendSV_Handler
 .text.SysTick_Handler
                0x00000380        0x8 ./startup/cr_startup_lpc11.o
                0x00000380                SysTick_Handler
 .text.IntDefaultHandler
                0x00000388        0x8 ./startup/cr_startup_lpc11.o
                0x00000388                UART_IRQHandler
                0x00000388                TIMER32_1_IRQHandler
                0x00000388                IntDefaultHandler
                0x00000388                PIOINT1_IRQHandler
                0x00000388                CAN_IRQHandler
                0x00000388                SSP0_IRQHandler
                0x00000388                ADC_IRQHandler
                0x00000388                SSP1_IRQHandler
                0x00000388                PIOINT2_IRQHandler
                0x00000388                BOD_IRQHandler
                0x00000388                WAKEUP_IRQHandler
                0x00000388                PIOINT0_IRQHandler
                0x00000388                I2C_IRQHandler
                0x00000388                WDT_IRQHandler
                0x00000388                PIOINT3_IRQHandler
 .text.main     0x00000390       0xdc ./src/pwm_main.o
                0x00000390                main
 .text.GPIOSetValue
                0x0000046c       0x34 ./driver/gpio.o
                0x0000046c                GPIOSetValue
 .text.GPIOSetDir
                0x000004a0       0x70 ./driver/gpio.o
                0x000004a0                GPIOSetDir
 .text.NVIC_EnableIRQ
                0x00000510       0x2c ./driver/timer16.o
 .text.TIMER16_0_IRQHandler
                0x0000053c       0x4c ./driver/timer16.o
                0x0000053c                TIMER16_0_IRQHandler
 .text.TIMER16_1_IRQHandler
                0x00000588       0x4c ./driver/timer16.o
                0x00000588                TIMER16_1_IRQHandler
 .text.enable_timer16
                0x000005d4       0x34 ./driver/timer16.o
                0x000005d4                enable_timer16
 .text.disable_timer16
                0x00000608       0x34 ./driver/timer16.o
                0x00000608                disable_timer16
 .text.init_timer16PWM
                0x0000063c      0x214 ./driver/timer16.o
                0x0000063c                init_timer16PWM
 .text.setMatch_timer16PWM
                0x00000850       0xa0 ./driver/timer16.o
                0x00000850                setMatch_timer16PWM
 .text.NVIC_EnableIRQ
                0x000008f0       0x2c ./driver/timer32.o
 .text.TIMER32_0_IRQHandler
                0x0000091c       0x4c ./driver/timer32.o
                0x0000091c                TIMER32_0_IRQHandler
 .text.enable_timer32
                0x00000968       0x34 ./driver/timer32.o
                0x00000968                enable_timer32
 .text.disable_timer32
                0x0000099c       0x34 ./driver/timer32.o
                0x0000099c                disable_timer32
 .text.init_timer32
                0x000009d0      0x134 ./driver/timer32.o
                0x000009d0                init_timer32
 .text.init_timer32PWM
                0x00000b04      0x21c ./driver/timer32.o
                0x00000b04                init_timer32PWM
 .text.setMatch_timer32PWM
                0x00000d20       0xa0 ./driver/timer32.o
                0x00000d20                setMatch_timer32PWM
 .text.SystemCoreClockUpdate
                0x00000dc0       0xc0 ./cmsis/system_LPC11xx.o
                0x00000dc0                SystemCoreClockUpdate
 .text.__weak_main
                0x00000e80        0x8 c:/nxp/lpcxpresso_8.2.2_650/lpcxpresso/tools/bin/../lib/gcc/arm-none-eabi/5.4.1/../../../../arm-none-eabi/lib/armv6-m\libcr_c.a(__weak__main.o)
                0x00000e80                __weak_main
                0x00000e80                __main
 .text.__aeabi_division_idivmod
                0x00000e88       0x78 c:/nxp/lpcxpresso_8.2.2_650/lpcxpresso/tools/bin/../lib/gcc/arm-none-eabi/5.4.1/armv6-m\libcr_eabihelpers.a(division_32.o)
                0x00000e88                __aeabi_idivmod
                0x00000e88                __aeabi_idiv
                0x00000e8e                __aeabi_uidivmod
                0x00000e8e                __aeabi_uidiv
 .text.__aeabi_division_idiv0
                0x00000f00        0x2 c:/nxp/lpcxpresso_8.2.2_650/lpcxpresso/tools/bin/../lib/gcc/arm-none-eabi/5.4.1/armv6-m\libcr_eabihelpers.a(division_idiv0.o)
                0x00000f00                __aeabi_idiv0
 *(.rodata*)
 *fill*         0x00000f02        0x2 ff
 .rodata.LPC_GPIO
                0x00000f04       0x10 ./driver/gpio.o
 .rodata.CSWTCH.8
                0x00000f14       0x40 ./cmsis/system_LPC11xx.o

.glue_7         0x00000f54        0x0
 .glue_7        0x00000f54        0x0 linker stubs

.glue_7t        0x00000f54        0x0
 .glue_7t       0x00000f54        0x0 linker stubs

.vfp11_veneer   0x00000f54        0x0
 .vfp11_veneer  0x00000f54        0x0 linker stubs

.v4_bx          0x00000f54        0x0
 .v4_bx         0x00000f54        0x0 linker stubs

.iplt           0x00000f54        0x0
 .iplt          0x00000f54        0x0 ./startup/cr_startup_lpc11.o

.rel.dyn        0x00000f54        0x0
 .rel.iplt      0x00000f54        0x0 ./startup/cr_startup_lpc11.o

.ARM.extab
 *(.ARM.extab* .gnu.linkonce.armextab.*)
                0x00000f54                __exidx_start = .

.ARM.exidx
 *(.ARM.exidx* .gnu.linkonce.armexidx.*)
                0x00000f54                __exidx_end = .
                0x00000f54                _etext = .

.data           0x10000000        0x8 load address 0x00000f54
                0x10000000                _data = .
 *(vtable)
 *(.data*)
 .data.period   0x10000000        0x4 ./src/pwm_main.o
                0x10000000                period
 .data.SystemCoreClock
                0x10000004        0x4 ./cmsis/system_LPC11xx.o
                0x10000004                SystemCoreClock
                0x10000008                _edata = .

.igot.plt       0x10000008        0x0 load address 0x00000f5c
 .igot.plt      0x10000008        0x0 ./startup/cr_startup_lpc11.o

.bss            0x10000008       0x28 load address 0x00000f5c
                0x10000008                _bss = .
 *(.bss*)
 .bss.timer16_0_counter
                0x10000008        0x4 ./driver/timer16.o
                0x10000008                timer16_0_counter
 .bss.timer16_1_counter
                0x1000000c        0x4 ./driver/timer16.o
                0x1000000c                timer16_1_counter
 .bss.timer16_0_capture
                0x10000010        0x4 ./driver/timer16.o
                0x10000010                timer16_0_capture
 .bss.timer16_1_capture
                0x10000014        0x4 ./driver/timer16.o
                0x10000014                timer16_1_capture
 .bss.timer16_0_period
                0x10000018        0x4 ./driver/timer16.o
                0x10000018                timer16_0_period
 .bss.timer16_1_period
                0x1000001c        0x4 ./driver/timer16.o
                0x1000001c                timer16_1_period
 .bss.timer32_0_period
                0x10000020        0x4 ./driver/timer32.o
                0x10000020                timer32_0_period
 .bss.timer32_0_counter
                0x10000024        0x4 ./driver/timer32.o
                0x10000024                timer32_0_counter
 .bss.timer32_0_capture
                0x10000028        0x4 ./driver/timer32.o
                0x10000028                timer32_0_capture
 .bss.timer32_1_period
                0x1000002c        0x4 ./driver/timer32.o
                0x1000002c                timer32_1_period
 *(COMMON)
                0x10000030                _ebss = .

.cr_heap        0x10000030        0x0 load address 0x00000f5c
                0x10000030                end = .
                0x10000030                _pvHeapStart = .
                0x10002000                _vRamTop = __top_RamLoc8
                0x10002000                _vStackTop = _vRamTop
OUTPUT(pwm.axf elf32-littlearm)

.debug_info     0x00000000     0x2c1b
 .debug_info    0x00000000      0x18b ./startup/cr_startup_lpc11.o
 .debug_info    0x0000018b      0x5ad ./src/pwm_main.o
 .debug_info    0x00000738       0x90 ./driver/crp.o
 .debug_info    0x000007c8      0x74d ./driver/gpio.o
 .debug_info    0x00000f15      0xcbf ./driver/timer16.o
 .debug_info    0x00001bd4      0xb60 ./driver/timer32.o
 .debug_info    0x00002734      0x4e7 ./cmsis/system_LPC11xx.o

.debug_abbrev   0x00000000      0x984
 .debug_abbrev  0x00000000       0xb9 ./startup/cr_startup_lpc11.o
 .debug_abbrev  0x000000b9      0x153 ./src/pwm_main.o
 .debug_abbrev  0x0000020c       0x4e ./driver/crp.o
 .debug_abbrev  0x0000025a      0x1bb ./driver/gpio.o
 .debug_abbrev  0x00000415      0x241 ./driver/timer16.o
 .debug_abbrev  0x00000656      0x1e3 ./driver/timer32.o
 .debug_abbrev  0x00000839      0x14b ./cmsis/system_LPC11xx.o

.debug_aranges  0x00000000      0x1d0
 .debug_aranges
                0x00000000       0x50 ./startup/cr_startup_lpc11.o
 .debug_aranges
                0x00000050       0x20 ./src/pwm_main.o
 .debug_aranges
                0x00000070       0x18 ./driver/crp.o
 .debug_aranges
                0x00000088       0x58 ./driver/gpio.o
 .debug_aranges
                0x000000e0       0x68 ./driver/timer16.o
 .debug_aranges
                0x00000148       0x60 ./driver/timer32.o
 .debug_aranges
                0x000001a8       0x28 ./cmsis/system_LPC11xx.o

.debug_ranges   0x00000000      0x158
 .debug_ranges  0x00000000       0x40 ./startup/cr_startup_lpc11.o
 .debug_ranges  0x00000040       0x10 ./src/pwm_main.o
 .debug_ranges  0x00000050       0x48 ./driver/gpio.o
 .debug_ranges  0x00000098       0x58 ./driver/timer16.o
 .debug_ranges  0x000000f0       0x50 ./driver/timer32.o
 .debug_ranges  0x00000140       0x18 ./cmsis/system_LPC11xx.o

.debug_macro    0x00000000     0x25d9
 .debug_macro   0x00000000       0x57 ./startup/cr_startup_lpc11.o
 .debug_macro   0x00000057      0x838 ./startup/cr_startup_lpc11.o
 .debug_macro   0x0000088f       0x10 ./startup/cr_startup_lpc11.o
 .debug_macro   0x0000089f      0x12d ./startup/cr_startup_lpc11.o
 .debug_macro   0x000009cc      0x5b2 ./startup/cr_startup_lpc11.o
 .debug_macro   0x00000f7e       0x87 ./startup/cr_startup_lpc11.o
 .debug_macro   0x00001005       0x94 ./src/pwm_main.o
 .debug_macro   0x00001099       0x1c ./src/pwm_main.o
 .debug_macro   0x000010b5       0x22 ./src/pwm_main.o
 .debug_macro   0x000010d7      0x37a ./src/pwm_main.o
 .debug_macro   0x00001451       0x8d ./src/pwm_main.o
 .debug_macro   0x000014de      0x123 ./src/pwm_main.o
 .debug_macro   0x00001601       0x2e ./src/pwm_main.o
 .debug_macro   0x0000162f       0x22 ./src/pwm_main.o
 .debug_macro   0x00001651       0x46 ./src/pwm_main.o
 .debug_macro   0x00001697       0x52 ./src/pwm_main.o
 .debug_macro   0x000016e9       0x22 ./src/pwm_main.o
 .debug_macro   0x0000170b       0x88 ./driver/crp.o
 .debug_macro   0x00001793       0x34 ./driver/crp.o
 .debug_macro   0x000017c7       0x28 ./driver/crp.o
 .debug_macro   0x000017ef       0x79 ./driver/gpio.o
 .debug_macro   0x00001868       0x79 ./driver/timer16.o
 .debug_macro   0x000018e1       0x79 ./driver/timer32.o
 .debug_macro   0x0000195a       0xa9 ./cmsis/system_LPC11xx.o
 .debug_macro   0x00001a03      0x83e ./cmsis/system_LPC11xx.o
 .debug_macro   0x00002241      0x398 ./cmsis/system_LPC11xx.o

.debug_line     0x00000000      0xe8f
 .debug_line    0x00000000      0x1cd ./startup/cr_startup_lpc11.o
 .debug_line    0x000001cd      0x1bb ./src/pwm_main.o
 .debug_line    0x00000388      0x14c ./driver/crp.o
 .debug_line    0x000004d4      0x27d ./driver/gpio.o
 .debug_line    0x00000751      0x2d9 ./driver/timer16.o
 .debug_line    0x00000a2a      0x2be ./driver/timer32.o
 .debug_line    0x00000ce8      0x1a7 ./cmsis/system_LPC11xx.o

.debug_str      0x00000000     0x6960
 .debug_str     0x00000000     0x3d2c ./startup/cr_startup_lpc11.o
                               0x3db7 (size before relaxing)
 .debug_str     0x00003d2c     0x2218 ./src/pwm_main.o
                               0x5ecc (size before relaxing)
 .debug_str     0x00005f44       0xbf ./driver/crp.o
                               0x5b17 (size before relaxing)
 .debug_str     0x00006003       0xac ./driver/gpio.o
                               0x5dfa (size before relaxing)
 .debug_str     0x000060af      0x50c ./driver/timer16.o
                               0x6316 (size before relaxing)
 .debug_str     0x000065bb       0xc5 ./driver/timer32.o
                               0x6272 (size before relaxing)
 .debug_str     0x00006680      0x2e0 ./cmsis/system_LPC11xx.o
                               0x5e39 (size before relaxing)

.comment        0x00000000       0xdc
 .comment       0x00000000       0x6e ./startup/cr_startup_lpc11.o
                                 0x6f (size before relaxing)
 .comment       0x0000006e       0x6f ./src/pwm_main.o
 .comment       0x0000006e       0x6f ./driver/crp.o
 .comment       0x0000006e       0x6f ./driver/gpio.o
 .comment       0x0000006e       0x6f ./driver/timer16.o
 .comment       0x0000006e       0x6f ./driver/timer32.o
 .comment       0x0000006e       0x6f ./cmsis/system_LPC11xx.o
 .comment       0x0000006e       0x6e c:/nxp/lpcxpresso_8.2.2_650/lpcxpresso/tools/bin/../lib/gcc/arm-none-eabi/5.4.1/../../../../arm-none-eabi/lib/armv6-m\libcr_c.a(__weak__main.o)
                                 0x6f (size before relaxing)

.ARM.attributes
                0x00000000       0x2f
 .ARM.attributes
                0x00000000       0x31 ./startup/cr_startup_lpc11.o
 .ARM.attributes
                0x00000031       0x31 ./src/pwm_main.o
 .ARM.attributes
                0x00000062       0x31 ./driver/crp.o
 .ARM.attributes
                0x00000093       0x31 ./driver/gpio.o
 .ARM.attributes
                0x000000c4       0x31 ./driver/timer16.o
 .ARM.attributes
                0x000000f5       0x31 ./driver/timer32.o
 .ARM.attributes
                0x00000126       0x31 ./cmsis/system_LPC11xx.o
 .ARM.attributes
                0x00000157       0x31 c:/nxp/lpcxpresso_8.2.2_650/lpcxpresso/tools/bin/../lib/gcc/arm-none-eabi/5.4.1/../../../../arm-none-eabi/lib/armv6-m\libcr_c.a(__weak__main.o)
 .ARM.attributes
                0x00000188       0x21 c:/nxp/lpcxpresso_8.2.2_650/lpcxpresso/tools/bin/../lib/gcc/arm-none-eabi/5.4.1/armv6-m\libcr_eabihelpers.a(division_32.o)
 .ARM.attributes
                0x000001a9       0x21 c:/nxp/lpcxpresso_8.2.2_650/lpcxpresso/tools/bin/../lib/gcc/arm-none-eabi/5.4.1/armv6-m\libcr_eabihelpers.a(division_idiv0.o)

.debug_frame    0x00000000      0x4c8
 .debug_frame   0x00000000       0xd8 ./startup/cr_startup_lpc11.o
 .debug_frame   0x000000d8       0x2c ./src/pwm_main.o
 .debug_frame   0x00000104      0x10c ./driver/gpio.o
 .debug_frame   0x00000210      0x148 ./driver/timer16.o
 .debug_frame   0x00000358      0x12c ./driver/timer32.o
 .debug_frame   0x00000484       0x44 ./cmsis/system_LPC11xx.o

.debug_loc      0x00000000       0x84
 .debug_loc     0x00000000       0x84 ./cmsis/system_LPC11xx.o
