14:25:45 **** Build of configuration Debug for project swuart ****
make -r -j2 all 
Building file: ../src/swuart_main.c
Building file: ../startup/cr_startup_lpc11.c
Invoking: MCU C Compiler
arm-none-eabi-gcc -D__REDLIB__ -DDEBUG -D__CODE_RED -I../cmsis -I../config -I../driver -O0 -g3 -Wall -c -fmessage-length=0 -fno-builtin -ffunction-sections -fdata-sections -mcpu=cortex-m0 -mthumb -D__REDLIB__ -specs=redlib.specs -MMD -MP -MF"src/swuart_main.d" -MT"src/swuart_main.o" -MT"src/swuart_main.d" -o "src/swuart_main.o" "../src/swuart_main.c"
Invoking: MCU C Compiler
arm-none-eabi-gcc -D__REDLIB__ -DDEBUG -D__CODE_RED -I../cmsis -I../config -I../driver -O0 -g3 -Wall -c -fmessage-length=0 -fno-builtin -ffunction-sections -fdata-sections -mcpu=cortex-m0 -mthumb -D__REDLIB__ -specs=redlib.specs -MMD -MP -MF"startup/cr_startup_lpc11.d" -MT"startup/cr_startup_lpc11.o" -MT"startup/cr_startup_lpc11.d" -o "startup/cr_startup_lpc11.o" "../startup/cr_startup_lpc11.c"
In file included from ../src/swuart_main.c:66:0:
../driver/lpc_swu.h:76:13: warning: inline function 'swu_isr_rx' declared but never defined
 inline void swu_isr_rx(LPC_TMR_TypeDef* const RX_ISR_TIMER); //Receive interrupt routine
             ^~~~~~~~~~
../driver/lpc_swu.h:75:13: warning: inline function 'swu_isr_tx' declared but never defined
 inline void swu_isr_tx(LPC_TMR_TypeDef* const TX_ISR_TIMER); //Transmit interrupt routine
             ^~~~~~~~~~
Finished building: ../src/swuart_main.c
 
Building file: ../driver/can.c
Finished building: ../startup/cr_startup_lpc11.c
Invoking: MCU C Compiler
arm-none-eabi-gcc -D__REDLIB__ -DDEBUG -D__CODE_RED -I../cmsis -I../config -I../driver -O0 -g3 -Wall -c -fmessage-length=0 -fno-builtin -ffunction-sections -fdata-sections -mcpu=cortex-m0 -mthumb -D__REDLIB__ -specs=redlib.specs -MMD -MP -MF"driver/can.d" -MT"driver/can.o" -MT"driver/can.d" -o "driver/can.o" "../driver/can.c"
 
Building file: ../driver/gpio.c
Invoking: MCU C Compiler
arm-none-eabi-gcc -D__REDLIB__ -DDEBUG -D__CODE_RED -I../cmsis -I../config -I../driver -O0 -g3 -Wall -c -fmessage-length=0 -fno-builtin -ffunction-sections -fdata-sections -mcpu=cortex-m0 -mthumb -D__REDLIB__ -specs=redlib.specs -MMD -MP -MF"driver/gpio.d" -MT"driver/gpio.o" -MT"driver/gpio.d" -o "driver/gpio.o" "../driver/gpio.c"
Finished building: ../driver/can.c
 
Building file: ../driver/lpc_swu.c
Invoking: MCU C Compiler
arm-none-eabi-gcc -D__REDLIB__ -DDEBUG -D__CODE_RED -I../cmsis -I../config -I../driver -O0 -g3 -Wall -c -fmessage-length=0 -fno-builtin -ffunction-sections -fdata-sections -mcpu=cortex-m0 -mthumb -D__REDLIB__ -specs=redlib.specs -MMD -MP -MF"driver/lpc_swu.d" -MT"driver/lpc_swu.o" -MT"driver/lpc_swu.d" -o "driver/lpc_swu.o" "../driver/lpc_swu.c"
Finished building: ../driver/gpio.c
 
Building file: ../driver/timer32.c
Finished building: ../driver/lpc_swu.c
Invoking: MCU C Compiler
arm-none-eabi-gcc -D__REDLIB__ -DDEBUG -D__CODE_RED -I../cmsis -I../config -I../driver -O0 -g3 -Wall -c -fmessage-length=0 -fno-builtin -ffunction-sections -fdata-sections -mcpu=cortex-m0 -mthumb -D__REDLIB__ -specs=redlib.specs -MMD -MP -MF"driver/timer32.d" -MT"driver/timer32.o" -MT"driver/timer32.d" -o "driver/timer32.o" "../driver/timer32.c"
 
Building file: ../cmsis/core_cm0.c
Invoking: MCU C Compiler
arm-none-eabi-gcc -D__REDLIB__ -DDEBUG -D__CODE_RED -I../cmsis -I../config -I../driver -O0 -Os -g3 -Wall -c -fmessage-length=0 -fno-builtin -ffunction-sections -fdata-sections -mcpu=cortex-m0 -mthumb -D__REDLIB__ -specs=redlib.specs -MMD -MP -MF"cmsis/core_cm0.d" -MT"cmsis/core_cm0.d" -o "cmsis/core_cm0.o" "../cmsis/core_cm0.c"
Finished building: ../cmsis/core_cm0.c
 
Building file: ../cmsis/system_LPC11xx.c
Invoking: MCU C Compiler
arm-none-eabi-gcc -D__REDLIB__ -DDEBUG -D__CODE_RED -I../cmsis -I../config -I../driver -O0 -Os -g3 -Wall -c -fmessage-length=0 -fno-builtin -ffunction-sections -fdata-sections -mcpu=cortex-m0 -mthumb -D__REDLIB__ -specs=redlib.specs -MMD -MP -MF"cmsis/system_LPC11xx.d" -MT"cmsis/system_LPC11xx.d" -o "cmsis/system_LPC11xx.o" "../cmsis/system_LPC11xx.c"
Finished building: ../driver/timer32.c
 
Finished building: ../cmsis/system_LPC11xx.c
 
Building target: model.axf
Invoking: MCU Linker
arm-none-eabi-gcc -nostdlib -Xlinker -Map=model.map -Xlinker --gc-sections -mcpu=cortex-m0 -mthumb -T "../linker/lpc1114_flash_crp.ld" -o "model.axf"  ./startup/cr_startup_lpc11.o  ./src/swuart_main.o  ./driver/can.o ./driver/gpio.o ./driver/lpc_swu.o ./driver/timer32.o  ./cmsis/core_cm0.o ./cmsis/system_LPC11xx.o   
Finished building target: model.axf
 
make --no-print-directory post-build
Performing post-build steps
arm-none-eabi-size model.axf; arm-none-eabi-objcopy -O binary model.axf model.bin ; checksum -p LPC1114_302 -d model.bin;
   text	   data	    bss	    dec	    hex	filename
   4132	      4	    176	   4312	   10d8	model.axf
Written checksum 0xefffd64b at offset 0x1c in file model.bin
Previous value 0x00000000 at offset 0x1c in file model.bin
 

14:25:46 Build Finished (took 1s.241ms)

