13:30:46 **** Incremental Build of configuration Debug for project CMSIS_CORE_LPC11xx ****
make -r all 
make: Nothing to be done for `all'.
13:30:48 **** Incremental Build of configuration Debug for project lab4 ****
make -r all 
Building file: ../src/lab4.c
Invoking: MCU C Compiler
arm-none-eabi-gcc -DDEBUG -D__CODE_RED -DCORE_M0 -D__USE_CMSIS=CMSIS_CORE_LPC11xx -D__LPC11XX__ -D__REDLIB__ -I"C:\Users\dell\Documents\GitHub\DDL\workspace_AA\lab4\inc" -I"C:\Users\dell\Documents\GitHub\DDL\workspace_AA\lab4\driver" -I"C:\Users\dell\Documents\GitHub\DDL\workspace_AA\lab4\config" -I"C:\Users\dell\Documents\GitHub\DDL\workspace_AA\CMSIS_CORE_LPC11xx\inc" -O0 -fno-common -g3 -Wall -c -fmessage-length=0 -fno-builtin -ffunction-sections -fdata-sections -mcpu=cortex-m0 -mthumb -specs=redlib.specs -MMD -MP -MF"src/lab4.d" -MT"src/lab4.o" -MT"src/lab4.d" -o "src/lab4.o" "../src/lab4.c"
Finished building: ../src/lab4.c
 
Building target: lab4.axf
Invoking: MCU Linker
arm-none-eabi-gcc -nostdlib -L"C:\Users\dell\Documents\GitHub\DDL\workspace_AA\CMSIS_CORE_LPC11xx\Debug" -Xlinker -Map="lab4.map" -Xlinker --gc-sections -Xlinker -print-memory-usage -mcpu=cortex-m0 -mthumb -T "lab4_Debug.ld" -o "lab4.axf"  ./src/cr_startup_lpc11xx.o ./src/crp.o ./src/lab4.o  ./driver/adc.o ./driver/can.o ./driver/clkconfig.o ./driver/crp.o ./driver/i2c.o ./driver/i2cslave.o ./driver/lpc_swu.o ./driver/rs485.o ./driver/small_gpio.o ./driver/ssp.o ./driver/timer16.o ./driver/uart.o ./driver/wdt.o   -lCMSIS_CORE_LPC11xx
Memory region         Used Size  Region Size  %age Used
        MFlash64:        1248 B        64 KB      1.90%
         RamLoc8:          40 B         8 KB      0.49%
Finished building target: lab4.axf
 
make --no-print-directory post-build
Performing post-build steps
arm-none-eabi-size "lab4.axf"; # arm-none-eabi-objcopy -v -O binary "lab4.axf" "lab4.bin" ; # checksum -p LPC1115_303 -d "lab4.bin";
   text	   data	    bss	    dec	    hex	filename
   1248	      0	     40	   1288	    508	lab4.axf
 
13:31:44 **** Incremental Build of configuration Debug for project CMSIS_CORE_LPC11xx ****
make -r all 
make: Nothing to be done for `all'.
13:31:46 **** Incremental Build of configuration Debug for project lab4 ****
make -r all 
make: Nothing to be done for `all'.
13:31:57 **** Incremental Build of configuration Debug for project CMSIS_CORE_LPC11xx ****
make -r all 
make: Nothing to be done for `all'.
13:31:59 **** Incremental Build of configuration Debug for project lab4 ****
make -r all 
make: Nothing to be done for `all'.
13:32:01 **** Incremental Build of configuration Debug for project lab4 ****
make -r all 
make: Nothing to be done for `all'.
13:37:41 **** Incremental Build of configuration Debug for project CMSIS_CORE_LPC11xx ****
make -r all 
make: Nothing to be done for `all'.
13:37:42 **** Incremental Build of configuration Debug for project lab4 ****
make -r all 
Building file: ../src/lab4.c
Invoking: MCU C Compiler
arm-none-eabi-gcc -DDEBUG -D__CODE_RED -DCORE_M0 -D__USE_CMSIS=CMSIS_CORE_LPC11xx -D__LPC11XX__ -D__REDLIB__ -I"C:\Users\dell\Documents\GitHub\DDL\workspace_AA\lab4\inc" -I"C:\Users\dell\Documents\GitHub\DDL\workspace_AA\lab4\driver" -I"C:\Users\dell\Documents\GitHub\DDL\workspace_AA\lab4\config" -I"C:\Users\dell\Documents\GitHub\DDL\workspace_AA\CMSIS_CORE_LPC11xx\inc" -O0 -fno-common -g3 -Wall -c -fmessage-length=0 -fno-builtin -ffunction-sections -fdata-sections -mcpu=cortex-m0 -mthumb -specs=redlib.specs -MMD -MP -MF"src/lab4.d" -MT"src/lab4.o" -MT"src/lab4.d" -o "src/lab4.o" "../src/lab4.c"
Finished building: ../src/lab4.c
 
Building target: lab4.axf
Invoking: MCU Linker
arm-none-eabi-gcc -nostdlib -L"C:\Users\dell\Documents\GitHub\DDL\workspace_AA\CMSIS_CORE_LPC11xx\Debug" -Xlinker -Map="lab4.map" -Xlinker --gc-sections -Xlinker -print-memory-usage -mcpu=cortex-m0 -mthumb -T "lab4_Debug.ld" -o "lab4.axf"  ./src/cr_startup_lpc11xx.o ./src/crp.o ./src/lab4.o  ./driver/adc.o ./driver/can.o ./driver/clkconfig.o ./driver/crp.o ./driver/i2c.o ./driver/i2cslave.o ./driver/lpc_swu.o ./driver/rs485.o ./driver/small_gpio.o ./driver/ssp.o ./driver/timer16.o ./driver/uart.o ./driver/wdt.o   -lCMSIS_CORE_LPC11xx
Memory region         Used Size  Region Size  %age Used
        MFlash64:        1260 B        64 KB      1.92%
         RamLoc8:          40 B         8 KB      0.49%
Finished building target: lab4.axf
 
make --no-print-directory post-build
Performing post-build steps
arm-none-eabi-size "lab4.axf"; # arm-none-eabi-objcopy -v -O binary "lab4.axf" "lab4.bin" ; # checksum -p LPC1115_303 -d "lab4.bin";
   text	   data	    bss	    dec	    hex	filename
   1260	      0	     40	   1300	    514	lab4.axf
 
13:37:58 **** Incremental Build of configuration Debug for project CMSIS_CORE_LPC11xx ****
make -r all 
make: Nothing to be done for `all'.
13:38:00 **** Incremental Build of configuration Debug for project lab4 ****
make -r all 
make: Nothing to be done for `all'.
13:38:01 **** Incremental Build of configuration Debug for project lab4 ****
make -r all 
make: Nothing to be done for `all'.
14:22:35 **** Incremental Build of configuration Debug for project CMSIS_CORE_LPC11xx ****
make -r all 
make: Nothing to be done for `all'.
14:22:39 **** Incremental Build of configuration Debug for project lab4 ****
make -r all 
Building file: ../src/lab4.c
Invoking: MCU C Compiler
arm-none-eabi-gcc -DDEBUG -D__CODE_RED -DCORE_M0 -D__USE_CMSIS=CMSIS_CORE_LPC11xx -D__LPC11XX__ -D__REDLIB__ -I"C:\Users\dell\Documents\GitHub\DDL\workspace_AA\lab4\inc" -I"C:\Users\dell\Documents\GitHub\DDL\workspace_AA\lab4\driver" -I"C:\Users\dell\Documents\GitHub\DDL\workspace_AA\lab4\config" -I"C:\Users\dell\Documents\GitHub\DDL\workspace_AA\CMSIS_CORE_LPC11xx\inc" -O0 -fno-common -g3 -Wall -c -fmessage-length=0 -fno-builtin -ffunction-sections -fdata-sections -mcpu=cortex-m0 -mthumb -specs=redlib.specs -MMD -MP -MF"src/lab4.d" -MT"src/lab4.o" -MT"src/lab4.d" -o "src/lab4.o" "../src/lab4.c"
Finished building: ../src/lab4.c
 
Building target: lab4.axf
Invoking: MCU Linker
arm-none-eabi-gcc -nostdlib -L"C:\Users\dell\Documents\GitHub\DDL\workspace_AA\CMSIS_CORE_LPC11xx\Debug" -Xlinker -Map="lab4.map" -Xlinker --gc-sections -Xlinker -print-memory-usage -mcpu=cortex-m0 -mthumb -T "lab4_Debug.ld" -o "lab4.axf"  ./src/cr_startup_lpc11xx.o ./src/crp.o ./src/lab4.o  ./driver/adc.o ./driver/can.o ./driver/clkconfig.o ./driver/crp.o ./driver/i2c.o ./driver/i2cslave.o ./driver/lpc_swu.o ./driver/rs485.o ./driver/small_gpio.o ./driver/ssp.o ./driver/timer16.o ./driver/uart.o ./driver/wdt.o   -lCMSIS_CORE_LPC11xx
Memory region         Used Size  Region Size  %age Used
        MFlash64:        1256 B        64 KB      1.92%
         RamLoc8:          40 B         8 KB      0.49%
Finished building target: lab4.axf
 
make --no-print-directory post-build
Performing post-build steps
arm-none-eabi-size "lab4.axf"; # arm-none-eabi-objcopy -v -O binary "lab4.axf" "lab4.bin" ; # checksum -p LPC1115_303 -d "lab4.bin";
   text	   data	    bss	    dec	    hex	filename
   1256	      0	     40	   1296	    510	lab4.axf
 
14:22:45 **** Incremental Build of configuration Debug for project CMSIS_CORE_LPC11xx ****
make -r all 
make: Nothing to be done for `all'.
14:22:47 **** Incremental Build of configuration Debug for project lab4 ****
make -r all 
make: Nothing to be done for `all'.
14:22:50 **** Incremental Build of configuration Debug for project lab4 ****
make -r all 
make: Nothing to be done for `all'.
14:26:24 **** Incremental Build of configuration Debug for project CMSIS_CORE_LPC11xx ****
make -r all 
make: Nothing to be done for `all'.
14:26:25 **** Incremental Build of configuration Debug for project lab4 ****
make -r all 
Building file: ../src/lab4.c
Invoking: MCU C Compiler
arm-none-eabi-gcc -DDEBUG -D__CODE_RED -DCORE_M0 -D__USE_CMSIS=CMSIS_CORE_LPC11xx -D__LPC11XX__ -D__REDLIB__ -I"C:\Users\dell\Documents\GitHub\DDL\workspace_AA\lab4\inc" -I"C:\Users\dell\Documents\GitHub\DDL\workspace_AA\lab4\driver" -I"C:\Users\dell\Documents\GitHub\DDL\workspace_AA\lab4\config" -I"C:\Users\dell\Documents\GitHub\DDL\workspace_AA\CMSIS_CORE_LPC11xx\inc" -O0 -fno-common -g3 -Wall -c -fmessage-length=0 -fno-builtin -ffunction-sections -fdata-sections -mcpu=cortex-m0 -mthumb -specs=redlib.specs -MMD -MP -MF"src/lab4.d" -MT"src/lab4.o" -MT"src/lab4.d" -o "src/lab4.o" "../src/lab4.c"
Finished building: ../src/lab4.c
 
Building target: lab4.axf
Invoking: MCU Linker
arm-none-eabi-gcc -nostdlib -L"C:\Users\dell\Documents\GitHub\DDL\workspace_AA\CMSIS_CORE_LPC11xx\Debug" -Xlinker -Map="lab4.map" -Xlinker --gc-sections -Xlinker -print-memory-usage -mcpu=cortex-m0 -mthumb -T "lab4_Debug.ld" -o "lab4.axf"  ./src/cr_startup_lpc11xx.o ./src/crp.o ./src/lab4.o  ./driver/adc.o ./driver/can.o ./driver/clkconfig.o ./driver/crp.o ./driver/i2c.o ./driver/i2cslave.o ./driver/lpc_swu.o ./driver/rs485.o ./driver/small_gpio.o ./driver/ssp.o ./driver/timer16.o ./driver/uart.o ./driver/wdt.o   -lCMSIS_CORE_LPC11xx
Memory region         Used Size  Region Size  %age Used
        MFlash64:        1272 B        64 KB      1.94%
         RamLoc8:          40 B         8 KB      0.49%
Finished building target: lab4.axf
 
make --no-print-directory post-build
Performing post-build steps
arm-none-eabi-size "lab4.axf"; # arm-none-eabi-objcopy -v -O binary "lab4.axf" "lab4.bin" ; # checksum -p LPC1115_303 -d "lab4.bin";
   text	   data	    bss	    dec	    hex	filename
   1272	      0	     40	   1312	    520	lab4.axf
 
14:26:40 **** Incremental Build of configuration Debug for project CMSIS_CORE_LPC11xx ****
make -r all 
make: Nothing to be done for `all'.
14:26:41 **** Incremental Build of configuration Debug for project lab4 ****
make -r all 
make: Nothing to be done for `all'.
14:26:44 **** Incremental Build of configuration Debug for project lab4 ****
make -r all 
make: Nothing to be done for `all'.
14:37:34 **** Incremental Build of configuration Debug for project CMSIS_CORE_LPC11xx ****
make -r all 
make: Nothing to be done for `all'.
14:37:35 **** Incremental Build of configuration Debug for project lab4 ****
make -r all 
Building file: ../src/lab4.c
Invoking: MCU C Compiler
arm-none-eabi-gcc -DDEBUG -D__CODE_RED -DCORE_M0 -D__USE_CMSIS=CMSIS_CORE_LPC11xx -D__LPC11XX__ -D__REDLIB__ -I"C:\Users\dell\Documents\GitHub\DDL\workspace_AA\lab4\inc" -I"C:\Users\dell\Documents\GitHub\DDL\workspace_AA\lab4\driver" -I"C:\Users\dell\Documents\GitHub\DDL\workspace_AA\lab4\config" -I"C:\Users\dell\Documents\GitHub\DDL\workspace_AA\CMSIS_CORE_LPC11xx\inc" -O0 -fno-common -g3 -Wall -c -fmessage-length=0 -fno-builtin -ffunction-sections -fdata-sections -mcpu=cortex-m0 -mthumb -specs=redlib.specs -MMD -MP -MF"src/lab4.d" -MT"src/lab4.o" -MT"src/lab4.d" -o "src/lab4.o" "../src/lab4.c"
Finished building: ../src/lab4.c
 
Building target: lab4.axf
Invoking: MCU Linker
arm-none-eabi-gcc -nostdlib -L"C:\Users\dell\Documents\GitHub\DDL\workspace_AA\CMSIS_CORE_LPC11xx\Debug" -Xlinker -Map="lab4.map" -Xlinker --gc-sections -Xlinker -print-memory-usage -mcpu=cortex-m0 -mthumb -T "lab4_Debug.ld" -o "lab4.axf"  ./src/cr_startup_lpc11xx.o ./src/crp.o ./src/lab4.o  ./driver/adc.o ./driver/can.o ./driver/clkconfig.o ./driver/crp.o ./driver/i2c.o ./driver/i2cslave.o ./driver/lpc_swu.o ./driver/rs485.o ./driver/small_gpio.o ./driver/ssp.o ./driver/timer16.o ./driver/uart.o ./driver/wdt.o   -lCMSIS_CORE_LPC11xx
Memory region         Used Size  Region Size  %age Used
        MFlash64:        1264 B        64 KB      1.93%
         RamLoc8:          40 B         8 KB      0.49%
Finished building target: lab4.axf
 
make --no-print-directory post-build
Performing post-build steps
arm-none-eabi-size "lab4.axf"; # arm-none-eabi-objcopy -v -O binary "lab4.axf" "lab4.bin" ; # checksum -p LPC1115_303 -d "lab4.bin";
   text	   data	    bss	    dec	    hex	filename
   1264	      0	     40	   1304	    518	lab4.axf
 
14:37:53 **** Incremental Build of configuration Debug for project CMSIS_CORE_LPC11xx ****
make -r all 
make: Nothing to be done for `all'.
14:37:54 **** Incremental Build of configuration Debug for project lab4 ****
make -r all 
make: Nothing to be done for `all'.
14:37:57 **** Incremental Build of configuration Debug for project lab4 ****
make -r all 
make: Nothing to be done for `all'.
20:23:35 **** Incremental Build of configuration Debug for project CMSIS_CORE_LPC11xx ****
make -r all 
make: Nothing to be done for `all'.
20:23:38 **** Build of configuration Default for project shit test ****
make all 
Cannot run program "make": Launching failed

Error: Program "make" not found in PATH
PATH=[C:/nxp/LPCXpresso_8.2.2_650/lpcxpresso/jre/bin/client;C:/nxp/LPCXpresso_8.2.2_650/lpcxpresso/jre/bin;C:/nxp/LPCXpresso_8.2.2_650/lpcxpresso/jre/lib/i386;C:\Program Files (x86)\Common Files\Oracle\Java\javapath;C:\ProgramData\Oracle\Java\javapath;C:\WINDOWS\system32;C:\WINDOWS;C:\WINDOWS\System32\Wbem;C:\WINDOWS\System32\WindowsPowerShell\v1.0\;C:\Program Files (x86)\Skype\Phone\;C:\Program Files (x86)\Wolfram Research\WolframScript\;C:\Program Files\MATLAB\R2018a\bin;C:\WINDOWS\System32\OpenSSH\;C:\ProgramData\Oracle\Java\javapath;C:\WINDOWS\system32;C:\WINDOWS;C:\WINDOWS\System32\Wbem;C:\WINDOWS\System32\WindowsPowerShell\v1.0\;C:\Program Files (x86)\Skype\Phone\;C:\Users\dell\AppData\Local\Microsoft\WindowsApps;C:\Users\dell\AppData\Local\atom\bin;C:\PYTHON27;C:\Users\dell\AppData\Local\Microsoft\WindowsApps;C:\altera\16.0\modelsim_ase\win32aloem;C:\intelFPGA\16.1\modelsim_ase\win32aloem;C:\intelFPGA_lite\16.1\modelsim_ase\win32aloem;C:\Users\dell\AppData\Local\GitHubDesktop\bin;C:\nxp\LPCXpresso_8.2.2_650\lpcxpresso;]
19:01:56 **** Incremental Build of configuration Debug for project CMSIS_CORE_LPC11xx ****
make -r all 
make: Nothing to be done for `all'.
19:01:59 **** Build of configuration Default for project DDL_Lab4 ****
make all 
Cannot run program "make": Launching failed

Error: Program "make" not found in PATH
PATH=[C:/nxp/LPCXpresso_8.2.2_650/lpcxpresso/jre/bin/client;C:/nxp/LPCXpresso_8.2.2_650/lpcxpresso/jre/bin;C:/nxp/LPCXpresso_8.2.2_650/lpcxpresso/jre/lib/i386;C:\Program Files (x86)\Common Files\Oracle\Java\javapath;C:\ProgramData\Oracle\Java\javapath;C:\WINDOWS\system32;C:\WINDOWS;C:\WINDOWS\System32\Wbem;C:\WINDOWS\System32\WindowsPowerShell\v1.0\;C:\Program Files (x86)\Skype\Phone\;C:\Program Files (x86)\Wolfram Research\WolframScript\;C:\Program Files\MATLAB\R2018a\bin;C:\WINDOWS\System32\OpenSSH\;C:\ProgramData\Oracle\Java\javapath;C:\WINDOWS\system32;C:\WINDOWS;C:\WINDOWS\System32\Wbem;C:\WINDOWS\System32\WindowsPowerShell\v1.0\;C:\Program Files (x86)\Skype\Phone\;C:\Users\dell\AppData\Local\Microsoft\WindowsApps;C:\Users\dell\AppData\Local\atom\bin;C:\PYTHON27;C:\Users\dell\AppData\Local\Microsoft\WindowsApps;C:\altera\16.0\modelsim_ase\win32aloem;C:\intelFPGA\16.1\modelsim_ase\win32aloem;C:\intelFPGA_lite\16.1\modelsim_ase\win32aloem;C:\Users\dell\AppData\Local\GitHubDesktop\bin;C:\nxp\LPCXpresso_8.2.2_650\lpcxpresso;]
19:09:37 **** Incremental Build of configuration Debug for project CMSIS_CORE_LPC11xx ****
make -r all 
make: Nothing to be done for `all'.
19:09:40 **** Build of configuration Default for project DDL_Lab4 ****
make all 
Cannot run program "make": Launching failed

Error: Program "make" not found in PATH
PATH=[C:/nxp/LPCXpresso_8.2.2_650/lpcxpresso/jre/bin/client;C:/nxp/LPCXpresso_8.2.2_650/lpcxpresso/jre/bin;C:/nxp/LPCXpresso_8.2.2_650/lpcxpresso/jre/lib/i386;C:\Program Files (x86)\Common Files\Oracle\Java\javapath;C:\ProgramData\Oracle\Java\javapath;C:\WINDOWS\system32;C:\WINDOWS;C:\WINDOWS\System32\Wbem;C:\WINDOWS\System32\WindowsPowerShell\v1.0\;C:\Program Files (x86)\Skype\Phone\;C:\Program Files (x86)\Wolfram Research\WolframScript\;C:\Program Files\MATLAB\R2018a\bin;C:\WINDOWS\System32\OpenSSH\;C:\ProgramData\Oracle\Java\javapath;C:\WINDOWS\system32;C:\WINDOWS;C:\WINDOWS\System32\Wbem;C:\WINDOWS\System32\WindowsPowerShell\v1.0\;C:\Program Files (x86)\Skype\Phone\;C:\Users\dell\AppData\Local\Microsoft\WindowsApps;C:\Users\dell\AppData\Local\atom\bin;C:\PYTHON27;C:\Users\dell\AppData\Local\Microsoft\WindowsApps;C:\altera\16.0\modelsim_ase\win32aloem;C:\intelFPGA\16.1\modelsim_ase\win32aloem;C:\intelFPGA_lite\16.1\modelsim_ase\win32aloem;C:\Users\dell\AppData\Local\GitHubDesktop\bin;C:\nxp\LPCXpresso_8.2.2_650\lpcxpresso;]
19:12:45 **** Incremental Build of configuration Debug for project CMSIS_CORE_LPC11xx ****
make -r all 
make: Nothing to be done for `all'.
19:12:47 **** Incremental Build of configuration Debug for project lab4 ****
make -r all 
Building file: ../src/cr_startup_lpc11xx.c
Invoking: MCU C Compiler
arm-none-eabi-gcc -DDEBUG -D__CODE_RED -DCORE_M0 -D__USE_CMSIS=CMSIS_CORE_LPC11xx -D__LPC11XX__ -D__REDLIB__ -I"C:\Users\dell\Documents\GitHub\DDL\workspace_AA\lab4\inc" -I"C:\Users\dell\Documents\GitHub\DDL\workspace_AA\lab4\driver" -I"C:\Users\dell\Documents\GitHub\DDL\workspace_AA\lab4\config" -I"C:\Users\dell\Documents\GitHub\DDL\workspace_AA\CMSIS_CORE_LPC11xx\inc" -O0 -fno-common -g3 -Wall -c -fmessage-length=0 -fno-builtin -ffunction-sections -fdata-sections -mcpu=cortex-m0 -mthumb -specs=redlib.specs -MMD -MP -MF"src/cr_startup_lpc11xx.d" -MT"src/cr_startup_lpc11xx.o" -MT"src/cr_startup_lpc11xx.d" -o "src/cr_startup_lpc11xx.o" "../src/cr_startup_lpc11xx.c"
Finished building: ../src/cr_startup_lpc11xx.c
 
Building file: ../src/crp.c
Invoking: MCU C Compiler
arm-none-eabi-gcc -DDEBUG -D__CODE_RED -DCORE_M0 -D__USE_CMSIS=CMSIS_CORE_LPC11xx -D__LPC11XX__ -D__REDLIB__ -I"C:\Users\dell\Documents\GitHub\DDL\workspace_AA\lab4\inc" -I"C:\Users\dell\Documents\GitHub\DDL\workspace_AA\lab4\driver" -I"C:\Users\dell\Documents\GitHub\DDL\workspace_AA\lab4\config" -I"C:\Users\dell\Documents\GitHub\DDL\workspace_AA\CMSIS_CORE_LPC11xx\inc" -O0 -fno-common -g3 -Wall -c -fmessage-length=0 -fno-builtin -ffunction-sections -fdata-sections -mcpu=cortex-m0 -mthumb -specs=redlib.specs -MMD -MP -MF"src/crp.d" -MT"src/crp.o" -MT"src/crp.d" -o "src/crp.o" "../src/crp.c"
Finished building: ../src/crp.c
 
Building file: ../src/lab4.c
Invoking: MCU C Compiler
arm-none-eabi-gcc -DDEBUG -D__CODE_RED -DCORE_M0 -D__USE_CMSIS=CMSIS_CORE_LPC11xx -D__LPC11XX__ -D__REDLIB__ -I"C:\Users\dell\Documents\GitHub\DDL\workspace_AA\lab4\inc" -I"C:\Users\dell\Documents\GitHub\DDL\workspace_AA\lab4\driver" -I"C:\Users\dell\Documents\GitHub\DDL\workspace_AA\lab4\config" -I"C:\Users\dell\Documents\GitHub\DDL\workspace_AA\CMSIS_CORE_LPC11xx\inc" -O0 -fno-common -g3 -Wall -c -fmessage-length=0 -fno-builtin -ffunction-sections -fdata-sections -mcpu=cortex-m0 -mthumb -specs=redlib.specs -MMD -MP -MF"src/lab4.d" -MT"src/lab4.o" -MT"src/lab4.d" -o "src/lab4.o" "../src/lab4.c"
Finished building: ../src/lab4.c
 
Building file: ../driver/adc.c
Invoking: MCU C Compiler
arm-none-eabi-gcc -DDEBUG -D__CODE_RED -DCORE_M0 -D__USE_CMSIS=CMSIS_CORE_LPC11xx -D__LPC11XX__ -D__REDLIB__ -I"C:\Users\dell\Documents\GitHub\DDL\workspace_AA\lab4\inc" -I"C:\Users\dell\Documents\GitHub\DDL\workspace_AA\lab4\driver" -I"C:\Users\dell\Documents\GitHub\DDL\workspace_AA\lab4\config" -I"C:\Users\dell\Documents\GitHub\DDL\workspace_AA\CMSIS_CORE_LPC11xx\inc" -O0 -fno-common -g3 -Wall -c -fmessage-length=0 -fno-builtin -ffunction-sections -fdata-sections -mcpu=cortex-m0 -mthumb -specs=redlib.specs -MMD -MP -MF"driver/adc.d" -MT"driver/adc.o" -MT"driver/adc.d" -o "driver/adc.o" "../driver/adc.c"
Finished building: ../driver/adc.c
 
Building file: ../driver/can.c
Invoking: MCU C Compiler
arm-none-eabi-gcc -DDEBUG -D__CODE_RED -DCORE_M0 -D__USE_CMSIS=CMSIS_CORE_LPC11xx -D__LPC11XX__ -D__REDLIB__ -I"C:\Users\dell\Documents\GitHub\DDL\workspace_AA\lab4\inc" -I"C:\Users\dell\Documents\GitHub\DDL\workspace_AA\lab4\driver" -I"C:\Users\dell\Documents\GitHub\DDL\workspace_AA\lab4\config" -I"C:\Users\dell\Documents\GitHub\DDL\workspace_AA\CMSIS_CORE_LPC11xx\inc" -O0 -fno-common -g3 -Wall -c -fmessage-length=0 -fno-builtin -ffunction-sections -fdata-sections -mcpu=cortex-m0 -mthumb -specs=redlib.specs -MMD -MP -MF"driver/can.d" -MT"driver/can.o" -MT"driver/can.d" -o "driver/can.o" "../driver/can.c"
Finished building: ../driver/can.c
 
Building file: ../driver/clkconfig.c
Invoking: MCU C Compiler
arm-none-eabi-gcc -DDEBUG -D__CODE_RED -DCORE_M0 -D__USE_CMSIS=CMSIS_CORE_LPC11xx -D__LPC11XX__ -D__REDLIB__ -I"C:\Users\dell\Documents\GitHub\DDL\workspace_AA\lab4\inc" -I"C:\Users\dell\Documents\GitHub\DDL\workspace_AA\lab4\driver" -I"C:\Users\dell\Documents\GitHub\DDL\workspace_AA\lab4\config" -I"C:\Users\dell\Documents\GitHub\DDL\workspace_AA\CMSIS_CORE_LPC11xx\inc" -O0 -fno-common -g3 -Wall -c -fmessage-length=0 -fno-builtin -ffunction-sections -fdata-sections -mcpu=cortex-m0 -mthumb -specs=redlib.specs -MMD -MP -MF"driver/clkconfig.d" -MT"driver/clkconfig.o" -MT"driver/clkconfig.d" -o "driver/clkconfig.o" "../driver/clkconfig.c"
Finished building: ../driver/clkconfig.c
 
Building file: ../driver/crp.c
Invoking: MCU C Compiler
arm-none-eabi-gcc -DDEBUG -D__CODE_RED -DCORE_M0 -D__USE_CMSIS=CMSIS_CORE_LPC11xx -D__LPC11XX__ -D__REDLIB__ -I"C:\Users\dell\Documents\GitHub\DDL\workspace_AA\lab4\inc" -I"C:\Users\dell\Documents\GitHub\DDL\workspace_AA\lab4\driver" -I"C:\Users\dell\Documents\GitHub\DDL\workspace_AA\lab4\config" -I"C:\Users\dell\Documents\GitHub\DDL\workspace_AA\CMSIS_CORE_LPC11xx\inc" -O0 -fno-common -g3 -Wall -c -fmessage-length=0 -fno-builtin -ffunction-sections -fdata-sections -mcpu=cortex-m0 -mthumb -specs=redlib.specs -MMD -MP -MF"driver/crp.d" -MT"driver/crp.o" -MT"driver/crp.d" -o "driver/crp.o" "../driver/crp.c"
Finished building: ../driver/crp.c
 
Building file: ../driver/i2c.c
Invoking: MCU C Compiler
arm-none-eabi-gcc -DDEBUG -D__CODE_RED -DCORE_M0 -D__USE_CMSIS=CMSIS_CORE_LPC11xx -D__LPC11XX__ -D__REDLIB__ -I"C:\Users\dell\Documents\GitHub\DDL\workspace_AA\lab4\inc" -I"C:\Users\dell\Documents\GitHub\DDL\workspace_AA\lab4\driver" -I"C:\Users\dell\Documents\GitHub\DDL\workspace_AA\lab4\config" -I"C:\Users\dell\Documents\GitHub\DDL\workspace_AA\CMSIS_CORE_LPC11xx\inc" -O0 -fno-common -g3 -Wall -c -fmessage-length=0 -fno-builtin -ffunction-sections -fdata-sections -mcpu=cortex-m0 -mthumb -specs=redlib.specs -MMD -MP -MF"driver/i2c.d" -MT"driver/i2c.o" -MT"driver/i2c.d" -o "driver/i2c.o" "../driver/i2c.c"
Finished building: ../driver/i2c.c
 
Building file: ../driver/i2cslave.c
Invoking: MCU C Compiler
arm-none-eabi-gcc -DDEBUG -D__CODE_RED -DCORE_M0 -D__USE_CMSIS=CMSIS_CORE_LPC11xx -D__LPC11XX__ -D__REDLIB__ -I"C:\Users\dell\Documents\GitHub\DDL\workspace_AA\lab4\inc" -I"C:\Users\dell\Documents\GitHub\DDL\workspace_AA\lab4\driver" -I"C:\Users\dell\Documents\GitHub\DDL\workspace_AA\lab4\config" -I"C:\Users\dell\Documents\GitHub\DDL\workspace_AA\CMSIS_CORE_LPC11xx\inc" -O0 -fno-common -g3 -Wall -c -fmessage-length=0 -fno-builtin -ffunction-sections -fdata-sections -mcpu=cortex-m0 -mthumb -specs=redlib.specs -MMD -MP -MF"driver/i2cslave.d" -MT"driver/i2cslave.o" -MT"driver/i2cslave.d" -o "driver/i2cslave.o" "../driver/i2cslave.c"
Finished building: ../driver/i2cslave.c
 
Building file: ../driver/lpc_swu.c
Invoking: MCU C Compiler
arm-none-eabi-gcc -DDEBUG -D__CODE_RED -DCORE_M0 -D__USE_CMSIS=CMSIS_CORE_LPC11xx -D__LPC11XX__ -D__REDLIB__ -I"C:\Users\dell\Documents\GitHub\DDL\workspace_AA\lab4\inc" -I"C:\Users\dell\Documents\GitHub\DDL\workspace_AA\lab4\driver" -I"C:\Users\dell\Documents\GitHub\DDL\workspace_AA\lab4\config" -I"C:\Users\dell\Documents\GitHub\DDL\workspace_AA\CMSIS_CORE_LPC11xx\inc" -O0 -fno-common -g3 -Wall -c -fmessage-length=0 -fno-builtin -ffunction-sections -fdata-sections -mcpu=cortex-m0 -mthumb -specs=redlib.specs -MMD -MP -MF"driver/lpc_swu.d" -MT"driver/lpc_swu.o" -MT"driver/lpc_swu.d" -o "driver/lpc_swu.o" "../driver/lpc_swu.c"
Finished building: ../driver/lpc_swu.c
 
Building file: ../driver/rs485.c
Invoking: MCU C Compiler
arm-none-eabi-gcc -DDEBUG -D__CODE_RED -DCORE_M0 -D__USE_CMSIS=CMSIS_CORE_LPC11xx -D__LPC11XX__ -D__REDLIB__ -I"C:\Users\dell\Documents\GitHub\DDL\workspace_AA\lab4\inc" -I"C:\Users\dell\Documents\GitHub\DDL\workspace_AA\lab4\driver" -I"C:\Users\dell\Documents\GitHub\DDL\workspace_AA\lab4\config" -I"C:\Users\dell\Documents\GitHub\DDL\workspace_AA\CMSIS_CORE_LPC11xx\inc" -O0 -fno-common -g3 -Wall -c -fmessage-length=0 -fno-builtin -ffunction-sections -fdata-sections -mcpu=cortex-m0 -mthumb -specs=redlib.specs -MMD -MP -MF"driver/rs485.d" -MT"driver/rs485.o" -MT"driver/rs485.d" -o "driver/rs485.o" "../driver/rs485.c"
Finished building: ../driver/rs485.c
 
Building file: ../driver/small_gpio.c
Invoking: MCU C Compiler
arm-none-eabi-gcc -DDEBUG -D__CODE_RED -DCORE_M0 -D__USE_CMSIS=CMSIS_CORE_LPC11xx -D__LPC11XX__ -D__REDLIB__ -I"C:\Users\dell\Documents\GitHub\DDL\workspace_AA\lab4\inc" -I"C:\Users\dell\Documents\GitHub\DDL\workspace_AA\lab4\driver" -I"C:\Users\dell\Documents\GitHub\DDL\workspace_AA\lab4\config" -I"C:\Users\dell\Documents\GitHub\DDL\workspace_AA\CMSIS_CORE_LPC11xx\inc" -O0 -fno-common -g3 -Wall -c -fmessage-length=0 -fno-builtin -ffunction-sections -fdata-sections -mcpu=cortex-m0 -mthumb -specs=redlib.specs -MMD -MP -MF"driver/small_gpio.d" -MT"driver/small_gpio.o" -MT"driver/small_gpio.d" -o "driver/small_gpio.o" "../driver/small_gpio.c"
Finished building: ../driver/small_gpio.c
 
Building file: ../driver/ssp.c
Invoking: MCU C Compiler
arm-none-eabi-gcc -DDEBUG -D__CODE_RED -DCORE_M0 -D__USE_CMSIS=CMSIS_CORE_LPC11xx -D__LPC11XX__ -D__REDLIB__ -I"C:\Users\dell\Documents\GitHub\DDL\workspace_AA\lab4\inc" -I"C:\Users\dell\Documents\GitHub\DDL\workspace_AA\lab4\driver" -I"C:\Users\dell\Documents\GitHub\DDL\workspace_AA\lab4\config" -I"C:\Users\dell\Documents\GitHub\DDL\workspace_AA\CMSIS_CORE_LPC11xx\inc" -O0 -fno-common -g3 -Wall -c -fmessage-length=0 -fno-builtin -ffunction-sections -fdata-sections -mcpu=cortex-m0 -mthumb -specs=redlib.specs -MMD -MP -MF"driver/ssp.d" -MT"driver/ssp.o" -MT"driver/ssp.d" -o "driver/ssp.o" "../driver/ssp.c"
Finished building: ../driver/ssp.c
 
Building file: ../driver/timer16.c
Invoking: MCU C Compiler
arm-none-eabi-gcc -DDEBUG -D__CODE_RED -DCORE_M0 -D__USE_CMSIS=CMSIS_CORE_LPC11xx -D__LPC11XX__ -D__REDLIB__ -I"C:\Users\dell\Documents\GitHub\DDL\workspace_AA\lab4\inc" -I"C:\Users\dell\Documents\GitHub\DDL\workspace_AA\lab4\driver" -I"C:\Users\dell\Documents\GitHub\DDL\workspace_AA\lab4\config" -I"C:\Users\dell\Documents\GitHub\DDL\workspace_AA\CMSIS_CORE_LPC11xx\inc" -O0 -fno-common -g3 -Wall -c -fmessage-length=0 -fno-builtin -ffunction-sections -fdata-sections -mcpu=cortex-m0 -mthumb -specs=redlib.specs -MMD -MP -MF"driver/timer16.d" -MT"driver/timer16.o" -MT"driver/timer16.d" -o "driver/timer16.o" "../driver/timer16.c"
Finished building: ../driver/timer16.c
 
Building file: ../driver/uart.c
Invoking: MCU C Compiler
arm-none-eabi-gcc -DDEBUG -D__CODE_RED -DCORE_M0 -D__USE_CMSIS=CMSIS_CORE_LPC11xx -D__LPC11XX__ -D__REDLIB__ -I"C:\Users\dell\Documents\GitHub\DDL\workspace_AA\lab4\inc" -I"C:\Users\dell\Documents\GitHub\DDL\workspace_AA\lab4\driver" -I"C:\Users\dell\Documents\GitHub\DDL\workspace_AA\lab4\config" -I"C:\Users\dell\Documents\GitHub\DDL\workspace_AA\CMSIS_CORE_LPC11xx\inc" -O0 -fno-common -g3 -Wall -c -fmessage-length=0 -fno-builtin -ffunction-sections -fdata-sections -mcpu=cortex-m0 -mthumb -specs=redlib.specs -MMD -MP -MF"driver/uart.d" -MT"driver/uart.o" -MT"driver/uart.d" -o "driver/uart.o" "../driver/uart.c"
Finished building: ../driver/uart.c
 
Building file: ../driver/wdt.c
Invoking: MCU C Compiler
arm-none-eabi-gcc -DDEBUG -D__CODE_RED -DCORE_M0 -D__USE_CMSIS=CMSIS_CORE_LPC11xx -D__LPC11XX__ -D__REDLIB__ -I"C:\Users\dell\Documents\GitHub\DDL\workspace_AA\lab4\inc" -I"C:\Users\dell\Documents\GitHub\DDL\workspace_AA\lab4\driver" -I"C:\Users\dell\Documents\GitHub\DDL\workspace_AA\lab4\config" -I"C:\Users\dell\Documents\GitHub\DDL\workspace_AA\CMSIS_CORE_LPC11xx\inc" -O0 -fno-common -g3 -Wall -c -fmessage-length=0 -fno-builtin -ffunction-sections -fdata-sections -mcpu=cortex-m0 -mthumb -specs=redlib.specs -MMD -MP -MF"driver/wdt.d" -MT"driver/wdt.o" -MT"driver/wdt.d" -o "driver/wdt.o" "../driver/wdt.c"
Finished building: ../driver/wdt.c
 
Building target: lab4.axf
Invoking: MCU Linker
arm-none-eabi-gcc -nostdlib -L"C:\Users\dell\Documents\GitHub\DDL\workspace_AA\CMSIS_CORE_LPC11xx\Debug" -Xlinker -Map="lab4.map" -Xlinker --gc-sections -Xlinker -print-memory-usage -mcpu=cortex-m0 -mthumb -T "lab4_Debug.ld" &Heap:Default;Post Data;Default&Stack:Default;End;Default -o "lab4.axf"  ./src/cr_startup_lpc11xx.o ./src/crp.o ./src/lab4.o  ./driver/adc.o ./driver/can.o ./driver/clkconfig.o ./driver/crp.o ./driver/i2c.o ./driver/i2cslave.o ./driver/lpc_swu.o ./driver/rs485.o ./driver/small_gpio.o ./driver/ssp.o ./driver/timer16.o ./driver/uart.o ./driver/wdt.o   -lCMSIS_CORE_LPC11xx
/bin/sh: Heap:Default: command not found
/bin/sh: Post: command not found
/bin/sh: Default: command not found
/bin/sh: Stack:Default: command not found
/bin/sh: End: command not found
/bin/sh: Default: command not found
make: *** [lab4.axf] Error 127
Memory region         Used Size  Region Size  %age Used
        MFlash64:         764 B        64 KB      1.17%
c:/nxp/lpcxpresso_8.2.2_650/lpcxpresso/tools/bin/../lib/gcc/arm-none-eabi/5.4.1/../../../../arm-none-eabi/bin/ld.exe: Linker CRP Enabled, but no CRP_WORD provided within application
         RamLoc8:          0 GB         8 KB      0.00%
c:/nxp/lpcxpresso_8.2.2_650/lpcxpresso/tools/bin/../lib/gcc/arm-none-eabi/5.4.1/../../../../arm-none-eabi/bin/ld.exe: warning: cannot find entry symbol ResetISR; defaulting to 00000000
collect2.exe: error: ld returned 1 exit status
19:14:40 **** Incremental Build of configuration Debug for project CMSIS_CORE_LPC11xx ****
make -r all 
make: Nothing to be done for `all'.
19:14:41 **** Incremental Build of configuration Debug for project lab4 ****
make -r all 
Building file: ../src/lab4.c
Invoking: MCU C Compiler
arm-none-eabi-gcc -DDEBUG -D__CODE_RED -DCORE_M0 -D__USE_CMSIS=CMSIS_CORE_LPC11xx -D__LPC11XX__ -D__REDLIB__ -I"C:\Users\dell\Documents\GitHub\DDL\workspace_AA\lab4\inc" -I"C:\Users\dell\Documents\GitHub\DDL\workspace_AA\lab4\driver" -I"C:\Users\dell\Documents\GitHub\DDL\workspace_AA\lab4\config" -I"C:\Users\dell\Documents\GitHub\DDL\workspace_AA\CMSIS_CORE_LPC11xx\inc" -O0 -fno-common -g3 -Wall -c -fmessage-length=0 -fno-builtin -ffunction-sections -fdata-sections -mcpu=cortex-m0 -mthumb -specs=redlib.specs -MMD -MP -MF"src/lab4.d" -MT"src/lab4.o" -MT"src/lab4.d" -o "src/lab4.o" "../src/lab4.c"
Finished building: ../src/lab4.c
 
Building target: lab4.axf
Invoking: MCU Linker
arm-none-eabi-gcc -nostdlib -L"C:\Users\dell\Documents\GitHub\DDL\workspace_AA\CMSIS_CORE_LPC11xx\Debug" -Xlinker -Map="lab4.map" -Xlinker --gc-sections -Xlinker -print-memory-usage -mcpu=cortex-m0 -mthumb -T "lab4_Debug.ld" &Heap:Default;Post Data;Default&Stack:Default;End;Default -o "lab4.axf"  ./src/cr_startup_lpc11xx.o ./src/crp.o ./src/lab4.o  ./driver/adc.o ./driver/can.o ./driver/clkconfig.o ./driver/crp.o ./driver/i2c.o ./driver/i2cslave.o ./driver/lpc_swu.o ./driver/rs485.o ./driver/small_gpio.o ./driver/ssp.o ./driver/timer16.o ./driver/uart.o ./driver/wdt.o   -lCMSIS_CORE_LPC11xx
/bin/sh: Heap:Default: command not found
/bin/sh: Post: command not found
/bin/sh: Default: command not found
/bin/sh: Stack:Default: command not found
Memory region         Used Size  Region Size  %age Used
        MFlash64:         764 B        64 KB      1.17%
c:/nxp/lpcxpresso_8.2.2_650/lpcxpresso/tools/bin/../lib/gcc/arm-none-eabi/5.4.1/../../../../arm-none-eabi/bin/ld.exe: Linker CRP Enabled, but no CRP_WORD provided within application
c:/nxp/lpcxpresso_8.2.2_650/lpcxpresso/tools/bin/../lib/gcc/arm-none-eabi/5.4.1/../../../../arm-none-eabi/bin/ld.exe: warning: cannot find entry symbol ResetISR; defaulting to 00000000
collect2.exe: error: ld returned 1 exit status
         RamLoc8:          0 GB         8 KB      0.00%
/bin/sh: End: command not found
/bin/sh: Default: command not found
make: *** [lab4.axf] Error 127
19:16:31 **** Incremental Build of configuration Debug for project CMSIS_CORE_LPC11xx ****
make -r all 
make: Nothing to be done for `all'.
19:16:33 **** Build of configuration Debug for project DDL4 ****
make -r all 
Building file: ../src/DDL4.c
Invoking: MCU C Compiler
arm-none-eabi-gcc -DDEBUG -D__CODE_RED -DCORE_M0 -D__USE_CMSIS=CMSIS_CORE_LPC11xx -D__LPC11XX__ -D__REDLIB__ -I"C:\Users\dell\Documents\GitHub\DDL\workspace_AA\DDL4\inc" -I"C:\Users\dell\Documents\GitHub\DDL\workspace_AA\CMSIS_CORE_LPC11xx\inc" -O0 -fno-common -g3 -Wall -c -fmessage-length=0 -fno-builtin -ffunction-sections -fdata-sections -mcpu=cortex-m0 -mthumb -specs=redlib.specs -MMD -MP -MF"src/DDL4.d" -MT"src/DDL4.o" -MT"src/DDL4.d" -o "src/DDL4.o" "../src/DDL4.c"
Finished building: ../src/DDL4.c
 
Building file: ../src/cr_startup_lpc11xx.c
Invoking: MCU C Compiler
arm-none-eabi-gcc -DDEBUG -D__CODE_RED -DCORE_M0 -D__USE_CMSIS=CMSIS_CORE_LPC11xx -D__LPC11XX__ -D__REDLIB__ -I"C:\Users\dell\Documents\GitHub\DDL\workspace_AA\DDL4\inc" -I"C:\Users\dell\Documents\GitHub\DDL\workspace_AA\CMSIS_CORE_LPC11xx\inc" -O0 -fno-common -g3 -Wall -c -fmessage-length=0 -fno-builtin -ffunction-sections -fdata-sections -mcpu=cortex-m0 -mthumb -specs=redlib.specs -MMD -MP -MF"src/cr_startup_lpc11xx.d" -MT"src/cr_startup_lpc11xx.o" -MT"src/cr_startup_lpc11xx.d" -o "src/cr_startup_lpc11xx.o" "../src/cr_startup_lpc11xx.c"
Finished building: ../src/cr_startup_lpc11xx.c
 
Building file: ../src/crp.c
Invoking: MCU C Compiler
arm-none-eabi-gcc -DDEBUG -D__CODE_RED -DCORE_M0 -D__USE_CMSIS=CMSIS_CORE_LPC11xx -D__LPC11XX__ -D__REDLIB__ -I"C:\Users\dell\Documents\GitHub\DDL\workspace_AA\DDL4\inc" -I"C:\Users\dell\Documents\GitHub\DDL\workspace_AA\CMSIS_CORE_LPC11xx\inc" -O0 -fno-common -g3 -Wall -c -fmessage-length=0 -fno-builtin -ffunction-sections -fdata-sections -mcpu=cortex-m0 -mthumb -specs=redlib.specs -MMD -MP -MF"src/crp.d" -MT"src/crp.o" -MT"src/crp.d" -o "src/crp.o" "../src/crp.c"
Finished building: ../src/crp.c
 
Building target: DDL4.axf
Invoking: MCU Linker
arm-none-eabi-gcc -nostdlib -L"C:\Users\dell\Documents\GitHub\DDL\workspace_AA\CMSIS_CORE_LPC11xx\Debug" -Xlinker -Map="DDL4.map" -Xlinker --gc-sections -Xlinker -print-memory-usage -mcpu=cortex-m0 -mthumb -T "DDL4_Debug.ld" -o "DDL4.axf"  ./src/DDL4.o ./src/cr_startup_lpc11xx.o ./src/crp.o   -lCMSIS_CORE_LPC11xx
Memory region         Used Size  Region Size  %age Used
        MFlash64:        1972 B        64 KB      3.01%
         RamLoc8:          28 B         8 KB      0.34%
Finished building target: DDL4.axf
 
make --no-print-directory post-build
Performing post-build steps
arm-none-eabi-size "DDL4.axf"; # arm-none-eabi-objcopy -v -O binary "DDL4.axf" "DDL4.bin" ; # checksum -p LPC1115_303 -d "DDL4.bin";
   text	   data	    bss	    dec	    hex	filename
   1968	      4	     24	   1996	    7cc	DDL4.axf
 
19:24:53 **** Incremental Build of configuration Debug for project CMSIS_CORE_LPC11xx ****
make -r all 
make: Nothing to be done for `all'.
19:24:55 **** Incremental Build of configuration Debug for project DDL4 ****
make -r all 
Building file: ../src/DDL4.c
Invoking: MCU C Compiler
arm-none-eabi-gcc -DDEBUG -D__CODE_RED -DCORE_M0 -D__USE_CMSIS=CMSIS_CORE_LPC11xx -D__LPC11XX__ -D__REDLIB__ -I"C:\Users\dell\Documents\GitHub\DDL\workspace_AA\DDL4\inc" -I"C:\Users\dell\Documents\GitHub\DDL\workspace_AA\CMSIS_CORE_LPC11xx\inc" -O0 -fno-common -g3 -Wall -c -fmessage-length=0 -fno-builtin -ffunction-sections -fdata-sections -mcpu=cortex-m0 -mthumb -specs=redlib.specs -MMD -MP -MF"src/DDL4.d" -MT"src/DDL4.o" -MT"src/DDL4.d" -o "src/DDL4.o" "../src/DDL4.c"
Finished building: ../src/DDL4.c
 
Building target: DDL4.axf
Invoking: MCU Linker
arm-none-eabi-gcc -nostdlib -L"C:\Users\dell\Documents\GitHub\DDL\workspace_AA\CMSIS_CORE_LPC11xx\Debug" -Xlinker -Map="DDL4.map" -Xlinker --gc-sections -Xlinker -print-memory-usage -mcpu=cortex-m0 -mthumb -T "DDL4_Debug.ld" -o "DDL4.axf"  ./src/DDL4.o ./src/cr_startup_lpc11xx.o ./src/crp.o   -lCMSIS_CORE_LPC11xx
Memory region         Used Size  Region Size  %age Used
        MFlash64:        1444 B        64 KB      2.20%
         RamLoc8:          0 GB         8 KB      0.00%
Finished building target: DDL4.axf
 
make --no-print-directory post-build
Performing post-build steps
arm-none-eabi-size "DDL4.axf"; # arm-none-eabi-objcopy -v -O binary "DDL4.axf" "DDL4.bin" ; # checksum -p LPC1115_303 -d "DDL4.bin";
   text	   data	    bss	    dec	    hex	filename
   1444	      0	      0	   1444	    5a4	DDL4.axf
 
19:56:49 **** Incremental Build of configuration Debug for project CMSIS_CORE_LPC11xx ****
make -r all 
make: Nothing to be done for `all'.
19:56:51 **** Incremental Build of configuration Debug for project DDL4 ****
make -r all 
Building file: ../src/DDL4.c
Invoking: MCU C Compiler
arm-none-eabi-gcc -DDEBUG -D__CODE_RED -DCORE_M0 -D__USE_CMSIS=CMSIS_CORE_LPC11xx -D__LPC11XX__ -D__REDLIB__ -I"C:\Users\dell\Documents\GitHub\DDL\workspace_AA\DDL4\inc" -I"C:\Users\dell\Documents\GitHub\DDL\workspace_AA\CMSIS_CORE_LPC11xx\inc" -O0 -fno-common -g3 -Wall -c -fmessage-length=0 -fno-builtin -ffunction-sections -fdata-sections -mcpu=cortex-m0 -mthumb -specs=redlib.specs -MMD -MP -MF"src/DDL4.d" -MT"src/DDL4.o" -MT"src/DDL4.d" -o "src/DDL4.o" "../src/DDL4.c"
Finished building: ../src/DDL4.c
 
Building target: DDL4.axf
Invoking: MCU Linker
arm-none-eabi-gcc -nostdlib -L"C:\Users\dell\Documents\GitHub\DDL\workspace_AA\CMSIS_CORE_LPC11xx\Debug" -Xlinker -Map="DDL4.map" -Xlinker --gc-sections -Xlinker -print-memory-usage -mcpu=cortex-m0 -mthumb -T "DDL4_Debug.ld" -o "DDL4.axf"  ./src/DDL4.o ./src/cr_startup_lpc11xx.o ./src/crp.o   -lCMSIS_CORE_LPC11xx
Memory region         Used Size  Region Size  %age Used
        MFlash64:        1484 B        64 KB      2.26%
         RamLoc8:          0 GB         8 KB      0.00%
Finished building target: DDL4.axf
 
make --no-print-directory post-build
Performing post-build steps
arm-none-eabi-size "DDL4.axf"; # arm-none-eabi-objcopy -v -O binary "DDL4.axf" "DDL4.bin" ; # checksum -p LPC1115_303 -d "DDL4.bin";
   text	   data	    bss	    dec	    hex	filename
   1484	      0	      0	   1484	    5cc	DDL4.axf
 
19:56:56 **** Incremental Build of configuration Debug for project CMSIS_CORE_LPC11xx ****
make -r all 
make: Nothing to be done for `all'.
19:56:57 **** Incremental Build of configuration Debug for project DDL4 ****
make -r all 
make: Nothing to be done for `all'.
19:57:00 **** Incremental Build of configuration Debug for project DDL4 ****
make -r all 
make: Nothing to be done for `all'.
