13:25:27 **** Incremental Build of configuration Debug for project CMSIS_CORE_LPC11xx ****
make -r all 
make: Nothing to be done for `all'.
13:25:29 **** Incremental Build of configuration Debug for project lab_3 ****
make -r all 
Building file: ../driver/crp.c
Invoking: MCU C Compiler
arm-none-eabi-gcc -DDEBUG -D__CODE_RED -DCORE_M0 -D__USE_CMSIS=CMSIS_CORE_LPC11xx -D__LPC11XX__ -D__REDLIB__ -I"C:\Users\dell\Documents\GitHub\DDL\workspace_AA\lab_3\inc" -I"C:\Users\dell\Documents\GitHub\DDL\workspace_AA\lab_3\driver" -I"C:\Users\dell\Documents\GitHub\DDL\workspace_AA\lab_3\config" -I"C:\Users\dell\Documents\GitHub\DDL\workspace_AA\CMSIS_CORE_LPC11xx\inc" -O0 -fno-common -g3 -Wall -c -fmessage-length=0 -fno-builtin -ffunction-sections -fdata-sections -mcpu=cortex-m0 -mthumb -specs=redlib.specs -MMD -MP -MF"driver/crp.d" -MT"driver/crp.o" -MT"driver/crp.d" -o "driver/crp.o" "../driver/crp.c"
Finished building: ../driver/crp.c
 
Building target: lab_3.axf
Invoking: MCU Linker
arm-none-eabi-gcc -nostdlib -L"C:\Users\dell\Documents\GitHub\DDL\workspace_AA\CMSIS_CORE_LPC11xx\Debug" -Xlinker -Map="lab_3.map" -Xlinker --gc-sections -Xlinker -print-memory-usage -mcpu=cortex-m0 -mthumb -T "lab_3_Debug.ld" -o "lab_3.axf"  ./src/cr_startup_lpc11xx.o ./src/crp.o ./src/main.o  ./driver/adc.o ./driver/clkconfig.o ./driver/crp.o ./driver/gpio.o ./driver/i2c.o ./driver/i2cslave.o ./driver/lpc_swu.o ./driver/rs485.o ./driver/small_gpio.o ./driver/ssp.o ./driver/timer32.o ./driver/uart.o ./driver/wdt.o   -lCMSIS_CORE_LPC11xx
Memory region         Used Size  Region Size  %age Used
        MFlash64:        2848 B        64 KB      4.35%
         RamLoc8:          52 B         8 KB      0.63%
Finished building target: lab_3.axf
 
make --no-print-directory post-build
Performing post-build steps
arm-none-eabi-size "lab_3.axf"; # arm-none-eabi-objcopy -v -O binary "lab_3.axf" "lab_3.bin" ; # checksum -p LPC1115_303 -d "lab_3.bin";
   text	   data	    bss	    dec	    hex	filename
   2844	      4	     48	   2896	    b50	lab_3.axf
 
13:26:59 **** Incremental Build of configuration Debug for project CMSIS_CORE_LPC11xx ****
make -r all 
make: Nothing to be done for `all'.
13:27:01 **** Incremental Build of configuration Debug for project lab_3 ****
make -r all 
make: Nothing to be done for `all'.
13:27:11 **** Incremental Build of configuration Debug for project CMSIS_CORE_LPC11xx ****
make -r all 
make: Nothing to be done for `all'.
13:27:13 **** Incremental Build of configuration Debug for project lab_3 ****
make -r all 
make: Nothing to be done for `all'.
13:27:52 **** Incremental Build of configuration Debug for project CMSIS_CORE_LPC11xx ****
make -r all 
make: Nothing to be done for `all'.
13:27:53 **** Incremental Build of configuration Debug for project lab_3 ****
make -r all 
make: Nothing to be done for `all'.
13:27:56 **** Incremental Build of configuration Debug for project lab_3 ****
make -r all 
make: Nothing to be done for `all'.
13:29:51 **** Incremental Build of configuration Debug for project CMSIS_CORE_LPC11xx ****
make -r all 
make: Nothing to be done for `all'.
13:29:52 **** Incremental Build of configuration Debug for project lab_3 ****
make -r all 
Building file: ../src/main.c
Invoking: MCU C Compiler
arm-none-eabi-gcc -DDEBUG -D__CODE_RED -DCORE_M0 -D__USE_CMSIS=CMSIS_CORE_LPC11xx -D__LPC11XX__ -D__REDLIB__ -I"C:\Users\dell\Documents\GitHub\DDL\workspace_AA\lab_3\inc" -I"C:\Users\dell\Documents\GitHub\DDL\workspace_AA\lab_3\driver" -I"C:\Users\dell\Documents\GitHub\DDL\workspace_AA\lab_3\config" -I"C:\Users\dell\Documents\GitHub\DDL\workspace_AA\CMSIS_CORE_LPC11xx\inc" -O0 -fno-common -g3 -Wall -c -fmessage-length=0 -fno-builtin -ffunction-sections -fdata-sections -mcpu=cortex-m0 -mthumb -specs=redlib.specs -MMD -MP -MF"src/main.d" -MT"src/main.o" -MT"src/main.d" -o "src/main.o" "../src/main.c"
../src/main.c: In function 'main':
../src/main.c:46:15: warning: variable 'fibnum' set but not used [-Wunused-but-set-variable]
      uint16_t fibnum;
               ^
Finished building: ../src/main.c
 
Building target: lab_3.axf
Invoking: MCU Linker
arm-none-eabi-gcc -nostdlib -L"C:\Users\dell\Documents\GitHub\DDL\workspace_AA\CMSIS_CORE_LPC11xx\Debug" -Xlinker -Map="lab_3.map" -Xlinker --gc-sections -Xlinker -print-memory-usage -mcpu=cortex-m0 -mthumb -T "lab_3_Debug.ld" -o "lab_3.axf"  ./src/cr_startup_lpc11xx.o ./src/crp.o ./src/main.o  ./driver/adc.o ./driver/clkconfig.o ./driver/crp.o ./driver/gpio.o ./driver/i2c.o ./driver/i2cslave.o ./driver/lpc_swu.o ./driver/rs485.o ./driver/small_gpio.o ./driver/ssp.o ./driver/timer32.o ./driver/uart.o ./driver/wdt.o   -lCMSIS_CORE_LPC11xx
Memory region         Used Size  Region Size  %age Used
        MFlash64:        2840 B        64 KB      4.33%
         RamLoc8:          52 B         8 KB      0.63%
Finished building target: lab_3.axf
 
make --no-print-directory post-build
Performing post-build steps
arm-none-eabi-size "lab_3.axf"; # arm-none-eabi-objcopy -v -O binary "lab_3.axf" "lab_3.bin" ; # checksum -p LPC1115_303 -d "lab_3.bin";
   text	   data	    bss	    dec	    hex	filename
   2836	      4	     48	   2888	    b48	lab_3.axf
 
13:29:56 **** Incremental Build of configuration Debug for project lab_3 ****
make -r all 
make: Nothing to be done for `all'.
