14:49:34 **** Incremental Build of configuration Debug for project lab4 ****
make -r all 
Building file: ../src/lab4.c
Invoking: MCU C Compiler
arm-none-eabi-gcc -DDEBUG -D__CODE_RED -DCORE_M0 -D__USE_CMSIS=CMSIS_CORE_LPC11xx -D__LPC11XX__ -D__REDLIB__ -I"C:\Users\dell\Documents\GitHub\DDL\workspace_AA\lab4\inc" -I"C:\Users\dell\Documents\GitHub\DDL\workspace_AA\lab4\driver" -I"C:\Users\dell\Documents\GitHub\DDL\workspace_AA\lab4\config" -I"C:\Users\dell\Documents\GitHub\DDL\workspace_AA\CMSIS_CORE_LPC11xx\inc" -O0 -fno-common -g3 -Wall -c -fmessage-length=0 -fno-builtin -ffunction-sections -fdata-sections -mcpu=cortex-m0 -mthumb -specs=redlib.specs -MMD -MP -MF"src/lab4.d" -MT"src/lab4.o" -MT"src/lab4.d" -o "src/lab4.o" "../src/lab4.c"
Finished building: ../src/lab4.c
 
Building target: lab4.axf
Invoking: MCU Linker
arm-none-eabi-gcc -nostdlib -L"C:\Users\dell\Documents\GitHub\DDL\workspace_AA\CMSIS_CORE_LPC11xx\Debug" -Xlinker -Map="lab4.map" -Xlinker --gc-sections -Xlinker -print-memory-usage -mcpu=cortex-m0 -mthumb -T "lab4_Debug.ld" -o "lab4.axf"  ./src/cr_startup_lpc11xx.o ./src/crp.o ./src/lab4.o  ./driver/adc.o ./driver/can.o ./driver/clkconfig.o ./driver/crp.o ./driver/i2c.o ./driver/i2cslave.o ./driver/lpc_swu.o ./driver/rs485.o ./driver/small_gpio.o ./driver/ssp.o ./driver/timer16.o ./driver/uart.o ./driver/wdt.o   -lCMSIS_CORE_LPC11xx
Memory region         Used Size  Region Size  %age Used
        MFlash64:        1236 B        64 KB      1.89%
         RamLoc8:          40 B         8 KB      0.49%
Finished building target: lab4.axf
 
make --no-print-directory post-build
Performing post-build steps
arm-none-eabi-size "lab4.axf"; # arm-none-eabi-objcopy -v -O binary "lab4.axf" "lab4.bin" ; # checksum -p LPC1115_303 -d "lab4.bin";
   text	   data	    bss	    dec	    hex	filename
   1236	      0	     40	   1276	    4fc	lab4.axf
 

14:49:35 Build Finished (took 1s.73ms)

