Archive member included to satisfy reference by file (symbol)

/usr/local/mcuxpressoide-10.2.1_795/ide/tools/bin/../lib/gcc/arm-none-eabi/7.2.1/../../../../arm-none-eabi/lib/thumb/v6-m/libcr_c.a(__weak__main.o)
                              ./src/cr_startup_lpc11xx.o (__main)

Discarded input sections

 .group         0x0000000000000000        0xc ./src/Lab3_DDL.o
 .group         0x0000000000000000        0xc ./src/Lab3_DDL.o
 .text          0x0000000000000000        0x0 ./src/Lab3_DDL.o
 .data          0x0000000000000000        0x0 ./src/Lab3_DDL.o
 .bss           0x0000000000000000        0x0 ./src/Lab3_DDL.o
 .group         0x0000000000000000        0xc ./src/cr_startup_lpc11xx.o
 .text          0x0000000000000000        0x0 ./src/cr_startup_lpc11xx.o
 .data          0x0000000000000000        0x0 ./src/cr_startup_lpc11xx.o
 .bss           0x0000000000000000        0x0 ./src/cr_startup_lpc11xx.o
 .debug_macro   0x0000000000000000      0xa54 ./src/cr_startup_lpc11xx.o
 .group         0x0000000000000000        0xc ./src/crp.o
 .group         0x0000000000000000        0xc ./src/crp.o
 .text          0x0000000000000000        0x0 ./src/crp.o
 .data          0x0000000000000000        0x0 ./src/crp.o
 .bss           0x0000000000000000        0x0 ./src/crp.o
 .debug_macro   0x0000000000000000      0xa54 ./src/crp.o
 .text          0x0000000000000000        0x0 /usr/local/mcuxpressoide-10.2.1_795/ide/tools/bin/../lib/gcc/arm-none-eabi/7.2.1/../../../../arm-none-eabi/lib/thumb/v6-m/libcr_c.a(__weak__main.o)
 .data          0x0000000000000000        0x0 /usr/local/mcuxpressoide-10.2.1_795/ide/tools/bin/../lib/gcc/arm-none-eabi/7.2.1/../../../../arm-none-eabi/lib/thumb/v6-m/libcr_c.a(__weak__main.o)
 .bss           0x0000000000000000        0x0 /usr/local/mcuxpressoide-10.2.1_795/ide/tools/bin/../lib/gcc/arm-none-eabi/7.2.1/../../../../arm-none-eabi/lib/thumb/v6-m/libcr_c.a(__weak__main.o)

Memory Configuration

Name             Origin             Length             Attributes
MFlash64         0x0000000000000000 0x0000000000010000 xr
RamLoc8          0x0000000010000000 0x0000000000002000 xrw
*default*        0x0000000000000000 0xffffffffffffffff

Linker script and memory map

LOAD ./src/Lab3_DDL.o
LOAD ./src/cr_startup_lpc11xx.o
LOAD ./src/crp.o
START GROUP
LOAD /usr/local/mcuxpressoide-10.2.1_795/ide/tools/bin/../lib/gcc/arm-none-eabi/7.2.1/../../../../arm-none-eabi/lib/thumb/v6-m/libcr_c.a
LOAD /usr/local/mcuxpressoide-10.2.1_795/ide/tools/bin/../lib/gcc/arm-none-eabi/7.2.1/thumb/v6-m/libcr_eabihelpers.a
END GROUP
                0x0000000000000000                __base_MFlash64 = 0x0
                0x0000000000000000                __base_Flash = 0x0
                0x0000000000010000                __top_MFlash64 = 0x10000
                0x0000000000010000                __top_Flash = 0x10000
                0x0000000010000000                __base_RamLoc8 = 0x10000000
                0x0000000010000000                __base_RAM = 0x10000000
                0x0000000010002000                __top_RamLoc8 = 0x10002000
                0x0000000010002000                __top_RAM = 0x10002000

.text           0x0000000000000000      0x31c
 FILL mask 0xff
                0x0000000000000000                __vectors_start__ = ABSOLUTE (.)
 *(.isr_vector)
 .isr_vector    0x0000000000000000       0xc0 ./src/cr_startup_lpc11xx.o
                0x0000000000000000                g_pfnVectors
                0x00000000000000c0                . = ALIGN (0x4)
                0x00000000000000c0                __section_table_start = .
                0x00000000000000c0                __data_section_table = .
                0x00000000000000c0        0x4 LONG 0x31c LOADADDR (.data)
                0x00000000000000c4        0x4 LONG 0x10000000 ADDR (.data)
                0x00000000000000c8        0x4 LONG 0x0 SIZEOF (.data)
                0x00000000000000cc                __data_section_table_end = .
                0x00000000000000cc                __bss_section_table = .
                0x00000000000000cc        0x4 LONG 0x10000000 ADDR (.bss)
                0x00000000000000d0        0x4 LONG 0x4 SIZEOF (.bss)
                0x00000000000000d4                __bss_section_table_end = .
                0x00000000000000d4                __section_table_end = .
 *(.after_vectors*)
 .after_vectors
                0x00000000000000d4      0x114 ./src/cr_startup_lpc11xx.o
                0x00000000000000d4                data_init
                0x0000000000000114                bss_init
                0x0000000000000148                ResetISR
                0x00000000000001c4                NMI_Handler
                0x00000000000001ca                HardFault_Handler
                0x00000000000001d0                SVC_Handler
                0x00000000000001d6                PendSV_Handler
                0x00000000000001dc                SysTick_Handler
                0x00000000000001e2                TIMER16_0_IRQHandler
                0x00000000000001e2                UART_IRQHandler
                0x00000000000001e2                TIMER32_0_IRQHandler
                0x00000000000001e2                TIMER32_1_IRQHandler
                0x00000000000001e2                IntDefaultHandler
                0x00000000000001e2                PIOINT1_IRQHandler
                0x00000000000001e2                CAN_IRQHandler
                0x00000000000001e2                SSP0_IRQHandler
                0x00000000000001e2                TIMER16_1_IRQHandler
                0x00000000000001e2                ADC_IRQHandler
                0x00000000000001e2                SSP1_IRQHandler
                0x00000000000001e2                PIOINT2_IRQHandler
                0x00000000000001e2                BOD_IRQHandler
                0x00000000000001e2                WAKEUP_IRQHandler
                0x00000000000001e2                PIOINT0_IRQHandler
                0x00000000000001e2                I2C_IRQHandler
                0x00000000000001e2                WDT_IRQHandler
                0x00000000000001e2                PIOINT3_IRQHandler
                0x00000000000002fc                . = 0x2fc
 *fill*         0x00000000000001e8      0x114 ff
                0x00000000000002fc                PROVIDE (__CRP_WORD_START__, .)
 *(.crp)
 .crp           0x00000000000002fc        0x4 ./src/crp.o
                0x00000000000002fc                CRP_WORD
                0x0000000000000300                PROVIDE (__CRP_WORD_END__, .)
                0x0000000000000001                ASSERT (! ((__CRP_WORD_START__ == __CRP_WORD_END__)), Linker CRP Enabled, but no CRP_WORD provided within application)
 *(.text*)
 .text.main     0x0000000000000300       0x14 ./src/Lab3_DDL.o
                0x0000000000000300                main
 .text.__weak_main
                0x0000000000000314        0x8 /usr/local/mcuxpressoide-10.2.1_795/ide/tools/bin/../lib/gcc/arm-none-eabi/7.2.1/../../../../arm-none-eabi/lib/thumb/v6-m/libcr_c.a(__weak__main.o)
                0x0000000000000314                __main
                0x0000000000000314                __weak_main
 *(.rodata .rodata.* .constdata .constdata.*)
                0x000000000000031c                . = ALIGN (0x4)

.glue_7         0x000000000000031c        0x0
 .glue_7        0x000000000000031c        0x0 linker stubs

.glue_7t        0x000000000000031c        0x0
 .glue_7t       0x000000000000031c        0x0 linker stubs

.vfp11_veneer   0x000000000000031c        0x0
 .vfp11_veneer  0x000000000000031c        0x0 linker stubs

.v4_bx          0x000000000000031c        0x0
 .v4_bx         0x000000000000031c        0x0 linker stubs

.iplt           0x000000000000031c        0x0
 .iplt          0x000000000000031c        0x0 ./src/Lab3_DDL.o

.rel.dyn        0x000000000000031c        0x0
 .rel.iplt      0x000000000000031c        0x0 ./src/Lab3_DDL.o

.ARM.extab
 *(.ARM.extab* .gnu.linkonce.armextab.*)
                0x000000000000031c                __exidx_start = .

.ARM.exidx
 *(.ARM.exidx* .gnu.linkonce.armexidx.*)
                0x000000000000031c                __exidx_end = .
                0x000000000000031c                _etext = .

.uninit_RESERVED
                0x0000000010000000        0x0
 *(.bss.$RESERVED*)
                0x0000000010000000                . = ALIGN (0x4)
                0x0000000010000000                _end_uninit_RESERVED = .

.data           0x0000000010000000        0x0 load address 0x000000000000031c
 FILL mask 0xff
                0x0000000010000000                _data = .
 *(vtable)
 *(.ramfunc*)
 *(.data*)
                0x0000000010000000                . = ALIGN (0x4)
                0x0000000010000000                _edata = .

.igot.plt       0x0000000010000000        0x0 load address 0x000000000000031c
 .igot.plt      0x0000000010000000        0x0 ./src/Lab3_DDL.o

.bss            0x0000000010000000        0x4 load address 0x000000000000031c
                0x0000000010000000                _bss = .
 *(.bss*)
 .bss.i.3621    0x0000000010000000        0x4 ./src/Lab3_DDL.o
 *(COMMON)
                0x0000000010000004                . = ALIGN (0x4)
                0x0000000010000004                _ebss = .
                [!provide]                        PROVIDE (end, .)

.noinit         0x0000000010000004        0x0 load address 0x000000000000031c
                0x0000000010000004                _noinit = .
 *(.noinit*)
                0x0000000010000004                . = ALIGN (0x4)
                0x0000000010000004                _end_noinit = .
                [!provide]                        PROVIDE (_pvHeapStart, DEFINED (__user_heap_base)?__user_heap_base:.)
                0x0000000010002000                PROVIDE (_vStackTop, DEFINED (__user_stack_top)?__user_stack_top:(__top_RamLoc8 - 0x0))
                0xffffffffefffdb27                PROVIDE (__valid_user_code_checksum, (0x0 - (((_vStackTop + (ResetISR + 0x1)) + (DEFINED (NMI_Handler)?NMI_Handler:M0_NMI_Handler + 0x1)) + (DEFINED (HardFault_Handler)?HardFault_Handler:M0_HardFault_Handler + 0x1))))
                0x0000000000000000                _image_start = LOADADDR (.text)
                0x000000000000031c                _image_end = (LOADADDR (.data) + SIZEOF (.data))
                0x000000000000031c                _image_size = (_image_end - _image_start)
OUTPUT(Lab3_DDL.axf elf32-littlearm)

.debug_info     0x0000000000000000      0x2a2
 .debug_info    0x0000000000000000       0x5f ./src/Lab3_DDL.o
 .debug_info    0x000000000000005f      0x204 ./src/cr_startup_lpc11xx.o
 .debug_info    0x0000000000000263       0x3f ./src/crp.o

.debug_abbrev   0x0000000000000000      0x17e
 .debug_abbrev  0x0000000000000000       0x54 ./src/Lab3_DDL.o
 .debug_abbrev  0x0000000000000054       0xf4 ./src/cr_startup_lpc11xx.o
 .debug_abbrev  0x0000000000000148       0x36 ./src/crp.o

.debug_aranges  0x0000000000000000       0x98
 .debug_aranges
                0x0000000000000000       0x20 ./src/Lab3_DDL.o
 .debug_aranges
                0x0000000000000020       0x60 ./src/cr_startup_lpc11xx.o
 .debug_aranges
                0x0000000000000080       0x18 ./src/crp.o

.debug_ranges   0x0000000000000000       0x60
 .debug_ranges  0x0000000000000000       0x10 ./src/Lab3_DDL.o
 .debug_ranges  0x0000000000000010       0x50 ./src/cr_startup_lpc11xx.o

.debug_macro    0x0000000000000000      0xb5b
 .debug_macro   0x0000000000000000       0x1a ./src/Lab3_DDL.o
 .debug_macro   0x000000000000001a      0xa54 ./src/Lab3_DDL.o
 .debug_macro   0x0000000000000a6e       0x82 ./src/Lab3_DDL.o
 .debug_macro   0x0000000000000af0       0x1d ./src/cr_startup_lpc11xx.o
 .debug_macro   0x0000000000000b0d       0x1a ./src/crp.o
 .debug_macro   0x0000000000000b27       0x34 ./src/crp.o

.debug_line     0x0000000000000000      0x1cc
 .debug_line    0x0000000000000000       0x9c ./src/Lab3_DDL.o
 .debug_line    0x000000000000009c       0xb7 ./src/cr_startup_lpc11xx.o
 .debug_line    0x0000000000000153       0x79 ./src/crp.o

.debug_str      0x0000000000000000     0x3329
 .debug_str     0x0000000000000000     0x30b4 ./src/Lab3_DDL.o
 .debug_str     0x00000000000030b4      0x18c ./src/cr_startup_lpc11xx.o
                                       0x2df3 (size before relaxing)
 .debug_str     0x0000000000003240       0xe9 ./src/crp.o
                                       0x2d4a (size before relaxing)

.comment        0x0000000000000000       0x7e
 .comment       0x0000000000000000       0x7e ./src/Lab3_DDL.o
                                         0x7f (size before relaxing)
 .comment       0x000000000000007e       0x7f ./src/cr_startup_lpc11xx.o
 .comment       0x000000000000007e       0x7f ./src/crp.o
 .comment       0x000000000000007e       0x7f /usr/local/mcuxpressoide-10.2.1_795/ide/tools/bin/../lib/gcc/arm-none-eabi/7.2.1/../../../../arm-none-eabi/lib/thumb/v6-m/libcr_c.a(__weak__main.o)

.ARM.attributes
                0x0000000000000000       0x31
 .ARM.attributes
                0x0000000000000000       0x31 ./src/Lab3_DDL.o
 .ARM.attributes
                0x0000000000000031       0x31 ./src/cr_startup_lpc11xx.o
 .ARM.attributes
                0x0000000000000062       0x31 ./src/crp.o
 .ARM.attributes
                0x0000000000000093       0x31 /usr/local/mcuxpressoide-10.2.1_795/ide/tools/bin/../lib/gcc/arm-none-eabi/7.2.1/../../../../arm-none-eabi/lib/thumb/v6-m/libcr_c.a(__weak__main.o)

.debug_frame    0x0000000000000000      0x144
 .debug_frame   0x0000000000000000       0x2c ./src/Lab3_DDL.o
 .debug_frame   0x000000000000002c      0x118 ./src/cr_startup_lpc11xx.o
