Archive member included to satisfy reference by file (symbol)

/usr/local/mcuxpressoide-10.2.1_795/ide/tools/bin/../lib/gcc/arm-none-eabi/7.2.1/../../../../arm-none-eabi/lib/thumb/v6-m/libcr_c.a(__weak__main.o)
                              ./startup/cr_startup_lpc11.o (__main)
/usr/local/mcuxpressoide-10.2.1_795/ide/tools/bin/../lib/gcc/arm-none-eabi/7.2.1/thumb/v6-m/libcr_eabihelpers.a(division_32.o)
                              ./src/uart_main.o (__aeabi_uidiv)
/usr/local/mcuxpressoide-10.2.1_795/ide/tools/bin/../lib/gcc/arm-none-eabi/7.2.1/thumb/v6-m/libcr_eabihelpers.a(division_idiv0.o)
                              /usr/local/mcuxpressoide-10.2.1_795/ide/tools/bin/../lib/gcc/arm-none-eabi/7.2.1/thumb/v6-m/libcr_eabihelpers.a(division_32.o) (__aeabi_idiv0)
/usr/local/mcuxpressoide-10.2.1_795/ide/tools/bin/../lib/gcc/arm-none-eabi/7.2.1/thumb/v6-m/libcr_eabihelpers.a(float.o)
                              ./src/uart_main.o (__aeabi_fmul)
/usr/local/mcuxpressoide-10.2.1_795/ide/tools/bin/../lib/gcc/arm-none-eabi/7.2.1/thumb/v6-m/libcr_eabihelpers.a(llong.o)
                              /usr/local/mcuxpressoide-10.2.1_795/ide/tools/bin/../lib/gcc/arm-none-eabi/7.2.1/thumb/v6-m/libcr_eabihelpers.a(float.o) (__aeabi_lmul)

Allocating common symbols
Common symbol       size              file

digitArray          0xa               ./src/uart_main.o
UARTBuffer          0x40              ./driver/uart.o
asciiDigits         0xa               ./src/uart_main.o
UARTStatus          0x4               ./driver/uart.o
ADCValue            0x20              ./driver/adc.o

Discarded input sections

 .group         0x0000000000000000        0xc ./startup/cr_startup_lpc11.o
 .group         0x0000000000000000        0xc ./startup/cr_startup_lpc11.o
 .group         0x0000000000000000        0xc ./startup/cr_startup_lpc11.o
 .group         0x0000000000000000        0xc ./startup/cr_startup_lpc11.o
 .group         0x0000000000000000        0xc ./startup/cr_startup_lpc11.o
 .text          0x0000000000000000        0x0 ./startup/cr_startup_lpc11.o
 .data          0x0000000000000000        0x0 ./startup/cr_startup_lpc11.o
 .bss           0x0000000000000000        0x0 ./startup/cr_startup_lpc11.o
 .group         0x0000000000000000        0xc ./src/uart_main.o
 .group         0x0000000000000000        0xc ./src/uart_main.o
 .group         0x0000000000000000        0xc ./src/uart_main.o
 .group         0x0000000000000000        0xc ./src/uart_main.o
 .group         0x0000000000000000        0xc ./src/uart_main.o
 .group         0x0000000000000000        0xc ./src/uart_main.o
 .group         0x0000000000000000        0xc ./src/uart_main.o
 .group         0x0000000000000000        0xc ./src/uart_main.o
 .group         0x0000000000000000        0xc ./src/uart_main.o
 .group         0x0000000000000000        0xc ./src/uart_main.o
 .group         0x0000000000000000        0xc ./src/uart_main.o
 .group         0x0000000000000000        0xc ./src/uart_main.o
 .group         0x0000000000000000        0xc ./src/uart_main.o
 .group         0x0000000000000000        0xc ./src/uart_main.o
 .group         0x0000000000000000        0xc ./src/uart_main.o
 .text          0x0000000000000000        0x0 ./src/uart_main.o
 .data          0x0000000000000000        0x0 ./src/uart_main.o
 .bss           0x0000000000000000        0x0 ./src/uart_main.o
 .bss.delay     0x0000000000000000        0x4 ./src/uart_main.o
 .text.setLEDOFF
                0x0000000000000000       0x28 ./src/uart_main.o
 .debug_macro   0x0000000000000000      0xa54 ./src/uart_main.o
 .debug_macro   0x0000000000000000       0x10 ./src/uart_main.o
 .debug_macro   0x0000000000000000      0x12d ./src/uart_main.o
 .debug_macro   0x0000000000000000      0x5b2 ./src/uart_main.o
 .group         0x0000000000000000        0xc ./driver/adc.o
 .group         0x0000000000000000        0xc ./driver/adc.o
 .group         0x0000000000000000        0xc ./driver/adc.o
 .group         0x0000000000000000        0xc ./driver/adc.o
 .group         0x0000000000000000        0xc ./driver/adc.o
 .group         0x0000000000000000        0xc ./driver/adc.o
 .group         0x0000000000000000        0xc ./driver/adc.o
 .group         0x0000000000000000        0xc ./driver/adc.o
 .group         0x0000000000000000        0xc ./driver/adc.o
 .group         0x0000000000000000        0xc ./driver/adc.o
 .group         0x0000000000000000        0xc ./driver/adc.o
 .group         0x0000000000000000        0xc ./driver/adc.o
 .text          0x0000000000000000        0x0 ./driver/adc.o
 .data          0x0000000000000000        0x0 ./driver/adc.o
 .bss           0x0000000000000000        0x0 ./driver/adc.o
 .text.ADCBurstRead
                0x0000000000000000       0x44 ./driver/adc.o
 .debug_macro   0x0000000000000000      0xa54 ./driver/adc.o
 .debug_macro   0x0000000000000000       0x1c ./driver/adc.o
 .debug_macro   0x0000000000000000       0x22 ./driver/adc.o
 .debug_macro   0x0000000000000000       0x10 ./driver/adc.o
 .debug_macro   0x0000000000000000      0x12d ./driver/adc.o
 .debug_macro   0x0000000000000000      0x5b2 ./driver/adc.o
 .debug_macro   0x0000000000000000      0x37a ./driver/adc.o
 .debug_macro   0x0000000000000000       0x8d ./driver/adc.o
 .debug_macro   0x0000000000000000      0x123 ./driver/adc.o
 .debug_macro   0x0000000000000000       0x34 ./driver/adc.o
 .debug_macro   0x0000000000000000       0x3a ./driver/adc.o
 .debug_macro   0x0000000000000000       0x46 ./driver/adc.o
 .group         0x0000000000000000        0xc ./driver/can.o
 .group         0x0000000000000000        0xc ./driver/can.o
 .group         0x0000000000000000        0xc ./driver/can.o
 .group         0x0000000000000000        0xc ./driver/can.o
 .group         0x0000000000000000        0xc ./driver/can.o
 .group         0x0000000000000000        0xc ./driver/can.o
 .group         0x0000000000000000        0xc ./driver/can.o
 .group         0x0000000000000000        0xc ./driver/can.o
 .group         0x0000000000000000        0xc ./driver/can.o
 .group         0x0000000000000000        0xc ./driver/can.o
 .text          0x0000000000000000        0x0 ./driver/can.o
 .data          0x0000000000000000        0x0 ./driver/can.o
 .bss           0x0000000000000000        0x0 ./driver/can.o
 .debug_info    0x0000000000000000       0xb3 ./driver/can.o
 .debug_abbrev  0x0000000000000000       0x76 ./driver/can.o
 .debug_aranges
                0x0000000000000000       0x18 ./driver/can.o
 .debug_macro   0x0000000000000000       0x70 ./driver/can.o
 .debug_macro   0x0000000000000000      0xa54 ./driver/can.o
 .debug_macro   0x0000000000000000       0x1c ./driver/can.o
 .debug_macro   0x0000000000000000       0x22 ./driver/can.o
 .debug_macro   0x0000000000000000       0x10 ./driver/can.o
 .debug_macro   0x0000000000000000      0x12d ./driver/can.o
 .debug_macro   0x0000000000000000      0x5b2 ./driver/can.o
 .debug_macro   0x0000000000000000      0x37a ./driver/can.o
 .debug_macro   0x0000000000000000       0x8d ./driver/can.o
 .debug_macro   0x0000000000000000      0x123 ./driver/can.o
 .debug_macro   0x0000000000000000       0x34 ./driver/can.o
 .debug_line    0x0000000000000000      0x145 ./driver/can.o
 .debug_str     0x0000000000000000     0x6309 ./driver/can.o
 .comment       0x0000000000000000       0x7f ./driver/can.o
 .ARM.attributes
                0x0000000000000000       0x31 ./driver/can.o
 .group         0x0000000000000000        0xc ./driver/crp.o
 .group         0x0000000000000000        0xc ./driver/crp.o
 .group         0x0000000000000000        0xc ./driver/crp.o
 .group         0x0000000000000000        0xc ./driver/crp.o
 .group         0x0000000000000000        0xc ./driver/crp.o
 .group         0x0000000000000000        0xc ./driver/crp.o
 .group         0x0000000000000000        0xc ./driver/crp.o
 .group         0x0000000000000000        0xc ./driver/crp.o
 .group         0x0000000000000000        0xc ./driver/crp.o
 .group         0x0000000000000000        0xc ./driver/crp.o
 .group         0x0000000000000000        0xc ./driver/crp.o
 .group         0x0000000000000000        0xc ./driver/crp.o
 .text          0x0000000000000000        0x0 ./driver/crp.o
 .data          0x0000000000000000        0x0 ./driver/crp.o
 .bss           0x0000000000000000        0x0 ./driver/crp.o
 .debug_macro   0x0000000000000000      0xa54 ./driver/crp.o
 .debug_macro   0x0000000000000000       0x1c ./driver/crp.o
 .debug_macro   0x0000000000000000       0x22 ./driver/crp.o
 .debug_macro   0x0000000000000000       0x10 ./driver/crp.o
 .debug_macro   0x0000000000000000      0x12d ./driver/crp.o
 .debug_macro   0x0000000000000000      0x5b2 ./driver/crp.o
 .debug_macro   0x0000000000000000      0x37a ./driver/crp.o
 .debug_macro   0x0000000000000000       0x8d ./driver/crp.o
 .debug_macro   0x0000000000000000      0x123 ./driver/crp.o
 .debug_macro   0x0000000000000000       0x34 ./driver/crp.o
 .debug_macro   0x0000000000000000       0x3a ./driver/crp.o
 .group         0x0000000000000000        0xc ./driver/gpio.o
 .group         0x0000000000000000        0xc ./driver/gpio.o
 .group         0x0000000000000000        0xc ./driver/gpio.o
 .group         0x0000000000000000        0xc ./driver/gpio.o
 .group         0x0000000000000000        0xc ./driver/gpio.o
 .group         0x0000000000000000        0xc ./driver/gpio.o
 .group         0x0000000000000000        0xc ./driver/gpio.o
 .group         0x0000000000000000        0xc ./driver/gpio.o
 .group         0x0000000000000000        0xc ./driver/gpio.o
 .group         0x0000000000000000        0xc ./driver/gpio.o
 .text          0x0000000000000000        0x0 ./driver/gpio.o
 .data          0x0000000000000000        0x0 ./driver/gpio.o
 .bss           0x0000000000000000        0x0 ./driver/gpio.o
 .debug_info    0x0000000000000000       0xb3 ./driver/gpio.o
 .debug_abbrev  0x0000000000000000       0x76 ./driver/gpio.o
 .debug_aranges
                0x0000000000000000       0x18 ./driver/gpio.o
 .debug_macro   0x0000000000000000       0x70 ./driver/gpio.o
 .debug_macro   0x0000000000000000      0xa54 ./driver/gpio.o
 .debug_macro   0x0000000000000000       0x1c ./driver/gpio.o
 .debug_macro   0x0000000000000000       0x22 ./driver/gpio.o
 .debug_macro   0x0000000000000000       0x10 ./driver/gpio.o
 .debug_macro   0x0000000000000000      0x12d ./driver/gpio.o
 .debug_macro   0x0000000000000000      0x5b2 ./driver/gpio.o
 .debug_macro   0x0000000000000000      0x37a ./driver/gpio.o
 .debug_macro   0x0000000000000000       0x8d ./driver/gpio.o
 .debug_macro   0x0000000000000000      0x123 ./driver/gpio.o
 .debug_macro   0x0000000000000000       0x34 ./driver/gpio.o
 .debug_line    0x0000000000000000      0x146 ./driver/gpio.o
 .debug_str     0x0000000000000000     0x630a ./driver/gpio.o
 .comment       0x0000000000000000       0x7f ./driver/gpio.o
 .ARM.attributes
                0x0000000000000000       0x31 ./driver/gpio.o
 .group         0x0000000000000000        0xc ./driver/timer32.o
 .group         0x0000000000000000        0xc ./driver/timer32.o
 .group         0x0000000000000000        0xc ./driver/timer32.o
 .group         0x0000000000000000        0xc ./driver/timer32.o
 .group         0x0000000000000000        0xc ./driver/timer32.o
 .group         0x0000000000000000        0xc ./driver/timer32.o
 .group         0x0000000000000000        0xc ./driver/timer32.o
 .group         0x0000000000000000        0xc ./driver/timer32.o
 .group         0x0000000000000000        0xc ./driver/timer32.o
 .group         0x0000000000000000        0xc ./driver/timer32.o
 .group         0x0000000000000000        0xc ./driver/timer32.o
 .text          0x0000000000000000        0x0 ./driver/timer32.o
 .data          0x0000000000000000        0x0 ./driver/timer32.o
 .bss           0x0000000000000000        0x0 ./driver/timer32.o
 .bss.timer32_0_period
                0x0000000000000000        0x4 ./driver/timer32.o
 .bss.timer32_1_period
                0x0000000000000000        0x4 ./driver/timer32.o
 .text.delay32Ms
                0x0000000000000000       0xe4 ./driver/timer32.o
 .text.disable_timer32
                0x0000000000000000       0x34 ./driver/timer32.o
 .text.reset_timer32
                0x0000000000000000       0x50 ./driver/timer32.o
 .text.init_timer32PWM
                0x0000000000000000      0x21c ./driver/timer32.o
 .text.setMatch_timer32PWM
                0x0000000000000000       0xa0 ./driver/timer32.o
 .debug_macro   0x0000000000000000      0xa54 ./driver/timer32.o
 .debug_macro   0x0000000000000000       0x1c ./driver/timer32.o
 .debug_macro   0x0000000000000000       0x22 ./driver/timer32.o
 .debug_macro   0x0000000000000000       0x10 ./driver/timer32.o
 .debug_macro   0x0000000000000000      0x12d ./driver/timer32.o
 .debug_macro   0x0000000000000000      0x5b2 ./driver/timer32.o
 .debug_macro   0x0000000000000000      0x37a ./driver/timer32.o
 .debug_macro   0x0000000000000000       0x8d ./driver/timer32.o
 .debug_macro   0x0000000000000000      0x123 ./driver/timer32.o
 .debug_macro   0x0000000000000000       0x34 ./driver/timer32.o
 .debug_macro   0x0000000000000000       0x46 ./driver/timer32.o
 .group         0x0000000000000000        0xc ./driver/uart.o
 .group         0x0000000000000000        0xc ./driver/uart.o
 .group         0x0000000000000000        0xc ./driver/uart.o
 .group         0x0000000000000000        0xc ./driver/uart.o
 .group         0x0000000000000000        0xc ./driver/uart.o
 .group         0x0000000000000000        0xc ./driver/uart.o
 .group         0x0000000000000000        0xc ./driver/uart.o
 .group         0x0000000000000000        0xc ./driver/uart.o
 .group         0x0000000000000000        0xc ./driver/uart.o
 .group         0x0000000000000000        0xc ./driver/uart.o
 .group         0x0000000000000000        0xc ./driver/uart.o
 .text          0x0000000000000000        0x0 ./driver/uart.o
 .data          0x0000000000000000        0x0 ./driver/uart.o
 .bss           0x0000000000000000        0x0 ./driver/uart.o
 .text.ModemInit
                0x0000000000000000       0xd0 ./driver/uart.o
 .debug_macro   0x0000000000000000      0xa54 ./driver/uart.o
 .debug_macro   0x0000000000000000       0x1c ./driver/uart.o
 .debug_macro   0x0000000000000000       0x22 ./driver/uart.o
 .debug_macro   0x0000000000000000       0x10 ./driver/uart.o
 .debug_macro   0x0000000000000000      0x12d ./driver/uart.o
 .debug_macro   0x0000000000000000      0x5b2 ./driver/uart.o
 .debug_macro   0x0000000000000000      0x37a ./driver/uart.o
 .debug_macro   0x0000000000000000       0x8d ./driver/uart.o
 .debug_macro   0x0000000000000000      0x123 ./driver/uart.o
 .debug_macro   0x0000000000000000       0x34 ./driver/uart.o
 .debug_macro   0x0000000000000000       0xa6 ./driver/uart.o
 .group         0x0000000000000000        0xc ./cmsis/core_cm0.o
 .group         0x0000000000000000        0xc ./cmsis/core_cm0.o
 .group         0x0000000000000000        0xc ./cmsis/core_cm0.o
 .group         0x0000000000000000        0xc ./cmsis/core_cm0.o
 .text          0x0000000000000000        0x0 ./cmsis/core_cm0.o
 .data          0x0000000000000000        0x0 ./cmsis/core_cm0.o
 .bss           0x0000000000000000        0x0 ./cmsis/core_cm0.o
 .text.__get_PSP
                0x0000000000000000        0x8 ./cmsis/core_cm0.o
 .text.__set_PSP
                0x0000000000000000        0x6 ./cmsis/core_cm0.o
 .text.__get_MSP
                0x0000000000000000        0x8 ./cmsis/core_cm0.o
 .text.__set_MSP
                0x0000000000000000        0x6 ./cmsis/core_cm0.o
 .text.__get_PRIMASK
                0x0000000000000000        0x6 ./cmsis/core_cm0.o
 .text.__set_PRIMASK
                0x0000000000000000        0x6 ./cmsis/core_cm0.o
 .text.__get_CONTROL
                0x0000000000000000        0x6 ./cmsis/core_cm0.o
 .text.__set_CONTROL
                0x0000000000000000        0x6 ./cmsis/core_cm0.o
 .text.__REV    0x0000000000000000        0x4 ./cmsis/core_cm0.o
 .text.__REV16  0x0000000000000000        0x4 ./cmsis/core_cm0.o
 .text.__REVSH  0x0000000000000000        0x4 ./cmsis/core_cm0.o
 .debug_info    0x0000000000000000      0x2be ./cmsis/core_cm0.o
 .debug_abbrev  0x0000000000000000       0xf7 ./cmsis/core_cm0.o
 .debug_loc     0x0000000000000000      0x13c ./cmsis/core_cm0.o
 .debug_aranges
                0x0000000000000000       0x70 ./cmsis/core_cm0.o
 .debug_ranges  0x0000000000000000       0x60 ./cmsis/core_cm0.o
 .debug_macro   0x0000000000000000       0x48 ./cmsis/core_cm0.o
 .debug_macro   0x0000000000000000      0xa5a ./cmsis/core_cm0.o
 .debug_macro   0x0000000000000000       0x10 ./cmsis/core_cm0.o
 .debug_macro   0x0000000000000000      0x12d ./cmsis/core_cm0.o
 .debug_macro   0x0000000000000000      0x5b2 ./cmsis/core_cm0.o
 .debug_line    0x0000000000000000      0x1c2 ./cmsis/core_cm0.o
 .debug_str     0x0000000000000000     0x4458 ./cmsis/core_cm0.o
 .comment       0x0000000000000000       0x7f ./cmsis/core_cm0.o
 .debug_frame   0x0000000000000000       0xc0 ./cmsis/core_cm0.o
 .ARM.attributes
                0x0000000000000000       0x31 ./cmsis/core_cm0.o
 .group         0x0000000000000000        0xc ./cmsis/system_LPC11xx.o
 .group         0x0000000000000000        0xc ./cmsis/system_LPC11xx.o
 .group         0x0000000000000000        0xc ./cmsis/system_LPC11xx.o
 .group         0x0000000000000000        0xc ./cmsis/system_LPC11xx.o
 .group         0x0000000000000000        0xc ./cmsis/system_LPC11xx.o
 .group         0x0000000000000000        0xc ./cmsis/system_LPC11xx.o
 .group         0x0000000000000000        0xc ./cmsis/system_LPC11xx.o
 .group         0x0000000000000000        0xc ./cmsis/system_LPC11xx.o
 .text          0x0000000000000000        0x0 ./cmsis/system_LPC11xx.o
 .data          0x0000000000000000        0x0 ./cmsis/system_LPC11xx.o
 .bss           0x0000000000000000        0x0 ./cmsis/system_LPC11xx.o
 .debug_macro   0x0000000000000000      0xa5a ./cmsis/system_LPC11xx.o
 .debug_macro   0x0000000000000000       0x10 ./cmsis/system_LPC11xx.o
 .debug_macro   0x0000000000000000      0x12d ./cmsis/system_LPC11xx.o
 .debug_macro   0x0000000000000000      0x5b2 ./cmsis/system_LPC11xx.o
 .debug_macro   0x0000000000000000       0x1c ./cmsis/system_LPC11xx.o
 .debug_macro   0x0000000000000000       0x8d ./cmsis/system_LPC11xx.o
 .debug_macro   0x0000000000000000      0x123 ./cmsis/system_LPC11xx.o
 .text          0x0000000000000000        0x0 /usr/local/mcuxpressoide-10.2.1_795/ide/tools/bin/../lib/gcc/arm-none-eabi/7.2.1/../../../../arm-none-eabi/lib/thumb/v6-m/libcr_c.a(__weak__main.o)
 .data          0x0000000000000000        0x0 /usr/local/mcuxpressoide-10.2.1_795/ide/tools/bin/../lib/gcc/arm-none-eabi/7.2.1/../../../../arm-none-eabi/lib/thumb/v6-m/libcr_c.a(__weak__main.o)
 .bss           0x0000000000000000        0x0 /usr/local/mcuxpressoide-10.2.1_795/ide/tools/bin/../lib/gcc/arm-none-eabi/7.2.1/../../../../arm-none-eabi/lib/thumb/v6-m/libcr_c.a(__weak__main.o)
 .text          0x0000000000000000        0x0 /usr/local/mcuxpressoide-10.2.1_795/ide/tools/bin/../lib/gcc/arm-none-eabi/7.2.1/thumb/v6-m/libcr_eabihelpers.a(division_32.o)
 .data          0x0000000000000000        0x0 /usr/local/mcuxpressoide-10.2.1_795/ide/tools/bin/../lib/gcc/arm-none-eabi/7.2.1/thumb/v6-m/libcr_eabihelpers.a(division_32.o)
 .bss           0x0000000000000000        0x0 /usr/local/mcuxpressoide-10.2.1_795/ide/tools/bin/../lib/gcc/arm-none-eabi/7.2.1/thumb/v6-m/libcr_eabihelpers.a(division_32.o)
 .text          0x0000000000000000        0x0 /usr/local/mcuxpressoide-10.2.1_795/ide/tools/bin/../lib/gcc/arm-none-eabi/7.2.1/thumb/v6-m/libcr_eabihelpers.a(division_idiv0.o)
 .data          0x0000000000000000        0x0 /usr/local/mcuxpressoide-10.2.1_795/ide/tools/bin/../lib/gcc/arm-none-eabi/7.2.1/thumb/v6-m/libcr_eabihelpers.a(division_idiv0.o)
 .bss           0x0000000000000000        0x0 /usr/local/mcuxpressoide-10.2.1_795/ide/tools/bin/../lib/gcc/arm-none-eabi/7.2.1/thumb/v6-m/libcr_eabihelpers.a(division_idiv0.o)
 .text          0x0000000000000000        0x0 /usr/local/mcuxpressoide-10.2.1_795/ide/tools/bin/../lib/gcc/arm-none-eabi/7.2.1/thumb/v6-m/libcr_eabihelpers.a(float.o)
 .data          0x0000000000000000        0x0 /usr/local/mcuxpressoide-10.2.1_795/ide/tools/bin/../lib/gcc/arm-none-eabi/7.2.1/thumb/v6-m/libcr_eabihelpers.a(float.o)
 .bss           0x0000000000000000        0x0 /usr/local/mcuxpressoide-10.2.1_795/ide/tools/bin/../lib/gcc/arm-none-eabi/7.2.1/thumb/v6-m/libcr_eabihelpers.a(float.o)
 .text.__aeabi_fdiv
                0x0000000000000000       0xdc /usr/local/mcuxpressoide-10.2.1_795/ide/tools/bin/../lib/gcc/arm-none-eabi/7.2.1/thumb/v6-m/libcr_eabihelpers.a(float.o)
 .text.__aeabi_fsub
                0x0000000000000000      0x130 /usr/local/mcuxpressoide-10.2.1_795/ide/tools/bin/../lib/gcc/arm-none-eabi/7.2.1/thumb/v6-m/libcr_eabihelpers.a(float.o)
 .text.__aeabi_fadd
                0x0000000000000000       0xb0 /usr/local/mcuxpressoide-10.2.1_795/ide/tools/bin/../lib/gcc/arm-none-eabi/7.2.1/thumb/v6-m/libcr_eabihelpers.a(float.o)
 .text.__aeabi_frsub
                0x0000000000000000       0x10 /usr/local/mcuxpressoide-10.2.1_795/ide/tools/bin/../lib/gcc/arm-none-eabi/7.2.1/thumb/v6-m/libcr_eabihelpers.a(float.o)
 .text.__aeabi_fneg
                0x0000000000000000        0x8 /usr/local/mcuxpressoide-10.2.1_795/ide/tools/bin/../lib/gcc/arm-none-eabi/7.2.1/thumb/v6-m/libcr_eabihelpers.a(float.o)
 .text.__aeabi_f2iz
                0x0000000000000000       0x3c /usr/local/mcuxpressoide-10.2.1_795/ide/tools/bin/../lib/gcc/arm-none-eabi/7.2.1/thumb/v6-m/libcr_eabihelpers.a(float.o)
 .text.__aeabi_f2lz
                0x0000000000000000       0x68 /usr/local/mcuxpressoide-10.2.1_795/ide/tools/bin/../lib/gcc/arm-none-eabi/7.2.1/thumb/v6-m/libcr_eabihelpers.a(float.o)
 .text.__aeabi_f2ulz
                0x0000000000000000       0x3e /usr/local/mcuxpressoide-10.2.1_795/ide/tools/bin/../lib/gcc/arm-none-eabi/7.2.1/thumb/v6-m/libcr_eabihelpers.a(float.o)
 .text.__bhs_ul2f
                0x0000000000000000       0x80 /usr/local/mcuxpressoide-10.2.1_795/ide/tools/bin/../lib/gcc/arm-none-eabi/7.2.1/thumb/v6-m/libcr_eabihelpers.a(float.o)
 .text.__aeabi_i2f
                0x0000000000000000       0x18 /usr/local/mcuxpressoide-10.2.1_795/ide/tools/bin/../lib/gcc/arm-none-eabi/7.2.1/thumb/v6-m/libcr_eabihelpers.a(float.o)
 .text.__aeabi_l2f
                0x0000000000000000       0x22 /usr/local/mcuxpressoide-10.2.1_795/ide/tools/bin/../lib/gcc/arm-none-eabi/7.2.1/thumb/v6-m/libcr_eabihelpers.a(float.o)
 .text.__aeabi_ul2f
                0x0000000000000000        0xc /usr/local/mcuxpressoide-10.2.1_795/ide/tools/bin/../lib/gcc/arm-none-eabi/7.2.1/thumb/v6-m/libcr_eabihelpers.a(float.o)
 .text.__aeabi_f2d
                0x0000000000000000       0x3c /usr/local/mcuxpressoide-10.2.1_795/ide/tools/bin/../lib/gcc/arm-none-eabi/7.2.1/thumb/v6-m/libcr_eabihelpers.a(float.o)
 .text.__aeabi_fcmpeq
                0x0000000000000000       0x20 /usr/local/mcuxpressoide-10.2.1_795/ide/tools/bin/../lib/gcc/arm-none-eabi/7.2.1/thumb/v6-m/libcr_eabihelpers.a(float.o)
 .text.__aeabi_fcmplt
                0x0000000000000000       0x44 /usr/local/mcuxpressoide-10.2.1_795/ide/tools/bin/../lib/gcc/arm-none-eabi/7.2.1/thumb/v6-m/libcr_eabihelpers.a(float.o)
 .text.__aeabi_fcmpgt
                0x0000000000000000       0x3e /usr/local/mcuxpressoide-10.2.1_795/ide/tools/bin/../lib/gcc/arm-none-eabi/7.2.1/thumb/v6-m/libcr_eabihelpers.a(float.o)
 .text.__aeabi_fcmple
                0x0000000000000000       0x40 /usr/local/mcuxpressoide-10.2.1_795/ide/tools/bin/../lib/gcc/arm-none-eabi/7.2.1/thumb/v6-m/libcr_eabihelpers.a(float.o)
 .text.__aeabi_fcmpge
                0x0000000000000000       0x3c /usr/local/mcuxpressoide-10.2.1_795/ide/tools/bin/../lib/gcc/arm-none-eabi/7.2.1/thumb/v6-m/libcr_eabihelpers.a(float.o)
 .text.__aeabi_fcmpun
                0x0000000000000000       0x16 /usr/local/mcuxpressoide-10.2.1_795/ide/tools/bin/../lib/gcc/arm-none-eabi/7.2.1/thumb/v6-m/libcr_eabihelpers.a(float.o)
 .text.__aeabi_cfcmple
                0x0000000000000000       0x24 /usr/local/mcuxpressoide-10.2.1_795/ide/tools/bin/../lib/gcc/arm-none-eabi/7.2.1/thumb/v6-m/libcr_eabihelpers.a(float.o)
 .text.__aeabi_cfrcmple
                0x0000000000000000        0xe /usr/local/mcuxpressoide-10.2.1_795/ide/tools/bin/../lib/gcc/arm-none-eabi/7.2.1/thumb/v6-m/libcr_eabihelpers.a(float.o)
 .text          0x0000000000000000        0x0 /usr/local/mcuxpressoide-10.2.1_795/ide/tools/bin/../lib/gcc/arm-none-eabi/7.2.1/thumb/v6-m/libcr_eabihelpers.a(llong.o)
 .data          0x0000000000000000        0x0 /usr/local/mcuxpressoide-10.2.1_795/ide/tools/bin/../lib/gcc/arm-none-eabi/7.2.1/thumb/v6-m/libcr_eabihelpers.a(llong.o)
 .bss           0x0000000000000000        0x0 /usr/local/mcuxpressoide-10.2.1_795/ide/tools/bin/../lib/gcc/arm-none-eabi/7.2.1/thumb/v6-m/libcr_eabihelpers.a(llong.o)
 .text.__aeabi_llong_llsl
                0x0000000000000000       0x18 /usr/local/mcuxpressoide-10.2.1_795/ide/tools/bin/../lib/gcc/arm-none-eabi/7.2.1/thumb/v6-m/libcr_eabihelpers.a(llong.o)
 .text.__aeabi_llong_llsr
                0x0000000000000000       0x18 /usr/local/mcuxpressoide-10.2.1_795/ide/tools/bin/../lib/gcc/arm-none-eabi/7.2.1/thumb/v6-m/libcr_eabihelpers.a(llong.o)
 .text.__aeabi_llong_lasr
                0x0000000000000000       0x18 /usr/local/mcuxpressoide-10.2.1_795/ide/tools/bin/../lib/gcc/arm-none-eabi/7.2.1/thumb/v6-m/libcr_eabihelpers.a(llong.o)
 .text.__aeabi_llong_lcmp
                0x0000000000000000       0x14 /usr/local/mcuxpressoide-10.2.1_795/ide/tools/bin/../lib/gcc/arm-none-eabi/7.2.1/thumb/v6-m/libcr_eabihelpers.a(llong.o)
 .text.__aeabi_llong_ulcmp
                0x0000000000000000       0x10 /usr/local/mcuxpressoide-10.2.1_795/ide/tools/bin/../lib/gcc/arm-none-eabi/7.2.1/thumb/v6-m/libcr_eabihelpers.a(llong.o)

Memory Configuration

Name             Origin             Length             Attributes
MFlash32         0x0000000000000000 0x0000000000008000 xr
RamLoc8          0x0000000010000000 0x0000000000002000 xrw
*default*        0x0000000000000000 0xffffffffffffffff

Linker script and memory map

LOAD ./startup/cr_startup_lpc11.o
LOAD ./src/uart_main.o
LOAD ./driver/adc.o
LOAD ./driver/can.o
LOAD ./driver/crp.o
LOAD ./driver/gpio.o
LOAD ./driver/timer32.o
LOAD ./driver/uart.o
LOAD ./cmsis/core_cm0.o
LOAD ./cmsis/system_LPC11xx.o
START GROUP
LOAD /usr/local/mcuxpressoide-10.2.1_795/ide/tools/bin/../lib/gcc/arm-none-eabi/7.2.1/../../../../arm-none-eabi/lib/thumb/v6-m/libcr_c.a
LOAD /usr/local/mcuxpressoide-10.2.1_795/ide/tools/bin/../lib/gcc/arm-none-eabi/7.2.1/../../../../arm-none-eabi/lib/thumb/v6-m/libcr_semihost.a
LOAD /usr/local/mcuxpressoide-10.2.1_795/ide/tools/bin/../lib/gcc/arm-none-eabi/7.2.1/thumb/v6-m/libcr_eabihelpers.a
END GROUP
                0x0000000000008000                __top_MFlash32 = 0x8000
                0x0000000010002000                __top_RamLoc8 = 0x10002000

.text           0x0000000000000000     0x12e4
 FILL mask 0xff
 *(.isr_vector)
 .isr_vector    0x0000000000000000       0xc0 ./startup/cr_startup_lpc11.o
                0x0000000000000000                g_pfnVectors
 *(.text.Reset_Handler .text.SystemInit)
 .text.SystemInit
                0x00000000000000c0       0xac ./cmsis/system_LPC11xx.o
                0x00000000000000c0                SystemInit
                0x00000000000002fc                . = 0x2fc
 *fill*         0x000000000000016c      0x190 ff
 *(.crp)
 .crp           0x00000000000002fc        0x4 ./driver/crp.o
                0x00000000000002fc                CRP_WORD
 *(.text*)
 .text.ResetISR
                0x0000000000000300       0x60 ./startup/cr_startup_lpc11.o
                0x0000000000000300                ResetISR
 .text.NMI_Handler
                0x0000000000000360        0x6 ./startup/cr_startup_lpc11.o
                0x0000000000000360                NMI_Handler
 .text.HardFault_Handler
                0x0000000000000366        0x6 ./startup/cr_startup_lpc11.o
                0x0000000000000366                HardFault_Handler
 .text.SVCall_Handler
                0x000000000000036c        0x6 ./startup/cr_startup_lpc11.o
                0x000000000000036c                SVCall_Handler
 .text.PendSV_Handler
                0x0000000000000372        0x6 ./startup/cr_startup_lpc11.o
                0x0000000000000372                PendSV_Handler
 .text.SysTick_Handler
                0x0000000000000378        0x6 ./startup/cr_startup_lpc11.o
                0x0000000000000378                SysTick_Handler
 .text.IntDefaultHandler
                0x000000000000037e        0x6 ./startup/cr_startup_lpc11.o
                0x000000000000037e                TIMER16_0_IRQHandler
                0x000000000000037e                TIMER32_1_IRQHandler
                0x000000000000037e                IntDefaultHandler
                0x000000000000037e                PIOINT1_IRQHandler
                0x000000000000037e                CAN_IRQHandler
                0x000000000000037e                SSP0_IRQHandler
                0x000000000000037e                TIMER16_1_IRQHandler
                0x000000000000037e                SSP1_IRQHandler
                0x000000000000037e                PIOINT2_IRQHandler
                0x000000000000037e                BOD_IRQHandler
                0x000000000000037e                WAKEUP_IRQHandler
                0x000000000000037e                PIOINT0_IRQHandler
                0x000000000000037e                I2C_IRQHandler
                0x000000000000037e                WDT_IRQHandler
                0x000000000000037e                PIOINT3_IRQHandler
 .text.main     0x0000000000000384      0x314 ./src/uart_main.o
                0x0000000000000384                main
 .text.GPIOInit
                0x0000000000000698       0x60 ./src/uart_main.o
                0x0000000000000698                GPIOInit
 .text.setLEDON
                0x00000000000006f8       0xa8 ./src/uart_main.o
                0x00000000000006f8                setLEDON
 .text.numberToAscii
                0x00000000000007a0       0xe0 ./src/uart_main.o
                0x00000000000007a0                numberToAscii
 .text.NVIC_EnableIRQ
                0x0000000000000880       0x2c ./driver/adc.o
 .text.ADC_IRQHandler
                0x00000000000008ac       0xe4 ./driver/adc.o
                0x00000000000008ac                ADC_IRQHandler
 .text.ADCInit  0x0000000000000990      0x134 ./driver/adc.o
                0x0000000000000990                ADCInit
 .text.ADCRead  0x0000000000000ac4       0x50 ./driver/adc.o
                0x0000000000000ac4                ADCRead
 .text.NVIC_EnableIRQ
                0x0000000000000b14       0x2c ./driver/timer32.o
 .text.TIMER32_0_IRQHandler
                0x0000000000000b40       0x4c ./driver/timer32.o
                0x0000000000000b40                TIMER32_0_IRQHandler
 .text.enable_timer32
                0x0000000000000b8c       0x34 ./driver/timer32.o
                0x0000000000000b8c                enable_timer32
 .text.init_timer32
                0x0000000000000bc0      0x134 ./driver/timer32.o
                0x0000000000000bc0                init_timer32
 .text.NVIC_EnableIRQ
                0x0000000000000cf4       0x2c ./driver/uart.o
 .text.NVIC_DisableIRQ
                0x0000000000000d20       0x30 ./driver/uart.o
 .text.UART_IRQHandler
                0x0000000000000d50      0x110 ./driver/uart.o
                0x0000000000000d50                UART_IRQHandler
 .text.UARTInit
                0x0000000000000e60      0x114 ./driver/uart.o
                0x0000000000000e60                UARTInit
 .text.UARTSend
                0x0000000000000f74       0x40 ./driver/uart.o
                0x0000000000000f74                UARTSend
 .text.SystemCoreClockUpdate
                0x0000000000000fb4       0xb8 ./cmsis/system_LPC11xx.o
                0x0000000000000fb4                SystemCoreClockUpdate
 .text.__weak_main
                0x000000000000106c        0x8 /usr/local/mcuxpressoide-10.2.1_795/ide/tools/bin/../lib/gcc/arm-none-eabi/7.2.1/../../../../arm-none-eabi/lib/thumb/v6-m/libcr_c.a(__weak__main.o)
                0x000000000000106c                __main
                0x000000000000106c                __weak_main
 .text.__aeabi_division_idivmod
                0x0000000000001074       0x78 /usr/local/mcuxpressoide-10.2.1_795/ide/tools/bin/../lib/gcc/arm-none-eabi/7.2.1/thumb/v6-m/libcr_eabihelpers.a(division_32.o)
                0x0000000000001074                __aeabi_idiv
                0x0000000000001074                __aeabi_idivmod
                0x000000000000107a                __aeabi_uidiv
                0x000000000000107a                __aeabi_uidivmod
 .text.__aeabi_division_idiv0
                0x00000000000010ec        0x2 /usr/local/mcuxpressoide-10.2.1_795/ide/tools/bin/../lib/gcc/arm-none-eabi/7.2.1/thumb/v6-m/libcr_eabihelpers.a(division_idiv0.o)
                0x00000000000010ec                __aeabi_idiv0
 *fill*         0x00000000000010ee        0x2 ff
 .text.__aeabi_fmul
                0x00000000000010f0       0xc4 /usr/local/mcuxpressoide-10.2.1_795/ide/tools/bin/../lib/gcc/arm-none-eabi/7.2.1/thumb/v6-m/libcr_eabihelpers.a(float.o)
                0x00000000000010f0                __aeabi_fmul
 .text.__aeabi_f2uiz
                0x00000000000011b4       0x2a /usr/local/mcuxpressoide-10.2.1_795/ide/tools/bin/../lib/gcc/arm-none-eabi/7.2.1/thumb/v6-m/libcr_eabihelpers.a(float.o)
                0x00000000000011b4                __aeabi_f2uiz
 .text.__bhs_ui2f
                0x00000000000011de       0x62 /usr/local/mcuxpressoide-10.2.1_795/ide/tools/bin/../lib/gcc/arm-none-eabi/7.2.1/thumb/v6-m/libcr_eabihelpers.a(float.o)
                0x00000000000011de                __bhs_ui2f
 .text.__aeabi_ui2f
                0x0000000000001240        0xc /usr/local/mcuxpressoide-10.2.1_795/ide/tools/bin/../lib/gcc/arm-none-eabi/7.2.1/thumb/v6-m/libcr_eabihelpers.a(float.o)
                0x0000000000001240                __aeabi_ui2f
 .text.__aeabi_llong_lmul
                0x000000000000124c       0x2e /usr/local/mcuxpressoide-10.2.1_795/ide/tools/bin/../lib/gcc/arm-none-eabi/7.2.1/thumb/v6-m/libcr_eabihelpers.a(llong.o)
                0x000000000000124c                __aeabi_lmul
 *(.rodata*)
 *fill*         0x000000000000127a        0x2 ff
 .rodata.numberToAscii
                0x000000000000127c       0x28 ./src/uart_main.o
 .rodata.CSWTCH.5
                0x00000000000012a4       0x40 ./cmsis/system_LPC11xx.o

.glue_7         0x00000000000012e4        0x0
 .glue_7        0x00000000000012e4        0x0 linker stubs

.glue_7t        0x00000000000012e4        0x0
 .glue_7t       0x00000000000012e4        0x0 linker stubs

.vfp11_veneer   0x00000000000012e4        0x0
 .vfp11_veneer  0x00000000000012e4        0x0 linker stubs

.v4_bx          0x00000000000012e4        0x0
 .v4_bx         0x00000000000012e4        0x0 linker stubs

.iplt           0x00000000000012e4        0x0
 .iplt          0x00000000000012e4        0x0 ./startup/cr_startup_lpc11.o

.rel.dyn        0x00000000000012e4        0x0
 .rel.iplt      0x00000000000012e4        0x0 ./startup/cr_startup_lpc11.o

.ARM.extab
 *(.ARM.extab* .gnu.linkonce.armextab.*)
                0x00000000000012e4                __exidx_start = .

.ARM.exidx
 *(.ARM.exidx* .gnu.linkonce.armexidx.*)
                0x00000000000012e4                __exidx_end = .
                0x00000000000012e4                _etext = .

.data           0x0000000010000000       0x10 load address 0x00000000000012e4
                0x0000000010000000                _data = .
 *(vtable)
 *(.data*)
 .data.currentDutyCycle
                0x0000000010000000        0x4 ./src/uart_main.o
                0x0000000010000000                currentDutyCycle
 .data.currentPeriod
                0x0000000010000004        0x4 ./src/uart_main.o
                0x0000000010000004                currentPeriod
 .data.UARTTxEmpty
                0x0000000010000008        0x1 ./driver/uart.o
                0x0000000010000008                UARTTxEmpty
 *fill*         0x0000000010000009        0x3 
 .data.SystemCoreClock
                0x000000001000000c        0x4 ./cmsis/system_LPC11xx.o
                0x000000001000000c                SystemCoreClock
                0x0000000010000010                _edata = .

.igot.plt       0x0000000010000010        0x0 load address 0x00000000000012f4
 .igot.plt      0x0000000010000010        0x0 ./startup/cr_startup_lpc11.o

.bss            0x0000000010000010       0x94 load address 0x00000000000012f4
                0x0000000010000010                _bss = .
 *(.bss*)
 .bss.uartCharReceived
                0x0000000010000010        0x1 ./src/uart_main.o
                0x0000000010000010                uartCharReceived
 .bss.currentStateFlag
                0x0000000010000011        0x1 ./src/uart_main.o
                0x0000000010000011                currentStateFlag
 *fill*         0x0000000010000012        0x2 
 .bss.ADCIntDone
                0x0000000010000014        0x4 ./driver/adc.o
                0x0000000010000014                ADCIntDone
 .bss.OverRunCounter
                0x0000000010000018        0x4 ./driver/adc.o
                0x0000000010000018                OverRunCounter
 .bss.timer32_0_counter
                0x000000001000001c        0x4 ./driver/timer32.o
                0x000000001000001c                timer32_0_counter
 .bss.timer32_0_capture
                0x0000000010000020        0x4 ./driver/timer32.o
                0x0000000010000020                timer32_0_capture
 .bss.UARTCount
                0x0000000010000024        0x4 ./driver/uart.o
                0x0000000010000024                UARTCount
 *(COMMON)
 COMMON         0x0000000010000028       0x16 ./src/uart_main.o
                0x0000000010000028                digitArray
                0x0000000010000034                asciiDigits
 *fill*         0x000000001000003e        0x2 
 COMMON         0x0000000010000040       0x20 ./driver/adc.o
                0x0000000010000040                ADCValue
 COMMON         0x0000000010000060       0x44 ./driver/uart.o
                0x0000000010000060                UARTBuffer
                0x00000000100000a0                UARTStatus
                0x00000000100000a4                _ebss = .

.cr_heap        0x00000000100000a4        0x0 load address 0x00000000000012f4
                0x00000000100000a4                end = .
                0x00000000100000a4                _pvHeapStart = .
                0x0000000010002000                _vRamTop = __top_RamLoc8
                0x0000000010002000                _vStackTop = _vRamTop
OUTPUT(uart.axf elf32-littlearm)

.debug_info     0x0000000000000000     0x33f2
 .debug_info    0x0000000000000000      0x1c5 ./startup/cr_startup_lpc11.o
 .debug_info    0x00000000000001c5      0xb52 ./src/uart_main.o
 .debug_info    0x0000000000000d17      0x9fe ./driver/adc.o
 .debug_info    0x0000000000001715       0xc9 ./driver/crp.o
 .debug_info    0x00000000000017de      0xb83 ./driver/timer32.o
 .debug_info    0x0000000000002361      0xb7c ./driver/uart.o
 .debug_info    0x0000000000002edd      0x515 ./cmsis/system_LPC11xx.o

.debug_abbrev   0x0000000000000000      0xb2d
 .debug_abbrev  0x0000000000000000       0xcb ./startup/cr_startup_lpc11.o
 .debug_abbrev  0x00000000000000cb      0x249 ./src/uart_main.o
 .debug_abbrev  0x0000000000000314      0x20d ./driver/adc.o
 .debug_abbrev  0x0000000000000521       0x8e ./driver/crp.o
 .debug_abbrev  0x00000000000005af      0x216 ./driver/timer32.o
 .debug_abbrev  0x00000000000007c5      0x210 ./driver/uart.o
 .debug_abbrev  0x00000000000009d5      0x158 ./cmsis/system_LPC11xx.o

.debug_aranges  0x0000000000000000      0x1b8
 .debug_aranges
                0x0000000000000000       0x50 ./startup/cr_startup_lpc11.o
 .debug_aranges
                0x0000000000000050       0x40 ./src/uart_main.o
 .debug_aranges
                0x0000000000000090       0x40 ./driver/adc.o
 .debug_aranges
                0x00000000000000d0       0x18 ./driver/crp.o
 .debug_aranges
                0x00000000000000e8       0x60 ./driver/timer32.o
 .debug_aranges
                0x0000000000000148       0x48 ./driver/uart.o
 .debug_aranges
                0x0000000000000190       0x28 ./cmsis/system_LPC11xx.o

.debug_ranges   0x0000000000000000      0x140
 .debug_ranges  0x0000000000000000       0x40 ./startup/cr_startup_lpc11.o
 .debug_ranges  0x0000000000000040       0x30 ./src/uart_main.o
 .debug_ranges  0x0000000000000070       0x30 ./driver/adc.o
 .debug_ranges  0x00000000000000a0       0x50 ./driver/timer32.o
 .debug_ranges  0x00000000000000f0       0x38 ./driver/uart.o
 .debug_ranges  0x0000000000000128       0x18 ./cmsis/system_LPC11xx.o

.debug_macro    0x0000000000000000     0x20f7
 .debug_macro   0x0000000000000000       0x57 ./startup/cr_startup_lpc11.o
 .debug_macro   0x0000000000000057      0xa54 ./startup/cr_startup_lpc11.o
 .debug_macro   0x0000000000000aab       0x10 ./startup/cr_startup_lpc11.o
 .debug_macro   0x0000000000000abb      0x12d ./startup/cr_startup_lpc11.o
 .debug_macro   0x0000000000000be8      0x5b2 ./startup/cr_startup_lpc11.o
 .debug_macro   0x000000000000119a       0x87 ./startup/cr_startup_lpc11.o
 .debug_macro   0x0000000000001221       0xe1 ./src/uart_main.o
 .debug_macro   0x0000000000001302       0x1c ./src/uart_main.o
 .debug_macro   0x000000000000131e       0x22 ./src/uart_main.o
 .debug_macro   0x0000000000001340      0x37a ./src/uart_main.o
 .debug_macro   0x00000000000016ba       0x8d ./src/uart_main.o
 .debug_macro   0x0000000000001747      0x123 ./src/uart_main.o
 .debug_macro   0x000000000000186a       0x34 ./src/uart_main.o
 .debug_macro   0x000000000000189e       0x46 ./src/uart_main.o
 .debug_macro   0x00000000000018e4       0xa6 ./src/uart_main.o
 .debug_macro   0x000000000000198a       0x3a ./src/uart_main.o
 .debug_macro   0x00000000000019c4       0x46 ./src/uart_main.o
 .debug_macro   0x0000000000001a0a       0x82 ./src/uart_main.o
 .debug_macro   0x0000000000001a8c       0x88 ./driver/adc.o
 .debug_macro   0x0000000000001b14       0x88 ./driver/crp.o
 .debug_macro   0x0000000000001b9c       0x28 ./driver/crp.o
 .debug_macro   0x0000000000001bc4       0x79 ./driver/timer32.o
 .debug_macro   0x0000000000001c3d       0x79 ./driver/uart.o
 .debug_macro   0x0000000000001cb6       0xa9 ./cmsis/system_LPC11xx.o
 .debug_macro   0x0000000000001d5f      0x398 ./cmsis/system_LPC11xx.o

.debug_line     0x0000000000000000      0xec5
 .debug_line    0x0000000000000000      0x1cd ./startup/cr_startup_lpc11.o
 .debug_line    0x00000000000001cd      0x2e7 ./src/uart_main.o
 .debug_line    0x00000000000004b4      0x20e ./driver/adc.o
 .debug_line    0x00000000000006c2      0x14e ./driver/crp.o
 .debug_line    0x0000000000000810      0x2c0 ./driver/timer32.o
 .debug_line    0x0000000000000ad0      0x230 ./driver/uart.o
 .debug_line    0x0000000000000d00      0x1c5 ./cmsis/system_LPC11xx.o

.debug_str      0x0000000000000000     0x7906
 .debug_str     0x0000000000000000     0x45c3 ./startup/cr_startup_lpc11.o
                                       0x464e (size before relaxing)
 .debug_str     0x00000000000045c3     0x2b5f ./src/uart_main.o
                                       0x7098 (size before relaxing)
 .debug_str     0x0000000000007122      0x28d ./driver/adc.o
                                       0x6ac6 (size before relaxing)
 .debug_str     0x00000000000073af       0xbf ./driver/crp.o
                                       0x63b8 (size before relaxing)
 .debug_str     0x000000000000746e      0x11d ./driver/timer32.o
                                       0x6b03 (size before relaxing)
 .debug_str     0x000000000000758b       0x9b ./driver/uart.o
                                       0x6baa (size before relaxing)
 .debug_str     0x0000000000007626      0x2e0 ./cmsis/system_LPC11xx.o
                                       0x66b7 (size before relaxing)

.comment        0x0000000000000000       0x7e
 .comment       0x0000000000000000       0x7e ./startup/cr_startup_lpc11.o
                                         0x7f (size before relaxing)
 .comment       0x000000000000007e       0x7f ./src/uart_main.o
 .comment       0x000000000000007e       0x7f ./driver/adc.o
 .comment       0x000000000000007e       0x7f ./driver/crp.o
 .comment       0x000000000000007e       0x7f ./driver/timer32.o
 .comment       0x000000000000007e       0x7f ./driver/uart.o
 .comment       0x000000000000007e       0x7f ./cmsis/system_LPC11xx.o
 .comment       0x000000000000007e       0x7f /usr/local/mcuxpressoide-10.2.1_795/ide/tools/bin/../lib/gcc/arm-none-eabi/7.2.1/../../../../arm-none-eabi/lib/thumb/v6-m/libcr_c.a(__weak__main.o)
 .comment       0x000000000000007e       0x7f /usr/local/mcuxpressoide-10.2.1_795/ide/tools/bin/../lib/gcc/arm-none-eabi/7.2.1/thumb/v6-m/libcr_eabihelpers.a(float.o)

.ARM.attributes
                0x0000000000000000       0x2f
 .ARM.attributes
                0x0000000000000000       0x31 ./startup/cr_startup_lpc11.o
 .ARM.attributes
                0x0000000000000031       0x31 ./src/uart_main.o
 .ARM.attributes
                0x0000000000000062       0x31 ./driver/adc.o
 .ARM.attributes
                0x0000000000000093       0x31 ./driver/crp.o
 .ARM.attributes
                0x00000000000000c4       0x31 ./driver/timer32.o
 .ARM.attributes
                0x00000000000000f5       0x31 ./driver/uart.o
 .ARM.attributes
                0x0000000000000126       0x31 ./cmsis/system_LPC11xx.o
 .ARM.attributes
                0x0000000000000157       0x31 /usr/local/mcuxpressoide-10.2.1_795/ide/tools/bin/../lib/gcc/arm-none-eabi/7.2.1/../../../../arm-none-eabi/lib/thumb/v6-m/libcr_c.a(__weak__main.o)
 .ARM.attributes
                0x0000000000000188       0x21 /usr/local/mcuxpressoide-10.2.1_795/ide/tools/bin/../lib/gcc/arm-none-eabi/7.2.1/thumb/v6-m/libcr_eabihelpers.a(division_32.o)
 .ARM.attributes
                0x00000000000001a9       0x21 /usr/local/mcuxpressoide-10.2.1_795/ide/tools/bin/../lib/gcc/arm-none-eabi/7.2.1/thumb/v6-m/libcr_eabihelpers.a(division_idiv0.o)
 .ARM.attributes
                0x00000000000001ca       0x31 /usr/local/mcuxpressoide-10.2.1_795/ide/tools/bin/../lib/gcc/arm-none-eabi/7.2.1/thumb/v6-m/libcr_eabihelpers.a(float.o)
 .ARM.attributes
                0x00000000000001fb       0x21 /usr/local/mcuxpressoide-10.2.1_795/ide/tools/bin/../lib/gcc/arm-none-eabi/7.2.1/thumb/v6-m/libcr_eabihelpers.a(llong.o)

.debug_frame    0x0000000000000000      0x468
 .debug_frame   0x0000000000000000       0xd8 ./startup/cr_startup_lpc11.o
 .debug_frame   0x00000000000000d8       0xa8 ./src/uart_main.o
 .debug_frame   0x0000000000000180       0xac ./driver/adc.o
 .debug_frame   0x000000000000022c      0x12c ./driver/timer32.o
 .debug_frame   0x0000000000000358       0xcc ./driver/uart.o
 .debug_frame   0x0000000000000424       0x44 ./cmsis/system_LPC11xx.o

.debug_loc      0x0000000000000000       0x9c
 .debug_loc     0x0000000000000000       0x9c ./cmsis/system_LPC11xx.o
