20:47:05 **** Incremental Build of configuration Debug for project blinky ****
make -r -j2 all 
Building target: blinky.axf
Invoking: MCU Linker
arm-none-eabi-gcc -nostdlib -Xlinker -Map=blinky.map -Xlinker --gc-sections -mcpu=cortex-m0 -mthumb -T "../linker/lpc1114_flash_crp.ld" -o "blinky.axf"  ./startup/cr_startup_lpc11.o  ./src/blinky_main.o  ./driver/adc.o ./driver/can.o ./driver/clkconfig.o ./driver/crp.o ./driver/debug_printf.o ./driver/gpio.o ./driver/i2c.o ./driver/i2cslave.o ./driver/lpc_swu.o ./driver/rs485.o ./driver/small_gpio.o ./driver/ssp.o ./driver/timer16.o ./driver/timer32.o ./driver/uart.o ./driver/wdt.o  ./cmsis/core_cm0.o ./cmsis/system_LPC11xx.o   
Finished building target: blinky.axf
 
make --no-print-directory post-build
Performing post-build steps
arm-none-eabi-size blinky.axf; arm-none-eabi-objcopy -O binary blinky.axf blinky.bin ; checksum -p LPC1115_303 -d blinky.bin;
   text	   data	    bss	    dec	    hex	filename
   2124	      4	      8	   2136	    858	blinky.axf
Written checksum 0xefffd637 at offset 0x1c in file blinky.bin
Previous value 0x00000000 at offset 0x1c in file blinky.bin
 

20:47:05 Build Finished (took 523ms)

