14:37:14 **** Build of configuration Debug for project Lab3_DDL ****
make -r -j2 all 
Building file: ../src/cr_startup_lpc11xx.c
Building file: ../src/Lab3_DDL.c
Invoking: MCU C Compiler
arm-none-eabi-gcc -DDEBUG -D__CODE_RED -DCORE_M0 -D__LPC11XX__ -D__REDLIB__ -O0 -fno-common -g3 -Wall -c -fmessage-length=0 -fno-builtin -ffunction-sections -fdata-sections -mcpu=cortex-m0 -mthumb -specs=redlib.specs -MMD -MP -MF"src/Lab3_DDL.d" -MT"src/Lab3_DDL.o" -MT"src/Lab3_DDL.d" -o "src/Lab3_DDL.o" "../src/Lab3_DDL.c"
Invoking: MCU C Compiler
arm-none-eabi-gcc -DDEBUG -D__CODE_RED -DCORE_M0 -D__LPC11XX__ -D__REDLIB__ -O0 -fno-common -g3 -Wall -c -fmessage-length=0 -fno-builtin -ffunction-sections -fdata-sections -mcpu=cortex-m0 -mthumb -specs=redlib.specs -MMD -MP -MF"src/cr_startup_lpc11xx.d" -MT"src/cr_startup_lpc11xx.o" -MT"src/cr_startup_lpc11xx.d" -o "src/cr_startup_lpc11xx.o" "../src/cr_startup_lpc11xx.c"
Finished building: ../src/Lab3_DDL.c
 
Building file: ../src/crp.c
Invoking: MCU C Compiler
arm-none-eabi-gcc -DDEBUG -D__CODE_RED -DCORE_M0 -D__LPC11XX__ -D__REDLIB__ -O0 -fno-common -g3 -Wall -c -fmessage-length=0 -fno-builtin -ffunction-sections -fdata-sections -mcpu=cortex-m0 -mthumb -specs=redlib.specs -MMD -MP -MF"src/crp.d" -MT"src/crp.o" -MT"src/crp.d" -o "src/crp.o" "../src/crp.c"
Finished building: ../src/cr_startup_lpc11xx.c
 
Finished building: ../src/crp.c
 
Building target: Lab3_DDL.axf
Invoking: MCU Linker
arm-none-eabi-gcc -nostdlib -Xlinker -Map="Lab3_DDL.map" -Xlinker --gc-sections -Xlinker -print-memory-usage -mcpu=cortex-m0 -mthumb -T "Lab3_DDL_Debug.ld" -o "Lab3_DDL.axf"  ./src/Lab3_DDL.o ./src/cr_startup_lpc11xx.o ./src/crp.o   
Memory region         Used Size  Region Size  %age Used
        MFlash64:         796 B        64 KB      1.21%
         RamLoc8:           4 B         8 KB      0.05%
Finished building target: Lab3_DDL.axf
 
make --no-print-directory post-build
Performing post-build steps
arm-none-eabi-size "Lab3_DDL.axf"; # arm-none-eabi-objcopy -v -O binary "Lab3_DDL.axf" "Lab3_DDL.bin" ; # checksum -p LPC1115_303 -d "Lab3_DDL.bin";
   text	   data	    bss	    dec	    hex	filename
    796	      0	      4	    800	    320	Lab3_DDL.axf
 

14:37:15 Build Finished (took 813ms)

