Archive member included to satisfy reference by file (symbol)

c:/nxp/lpcxpresso_8.2.2_650/lpcxpresso/tools/bin/../lib/gcc/arm-none-eabi/5.4.1/../../../../arm-none-eabi/lib/armv6-m\libcr_c.a(__weak__main.o)
                              ./startup/cr_startup_lpc11.o (__main)
c:/nxp/lpcxpresso_8.2.2_650/lpcxpresso/tools/bin/../lib/gcc/arm-none-eabi/5.4.1/armv6-m\libcr_eabihelpers.a(division_32.o)
                              ./src/blinky_main.o (__aeabi_uidiv)
c:/nxp/lpcxpresso_8.2.2_650/lpcxpresso/tools/bin/../lib/gcc/arm-none-eabi/5.4.1/armv6-m\libcr_eabihelpers.a(division_idiv0.o)
                              c:/nxp/lpcxpresso_8.2.2_650/lpcxpresso/tools/bin/../lib/gcc/arm-none-eabi/5.4.1/armv6-m\libcr_eabihelpers.a(division_32.o) (__aeabi_idiv0)

Discarded input sections

 .group         0x00000000        0x8 ./startup/cr_startup_lpc11.o
 .group         0x00000000        0x8 ./startup/cr_startup_lpc11.o
 .group         0x00000000        0x8 ./startup/cr_startup_lpc11.o
 .group         0x00000000        0x8 ./startup/cr_startup_lpc11.o
 .group         0x00000000        0x8 ./startup/cr_startup_lpc11.o
 .text          0x00000000        0x0 ./startup/cr_startup_lpc11.o
 .data          0x00000000        0x0 ./startup/cr_startup_lpc11.o
 .bss           0x00000000        0x0 ./startup/cr_startup_lpc11.o
 .group         0x00000000        0x8 ./src/blinky_main.o
 .group         0x00000000        0x8 ./src/blinky_main.o
 .group         0x00000000        0x8 ./src/blinky_main.o
 .group         0x00000000        0x8 ./src/blinky_main.o
 .group         0x00000000        0x8 ./src/blinky_main.o
 .group         0x00000000        0x8 ./src/blinky_main.o
 .group         0x00000000        0x8 ./src/blinky_main.o
 .group         0x00000000        0x8 ./src/blinky_main.o
 .group         0x00000000        0x8 ./src/blinky_main.o
 .group         0x00000000        0x8 ./src/blinky_main.o
 .group         0x00000000        0x8 ./src/blinky_main.o
 .group         0x00000000        0x8 ./src/blinky_main.o
 .group         0x00000000        0x8 ./src/blinky_main.o
 .text          0x00000000        0x0 ./src/blinky_main.o
 .data          0x00000000        0x0 ./src/blinky_main.o
 .bss           0x00000000        0x0 ./src/blinky_main.o
 .rodata.LPC_GPIO
                0x00000000       0x10 ./src/blinky_main.o
 .debug_macro   0x00000000      0x838 ./src/blinky_main.o
 .debug_macro   0x00000000       0x10 ./src/blinky_main.o
 .debug_macro   0x00000000      0x12d ./src/blinky_main.o
 .debug_macro   0x00000000      0x5b2 ./src/blinky_main.o
 .group         0x00000000        0x8 ./driver/adc.o
 .group         0x00000000        0x8 ./driver/adc.o
 .group         0x00000000        0x8 ./driver/adc.o
 .group         0x00000000        0x8 ./driver/adc.o
 .group         0x00000000        0x8 ./driver/adc.o
 .group         0x00000000        0x8 ./driver/adc.o
 .group         0x00000000        0x8 ./driver/adc.o
 .group         0x00000000        0x8 ./driver/adc.o
 .group         0x00000000        0x8 ./driver/adc.o
 .group         0x00000000        0x8 ./driver/adc.o
 .text          0x00000000        0x0 ./driver/adc.o
 .data          0x00000000        0x0 ./driver/adc.o
 .bss           0x00000000        0x0 ./driver/adc.o
 .debug_info    0x00000000       0x6f ./driver/adc.o
 .debug_abbrev  0x00000000       0x29 ./driver/adc.o
 .debug_aranges
                0x00000000       0x18 ./driver/adc.o
 .debug_macro   0x00000000       0x70 ./driver/adc.o
 .debug_macro   0x00000000      0x838 ./driver/adc.o
 .debug_macro   0x00000000       0x1c ./driver/adc.o
 .debug_macro   0x00000000       0x22 ./driver/adc.o
 .debug_macro   0x00000000       0x10 ./driver/adc.o
 .debug_macro   0x00000000      0x12d ./driver/adc.o
 .debug_macro   0x00000000      0x5b2 ./driver/adc.o
 .debug_macro   0x00000000      0x37a ./driver/adc.o
 .debug_macro   0x00000000       0x8d ./driver/adc.o
 .debug_macro   0x00000000      0x123 ./driver/adc.o
 .debug_macro   0x00000000       0x22 ./driver/adc.o
 .debug_line    0x00000000      0x143 ./driver/adc.o
 .debug_str     0x00000000     0x5a16 ./driver/adc.o
 .comment       0x00000000       0x6f ./driver/adc.o
 .ARM.attributes
                0x00000000       0x31 ./driver/adc.o
 .group         0x00000000        0x8 ./driver/can.o
 .group         0x00000000        0x8 ./driver/can.o
 .group         0x00000000        0x8 ./driver/can.o
 .group         0x00000000        0x8 ./driver/can.o
 .group         0x00000000        0x8 ./driver/can.o
 .group         0x00000000        0x8 ./driver/can.o
 .group         0x00000000        0x8 ./driver/can.o
 .group         0x00000000        0x8 ./driver/can.o
 .group         0x00000000        0x8 ./driver/can.o
 .group         0x00000000        0x8 ./driver/can.o
 .text          0x00000000        0x0 ./driver/can.o
 .data          0x00000000        0x0 ./driver/can.o
 .bss           0x00000000        0x0 ./driver/can.o
 .debug_info    0x00000000       0x6f ./driver/can.o
 .debug_abbrev  0x00000000       0x29 ./driver/can.o
 .debug_aranges
                0x00000000       0x18 ./driver/can.o
 .debug_macro   0x00000000       0x70 ./driver/can.o
 .debug_macro   0x00000000      0x838 ./driver/can.o
 .debug_macro   0x00000000       0x1c ./driver/can.o
 .debug_macro   0x00000000       0x22 ./driver/can.o
 .debug_macro   0x00000000       0x10 ./driver/can.o
 .debug_macro   0x00000000      0x12d ./driver/can.o
 .debug_macro   0x00000000      0x5b2 ./driver/can.o
 .debug_macro   0x00000000      0x37a ./driver/can.o
 .debug_macro   0x00000000       0x8d ./driver/can.o
 .debug_macro   0x00000000      0x123 ./driver/can.o
 .debug_macro   0x00000000       0x22 ./driver/can.o
 .debug_line    0x00000000      0x143 ./driver/can.o
 .debug_str     0x00000000     0x5a16 ./driver/can.o
 .comment       0x00000000       0x6f ./driver/can.o
 .ARM.attributes
                0x00000000       0x31 ./driver/can.o
 .group         0x00000000        0x8 ./driver/clkconfig.o
 .group         0x00000000        0x8 ./driver/clkconfig.o
 .group         0x00000000        0x8 ./driver/clkconfig.o
 .group         0x00000000        0x8 ./driver/clkconfig.o
 .group         0x00000000        0x8 ./driver/clkconfig.o
 .group         0x00000000        0x8 ./driver/clkconfig.o
 .group         0x00000000        0x8 ./driver/clkconfig.o
 .group         0x00000000        0x8 ./driver/clkconfig.o
 .group         0x00000000        0x8 ./driver/clkconfig.o
 .group         0x00000000        0x8 ./driver/clkconfig.o
 .text          0x00000000        0x0 ./driver/clkconfig.o
 .data          0x00000000        0x0 ./driver/clkconfig.o
 .bss           0x00000000        0x0 ./driver/clkconfig.o
 .debug_info    0x00000000       0x6f ./driver/clkconfig.o
 .debug_abbrev  0x00000000       0x29 ./driver/clkconfig.o
 .debug_aranges
                0x00000000       0x18 ./driver/clkconfig.o
 .debug_macro   0x00000000       0x70 ./driver/clkconfig.o
 .debug_macro   0x00000000      0x838 ./driver/clkconfig.o
 .debug_macro   0x00000000       0x1c ./driver/clkconfig.o
 .debug_macro   0x00000000       0x22 ./driver/clkconfig.o
 .debug_macro   0x00000000       0x10 ./driver/clkconfig.o
 .debug_macro   0x00000000      0x12d ./driver/clkconfig.o
 .debug_macro   0x00000000      0x5b2 ./driver/clkconfig.o
 .debug_macro   0x00000000      0x37a ./driver/clkconfig.o
 .debug_macro   0x00000000       0x8d ./driver/clkconfig.o
 .debug_macro   0x00000000      0x123 ./driver/clkconfig.o
 .debug_macro   0x00000000       0x22 ./driver/clkconfig.o
 .debug_line    0x00000000      0x149 ./driver/clkconfig.o
 .debug_str     0x00000000     0x5a1c ./driver/clkconfig.o
 .comment       0x00000000       0x6f ./driver/clkconfig.o
 .ARM.attributes
                0x00000000       0x31 ./driver/clkconfig.o
 .group         0x00000000        0x8 ./driver/crp.o
 .group         0x00000000        0x8 ./driver/crp.o
 .group         0x00000000        0x8 ./driver/crp.o
 .group         0x00000000        0x8 ./driver/crp.o
 .group         0x00000000        0x8 ./driver/crp.o
 .group         0x00000000        0x8 ./driver/crp.o
 .group         0x00000000        0x8 ./driver/crp.o
 .group         0x00000000        0x8 ./driver/crp.o
 .group         0x00000000        0x8 ./driver/crp.o
 .group         0x00000000        0x8 ./driver/crp.o
 .group         0x00000000        0x8 ./driver/crp.o
 .group         0x00000000        0x8 ./driver/crp.o
 .text          0x00000000        0x0 ./driver/crp.o
 .data          0x00000000        0x0 ./driver/crp.o
 .bss           0x00000000        0x0 ./driver/crp.o
 .debug_macro   0x00000000      0x838 ./driver/crp.o
 .debug_macro   0x00000000       0x1c ./driver/crp.o
 .debug_macro   0x00000000       0x22 ./driver/crp.o
 .debug_macro   0x00000000       0x10 ./driver/crp.o
 .debug_macro   0x00000000      0x12d ./driver/crp.o
 .debug_macro   0x00000000      0x5b2 ./driver/crp.o
 .debug_macro   0x00000000      0x37a ./driver/crp.o
 .debug_macro   0x00000000       0x8d ./driver/crp.o
 .debug_macro   0x00000000      0x123 ./driver/crp.o
 .debug_macro   0x00000000       0x22 ./driver/crp.o
 .group         0x00000000        0x8 ./driver/debug_printf.o
 .group         0x00000000        0x8 ./driver/debug_printf.o
 .group         0x00000000        0x8 ./driver/debug_printf.o
 .group         0x00000000        0x8 ./driver/debug_printf.o
 .group         0x00000000        0x8 ./driver/debug_printf.o
 .group         0x00000000        0x8 ./driver/debug_printf.o
 .group         0x00000000        0x8 ./driver/debug_printf.o
 .group         0x00000000        0x8 ./driver/debug_printf.o
 .group         0x00000000        0x8 ./driver/debug_printf.o
 .group         0x00000000        0x8 ./driver/debug_printf.o
 .text          0x00000000        0x0 ./driver/debug_printf.o
 .data          0x00000000        0x0 ./driver/debug_printf.o
 .bss           0x00000000        0x0 ./driver/debug_printf.o
 .debug_info    0x00000000       0x6f ./driver/debug_printf.o
 .debug_abbrev  0x00000000       0x29 ./driver/debug_printf.o
 .debug_aranges
                0x00000000       0x18 ./driver/debug_printf.o
 .debug_macro   0x00000000       0x70 ./driver/debug_printf.o
 .debug_macro   0x00000000      0x838 ./driver/debug_printf.o
 .debug_macro   0x00000000       0x1c ./driver/debug_printf.o
 .debug_macro   0x00000000       0x22 ./driver/debug_printf.o
 .debug_macro   0x00000000       0x10 ./driver/debug_printf.o
 .debug_macro   0x00000000      0x12d ./driver/debug_printf.o
 .debug_macro   0x00000000      0x5b2 ./driver/debug_printf.o
 .debug_macro   0x00000000      0x37a ./driver/debug_printf.o
 .debug_macro   0x00000000       0x8d ./driver/debug_printf.o
 .debug_macro   0x00000000      0x123 ./driver/debug_printf.o
 .debug_macro   0x00000000       0x22 ./driver/debug_printf.o
 .debug_line    0x00000000      0x14c ./driver/debug_printf.o
 .debug_str     0x00000000     0x5a1f ./driver/debug_printf.o
 .comment       0x00000000       0x6f ./driver/debug_printf.o
 .ARM.attributes
                0x00000000       0x31 ./driver/debug_printf.o
 .group         0x00000000        0x8 ./driver/gpio.o
 .group         0x00000000        0x8 ./driver/gpio.o
 .group         0x00000000        0x8 ./driver/gpio.o
 .group         0x00000000        0x8 ./driver/gpio.o
 .group         0x00000000        0x8 ./driver/gpio.o
 .group         0x00000000        0x8 ./driver/gpio.o
 .group         0x00000000        0x8 ./driver/gpio.o
 .group         0x00000000        0x8 ./driver/gpio.o
 .group         0x00000000        0x8 ./driver/gpio.o
 .group         0x00000000        0x8 ./driver/gpio.o
 .group         0x00000000        0x8 ./driver/gpio.o
 .text          0x00000000        0x0 ./driver/gpio.o
 .data          0x00000000        0x0 ./driver/gpio.o
 .bss           0x00000000        0x0 ./driver/gpio.o
 .text.GPIOSetInterrupt
                0x00000000      0x2ec ./driver/gpio.o
 .text.GPIOIntEnable
                0x00000000       0x98 ./driver/gpio.o
 .text.GPIOIntDisable
                0x00000000       0xa0 ./driver/gpio.o
 .text.GPIOIntStatus
                0x00000000       0xac ./driver/gpio.o
 .text.GPIOIntClear
                0x00000000       0x98 ./driver/gpio.o
 .debug_macro   0x00000000      0x838 ./driver/gpio.o
 .debug_macro   0x00000000       0x1c ./driver/gpio.o
 .debug_macro   0x00000000       0x22 ./driver/gpio.o
 .debug_macro   0x00000000       0x10 ./driver/gpio.o
 .debug_macro   0x00000000      0x12d ./driver/gpio.o
 .debug_macro   0x00000000      0x5b2 ./driver/gpio.o
 .debug_macro   0x00000000      0x37a ./driver/gpio.o
 .debug_macro   0x00000000       0x8d ./driver/gpio.o
 .debug_macro   0x00000000      0x123 ./driver/gpio.o
 .debug_macro   0x00000000       0x22 ./driver/gpio.o
 .debug_macro   0x00000000       0x22 ./driver/gpio.o
 .group         0x00000000        0x8 ./driver/i2c.o
 .group         0x00000000        0x8 ./driver/i2c.o
 .group         0x00000000        0x8 ./driver/i2c.o
 .group         0x00000000        0x8 ./driver/i2c.o
 .group         0x00000000        0x8 ./driver/i2c.o
 .group         0x00000000        0x8 ./driver/i2c.o
 .group         0x00000000        0x8 ./driver/i2c.o
 .group         0x00000000        0x8 ./driver/i2c.o
 .group         0x00000000        0x8 ./driver/i2c.o
 .group         0x00000000        0x8 ./driver/i2c.o
 .text          0x00000000        0x0 ./driver/i2c.o
 .data          0x00000000        0x0 ./driver/i2c.o
 .bss           0x00000000        0x0 ./driver/i2c.o
 .debug_info    0x00000000       0x6f ./driver/i2c.o
 .debug_abbrev  0x00000000       0x29 ./driver/i2c.o
 .debug_aranges
                0x00000000       0x18 ./driver/i2c.o
 .debug_macro   0x00000000       0x70 ./driver/i2c.o
 .debug_macro   0x00000000      0x838 ./driver/i2c.o
 .debug_macro   0x00000000       0x1c ./driver/i2c.o
 .debug_macro   0x00000000       0x22 ./driver/i2c.o
 .debug_macro   0x00000000       0x10 ./driver/i2c.o
 .debug_macro   0x00000000      0x12d ./driver/i2c.o
 .debug_macro   0x00000000      0x5b2 ./driver/i2c.o
 .debug_macro   0x00000000      0x37a ./driver/i2c.o
 .debug_macro   0x00000000       0x8d ./driver/i2c.o
 .debug_macro   0x00000000      0x123 ./driver/i2c.o
 .debug_macro   0x00000000       0x22 ./driver/i2c.o
 .debug_line    0x00000000      0x143 ./driver/i2c.o
 .debug_str     0x00000000     0x5a16 ./driver/i2c.o
 .comment       0x00000000       0x6f ./driver/i2c.o
 .ARM.attributes
                0x00000000       0x31 ./driver/i2c.o
 .group         0x00000000        0x8 ./driver/i2cslave.o
 .group         0x00000000        0x8 ./driver/i2cslave.o
 .group         0x00000000        0x8 ./driver/i2cslave.o
 .group         0x00000000        0x8 ./driver/i2cslave.o
 .group         0x00000000        0x8 ./driver/i2cslave.o
 .group         0x00000000        0x8 ./driver/i2cslave.o
 .group         0x00000000        0x8 ./driver/i2cslave.o
 .group         0x00000000        0x8 ./driver/i2cslave.o
 .group         0x00000000        0x8 ./driver/i2cslave.o
 .group         0x00000000        0x8 ./driver/i2cslave.o
 .text          0x00000000        0x0 ./driver/i2cslave.o
 .data          0x00000000        0x0 ./driver/i2cslave.o
 .bss           0x00000000        0x0 ./driver/i2cslave.o
 .debug_info    0x00000000       0x6f ./driver/i2cslave.o
 .debug_abbrev  0x00000000       0x29 ./driver/i2cslave.o
 .debug_aranges
                0x00000000       0x18 ./driver/i2cslave.o
 .debug_macro   0x00000000       0x70 ./driver/i2cslave.o
 .debug_macro   0x00000000      0x838 ./driver/i2cslave.o
 .debug_macro   0x00000000       0x1c ./driver/i2cslave.o
 .debug_macro   0x00000000       0x22 ./driver/i2cslave.o
 .debug_macro   0x00000000       0x10 ./driver/i2cslave.o
 .debug_macro   0x00000000      0x12d ./driver/i2cslave.o
 .debug_macro   0x00000000      0x5b2 ./driver/i2cslave.o
 .debug_macro   0x00000000      0x37a ./driver/i2cslave.o
 .debug_macro   0x00000000       0x8d ./driver/i2cslave.o
 .debug_macro   0x00000000      0x123 ./driver/i2cslave.o
 .debug_macro   0x00000000       0x22 ./driver/i2cslave.o
 .debug_line    0x00000000      0x148 ./driver/i2cslave.o
 .debug_str     0x00000000     0x5a1b ./driver/i2cslave.o
 .comment       0x00000000       0x6f ./driver/i2cslave.o
 .ARM.attributes
                0x00000000       0x31 ./driver/i2cslave.o
 .group         0x00000000        0x8 ./driver/lpc_swu.o
 .group         0x00000000        0x8 ./driver/lpc_swu.o
 .group         0x00000000        0x8 ./driver/lpc_swu.o
 .group         0x00000000        0x8 ./driver/lpc_swu.o
 .group         0x00000000        0x8 ./driver/lpc_swu.o
 .group         0x00000000        0x8 ./driver/lpc_swu.o
 .group         0x00000000        0x8 ./driver/lpc_swu.o
 .group         0x00000000        0x8 ./driver/lpc_swu.o
 .group         0x00000000        0x8 ./driver/lpc_swu.o
 .group         0x00000000        0x8 ./driver/lpc_swu.o
 .text          0x00000000        0x0 ./driver/lpc_swu.o
 .data          0x00000000        0x0 ./driver/lpc_swu.o
 .bss           0x00000000        0x0 ./driver/lpc_swu.o
 .debug_info    0x00000000       0x6f ./driver/lpc_swu.o
 .debug_abbrev  0x00000000       0x29 ./driver/lpc_swu.o
 .debug_aranges
                0x00000000       0x18 ./driver/lpc_swu.o
 .debug_macro   0x00000000       0x70 ./driver/lpc_swu.o
 .debug_macro   0x00000000      0x838 ./driver/lpc_swu.o
 .debug_macro   0x00000000       0x1c ./driver/lpc_swu.o
 .debug_macro   0x00000000       0x22 ./driver/lpc_swu.o
 .debug_macro   0x00000000       0x10 ./driver/lpc_swu.o
 .debug_macro   0x00000000      0x12d ./driver/lpc_swu.o
 .debug_macro   0x00000000      0x5b2 ./driver/lpc_swu.o
 .debug_macro   0x00000000      0x37a ./driver/lpc_swu.o
 .debug_macro   0x00000000       0x8d ./driver/lpc_swu.o
 .debug_macro   0x00000000      0x123 ./driver/lpc_swu.o
 .debug_macro   0x00000000       0x22 ./driver/lpc_swu.o
 .debug_line    0x00000000      0x147 ./driver/lpc_swu.o
 .debug_str     0x00000000     0x5a1a ./driver/lpc_swu.o
 .comment       0x00000000       0x6f ./driver/lpc_swu.o
 .ARM.attributes
                0x00000000       0x31 ./driver/lpc_swu.o
 .group         0x00000000        0x8 ./driver/rs485.o
 .group         0x00000000        0x8 ./driver/rs485.o
 .group         0x00000000        0x8 ./driver/rs485.o
 .group         0x00000000        0x8 ./driver/rs485.o
 .group         0x00000000        0x8 ./driver/rs485.o
 .group         0x00000000        0x8 ./driver/rs485.o
 .group         0x00000000        0x8 ./driver/rs485.o
 .group         0x00000000        0x8 ./driver/rs485.o
 .group         0x00000000        0x8 ./driver/rs485.o
 .group         0x00000000        0x8 ./driver/rs485.o
 .text          0x00000000        0x0 ./driver/rs485.o
 .data          0x00000000        0x0 ./driver/rs485.o
 .bss           0x00000000        0x0 ./driver/rs485.o
 .debug_info    0x00000000       0x6f ./driver/rs485.o
 .debug_abbrev  0x00000000       0x29 ./driver/rs485.o
 .debug_aranges
                0x00000000       0x18 ./driver/rs485.o
 .debug_macro   0x00000000       0x70 ./driver/rs485.o
 .debug_macro   0x00000000      0x838 ./driver/rs485.o
 .debug_macro   0x00000000       0x1c ./driver/rs485.o
 .debug_macro   0x00000000       0x22 ./driver/rs485.o
 .debug_macro   0x00000000       0x10 ./driver/rs485.o
 .debug_macro   0x00000000      0x12d ./driver/rs485.o
 .debug_macro   0x00000000      0x5b2 ./driver/rs485.o
 .debug_macro   0x00000000      0x37a ./driver/rs485.o
 .debug_macro   0x00000000       0x8d ./driver/rs485.o
 .debug_macro   0x00000000      0x123 ./driver/rs485.o
 .debug_macro   0x00000000       0x22 ./driver/rs485.o
 .debug_line    0x00000000      0x145 ./driver/rs485.o
 .debug_str     0x00000000     0x5a18 ./driver/rs485.o
 .comment       0x00000000       0x6f ./driver/rs485.o
 .ARM.attributes
                0x00000000       0x31 ./driver/rs485.o
 .group         0x00000000        0x8 ./driver/small_gpio.o
 .group         0x00000000        0x8 ./driver/small_gpio.o
 .group         0x00000000        0x8 ./driver/small_gpio.o
 .group         0x00000000        0x8 ./driver/small_gpio.o
 .group         0x00000000        0x8 ./driver/small_gpio.o
 .group         0x00000000        0x8 ./driver/small_gpio.o
 .group         0x00000000        0x8 ./driver/small_gpio.o
 .group         0x00000000        0x8 ./driver/small_gpio.o
 .group         0x00000000        0x8 ./driver/small_gpio.o
 .group         0x00000000        0x8 ./driver/small_gpio.o
 .text          0x00000000        0x0 ./driver/small_gpio.o
 .data          0x00000000        0x0 ./driver/small_gpio.o
 .bss           0x00000000        0x0 ./driver/small_gpio.o
 .debug_info    0x00000000       0x6f ./driver/small_gpio.o
 .debug_abbrev  0x00000000       0x29 ./driver/small_gpio.o
 .debug_aranges
                0x00000000       0x18 ./driver/small_gpio.o
 .debug_macro   0x00000000       0x70 ./driver/small_gpio.o
 .debug_macro   0x00000000      0x838 ./driver/small_gpio.o
 .debug_macro   0x00000000       0x1c ./driver/small_gpio.o
 .debug_macro   0x00000000       0x22 ./driver/small_gpio.o
 .debug_macro   0x00000000       0x10 ./driver/small_gpio.o
 .debug_macro   0x00000000      0x12d ./driver/small_gpio.o
 .debug_macro   0x00000000      0x5b2 ./driver/small_gpio.o
 .debug_macro   0x00000000      0x37a ./driver/small_gpio.o
 .debug_macro   0x00000000       0x8d ./driver/small_gpio.o
 .debug_macro   0x00000000      0x123 ./driver/small_gpio.o
 .debug_macro   0x00000000       0x22 ./driver/small_gpio.o
 .debug_line    0x00000000      0x14a ./driver/small_gpio.o
 .debug_str     0x00000000     0x5a1d ./driver/small_gpio.o
 .comment       0x00000000       0x6f ./driver/small_gpio.o
 .ARM.attributes
                0x00000000       0x31 ./driver/small_gpio.o
 .group         0x00000000        0x8 ./driver/ssp.o
 .group         0x00000000        0x8 ./driver/ssp.o
 .group         0x00000000        0x8 ./driver/ssp.o
 .group         0x00000000        0x8 ./driver/ssp.o
 .group         0x00000000        0x8 ./driver/ssp.o
 .group         0x00000000        0x8 ./driver/ssp.o
 .group         0x00000000        0x8 ./driver/ssp.o
 .group         0x00000000        0x8 ./driver/ssp.o
 .group         0x00000000        0x8 ./driver/ssp.o
 .group         0x00000000        0x8 ./driver/ssp.o
 .text          0x00000000        0x0 ./driver/ssp.o
 .data          0x00000000        0x0 ./driver/ssp.o
 .bss           0x00000000        0x0 ./driver/ssp.o
 .debug_info    0x00000000       0x6f ./driver/ssp.o
 .debug_abbrev  0x00000000       0x29 ./driver/ssp.o
 .debug_aranges
                0x00000000       0x18 ./driver/ssp.o
 .debug_macro   0x00000000       0x70 ./driver/ssp.o
 .debug_macro   0x00000000      0x838 ./driver/ssp.o
 .debug_macro   0x00000000       0x1c ./driver/ssp.o
 .debug_macro   0x00000000       0x22 ./driver/ssp.o
 .debug_macro   0x00000000       0x10 ./driver/ssp.o
 .debug_macro   0x00000000      0x12d ./driver/ssp.o
 .debug_macro   0x00000000      0x5b2 ./driver/ssp.o
 .debug_macro   0x00000000      0x37a ./driver/ssp.o
 .debug_macro   0x00000000       0x8d ./driver/ssp.o
 .debug_macro   0x00000000      0x123 ./driver/ssp.o
 .debug_macro   0x00000000       0x22 ./driver/ssp.o
 .debug_line    0x00000000      0x143 ./driver/ssp.o
 .debug_str     0x00000000     0x5a16 ./driver/ssp.o
 .comment       0x00000000       0x6f ./driver/ssp.o
 .ARM.attributes
                0x00000000       0x31 ./driver/ssp.o
 .group         0x00000000        0x8 ./driver/timer16.o
 .group         0x00000000        0x8 ./driver/timer16.o
 .group         0x00000000        0x8 ./driver/timer16.o
 .group         0x00000000        0x8 ./driver/timer16.o
 .group         0x00000000        0x8 ./driver/timer16.o
 .group         0x00000000        0x8 ./driver/timer16.o
 .group         0x00000000        0x8 ./driver/timer16.o
 .group         0x00000000        0x8 ./driver/timer16.o
 .group         0x00000000        0x8 ./driver/timer16.o
 .group         0x00000000        0x8 ./driver/timer16.o
 .text          0x00000000        0x0 ./driver/timer16.o
 .data          0x00000000        0x0 ./driver/timer16.o
 .bss           0x00000000        0x0 ./driver/timer16.o
 .debug_info    0x00000000       0x6f ./driver/timer16.o
 .debug_abbrev  0x00000000       0x29 ./driver/timer16.o
 .debug_aranges
                0x00000000       0x18 ./driver/timer16.o
 .debug_macro   0x00000000       0x7a ./driver/timer16.o
 .debug_macro   0x00000000      0x838 ./driver/timer16.o
 .debug_macro   0x00000000       0x1c ./driver/timer16.o
 .debug_macro   0x00000000       0x22 ./driver/timer16.o
 .debug_macro   0x00000000       0x10 ./driver/timer16.o
 .debug_macro   0x00000000      0x12d ./driver/timer16.o
 .debug_macro   0x00000000      0x5b2 ./driver/timer16.o
 .debug_macro   0x00000000      0x37a ./driver/timer16.o
 .debug_macro   0x00000000       0x8d ./driver/timer16.o
 .debug_macro   0x00000000      0x123 ./driver/timer16.o
 .debug_macro   0x00000000       0x22 ./driver/timer16.o
 .debug_line    0x00000000      0x154 ./driver/timer16.o
 .debug_str     0x00000000     0x5a27 ./driver/timer16.o
 .comment       0x00000000       0x6f ./driver/timer16.o
 .ARM.attributes
                0x00000000       0x31 ./driver/timer16.o
 .group         0x00000000        0x8 ./driver/timer32.o
 .group         0x00000000        0x8 ./driver/timer32.o
 .group         0x00000000        0x8 ./driver/timer32.o
 .group         0x00000000        0x8 ./driver/timer32.o
 .group         0x00000000        0x8 ./driver/timer32.o
 .group         0x00000000        0x8 ./driver/timer32.o
 .group         0x00000000        0x8 ./driver/timer32.o
 .group         0x00000000        0x8 ./driver/timer32.o
 .group         0x00000000        0x8 ./driver/timer32.o
 .group         0x00000000        0x8 ./driver/timer32.o
 .group         0x00000000        0x8 ./driver/timer32.o
 .text          0x00000000        0x0 ./driver/timer32.o
 .data          0x00000000        0x0 ./driver/timer32.o
 .bss           0x00000000        0x0 ./driver/timer32.o
 .bss.timer32_0_period
                0x00000000        0x4 ./driver/timer32.o
 .bss.timer32_1_period
                0x00000000        0x4 ./driver/timer32.o
 .text.delay32Ms
                0x00000000       0xe4 ./driver/timer32.o
 .text.disable_timer32
                0x00000000       0x34 ./driver/timer32.o
 .text.reset_timer32
                0x00000000       0x50 ./driver/timer32.o
 .text.init_timer32PWM
                0x00000000      0x21c ./driver/timer32.o
 .text.setMatch_timer32PWM
                0x00000000       0xa0 ./driver/timer32.o
 .debug_macro   0x00000000      0x838 ./driver/timer32.o
 .debug_macro   0x00000000       0x1c ./driver/timer32.o
 .debug_macro   0x00000000       0x22 ./driver/timer32.o
 .debug_macro   0x00000000       0x10 ./driver/timer32.o
 .debug_macro   0x00000000      0x12d ./driver/timer32.o
 .debug_macro   0x00000000      0x5b2 ./driver/timer32.o
 .debug_macro   0x00000000      0x37a ./driver/timer32.o
 .debug_macro   0x00000000       0x8d ./driver/timer32.o
 .debug_macro   0x00000000      0x123 ./driver/timer32.o
 .debug_macro   0x00000000       0x22 ./driver/timer32.o
 .debug_macro   0x00000000       0x46 ./driver/timer32.o
 .group         0x00000000        0x8 ./driver/uart.o
 .group         0x00000000        0x8 ./driver/uart.o
 .group         0x00000000        0x8 ./driver/uart.o
 .group         0x00000000        0x8 ./driver/uart.o
 .group         0x00000000        0x8 ./driver/uart.o
 .group         0x00000000        0x8 ./driver/uart.o
 .group         0x00000000        0x8 ./driver/uart.o
 .group         0x00000000        0x8 ./driver/uart.o
 .group         0x00000000        0x8 ./driver/uart.o
 .group         0x00000000        0x8 ./driver/uart.o
 .text          0x00000000        0x0 ./driver/uart.o
 .data          0x00000000        0x0 ./driver/uart.o
 .bss           0x00000000        0x0 ./driver/uart.o
 .debug_info    0x00000000       0x6f ./driver/uart.o
 .debug_abbrev  0x00000000       0x29 ./driver/uart.o
 .debug_aranges
                0x00000000       0x18 ./driver/uart.o
 .debug_macro   0x00000000       0x70 ./driver/uart.o
 .debug_macro   0x00000000      0x838 ./driver/uart.o
 .debug_macro   0x00000000       0x1c ./driver/uart.o
 .debug_macro   0x00000000       0x22 ./driver/uart.o
 .debug_macro   0x00000000       0x10 ./driver/uart.o
 .debug_macro   0x00000000      0x12d ./driver/uart.o
 .debug_macro   0x00000000      0x5b2 ./driver/uart.o
 .debug_macro   0x00000000      0x37a ./driver/uart.o
 .debug_macro   0x00000000       0x8d ./driver/uart.o
 .debug_macro   0x00000000      0x123 ./driver/uart.o
 .debug_macro   0x00000000       0x22 ./driver/uart.o
 .debug_line    0x00000000      0x144 ./driver/uart.o
 .debug_str     0x00000000     0x5a17 ./driver/uart.o
 .comment       0x00000000       0x6f ./driver/uart.o
 .ARM.attributes
                0x00000000       0x31 ./driver/uart.o
 .group         0x00000000        0x8 ./driver/wdt.o
 .group         0x00000000        0x8 ./driver/wdt.o
 .group         0x00000000        0x8 ./driver/wdt.o
 .group         0x00000000        0x8 ./driver/wdt.o
 .group         0x00000000        0x8 ./driver/wdt.o
 .group         0x00000000        0x8 ./driver/wdt.o
 .group         0x00000000        0x8 ./driver/wdt.o
 .group         0x00000000        0x8 ./driver/wdt.o
 .group         0x00000000        0x8 ./driver/wdt.o
 .group         0x00000000        0x8 ./driver/wdt.o
 .text          0x00000000        0x0 ./driver/wdt.o
 .data          0x00000000        0x0 ./driver/wdt.o
 .bss           0x00000000        0x0 ./driver/wdt.o
 .debug_info    0x00000000       0x6f ./driver/wdt.o
 .debug_abbrev  0x00000000       0x29 ./driver/wdt.o
 .debug_aranges
                0x00000000       0x18 ./driver/wdt.o
 .debug_macro   0x00000000       0x7a ./driver/wdt.o
 .debug_macro   0x00000000      0x838 ./driver/wdt.o
 .debug_macro   0x00000000       0x1c ./driver/wdt.o
 .debug_macro   0x00000000       0x22 ./driver/wdt.o
 .debug_macro   0x00000000       0x10 ./driver/wdt.o
 .debug_macro   0x00000000      0x12d ./driver/wdt.o
 .debug_macro   0x00000000      0x5b2 ./driver/wdt.o
 .debug_macro   0x00000000      0x37a ./driver/wdt.o
 .debug_macro   0x00000000       0x8d ./driver/wdt.o
 .debug_macro   0x00000000      0x123 ./driver/wdt.o
 .debug_macro   0x00000000       0x22 ./driver/wdt.o
 .debug_line    0x00000000      0x14c ./driver/wdt.o
 .debug_str     0x00000000     0x5a1f ./driver/wdt.o
 .comment       0x00000000       0x6f ./driver/wdt.o
 .ARM.attributes
                0x00000000       0x31 ./driver/wdt.o
 .group         0x00000000        0x8 ./cmsis/core_cm0.o
 .group         0x00000000        0x8 ./cmsis/core_cm0.o
 .group         0x00000000        0x8 ./cmsis/core_cm0.o
 .group         0x00000000        0x8 ./cmsis/core_cm0.o
 .text          0x00000000        0x0 ./cmsis/core_cm0.o
 .data          0x00000000        0x0 ./cmsis/core_cm0.o
 .bss           0x00000000        0x0 ./cmsis/core_cm0.o
 .text.__get_PSP
                0x00000000        0x8 ./cmsis/core_cm0.o
 .text.__set_PSP
                0x00000000        0x6 ./cmsis/core_cm0.o
 .text.__get_MSP
                0x00000000        0x8 ./cmsis/core_cm0.o
 .text.__set_MSP
                0x00000000        0x6 ./cmsis/core_cm0.o
 .text.__get_PRIMASK
                0x00000000        0x6 ./cmsis/core_cm0.o
 .text.__set_PRIMASK
                0x00000000        0x6 ./cmsis/core_cm0.o
 .text.__get_CONTROL
                0x00000000        0x6 ./cmsis/core_cm0.o
 .text.__set_CONTROL
                0x00000000        0x6 ./cmsis/core_cm0.o
 .text.__REV    0x00000000        0x4 ./cmsis/core_cm0.o
 .text.__REV16  0x00000000        0x4 ./cmsis/core_cm0.o
 .text.__REVSH  0x00000000        0x4 ./cmsis/core_cm0.o
 .debug_info    0x00000000      0x289 ./cmsis/core_cm0.o
 .debug_abbrev  0x00000000       0xb7 ./cmsis/core_cm0.o
 .debug_loc     0x00000000      0x13c ./cmsis/core_cm0.o
 .debug_aranges
                0x00000000       0x70 ./cmsis/core_cm0.o
 .debug_ranges  0x00000000       0x60 ./cmsis/core_cm0.o
 .debug_macro   0x00000000       0x48 ./cmsis/core_cm0.o
 .debug_macro   0x00000000      0x83e ./cmsis/core_cm0.o
 .debug_macro   0x00000000       0x10 ./cmsis/core_cm0.o
 .debug_macro   0x00000000      0x12d ./cmsis/core_cm0.o
 .debug_macro   0x00000000      0x5b2 ./cmsis/core_cm0.o
 .debug_line    0x00000000      0x1c0 ./cmsis/core_cm0.o
 .debug_str     0x00000000     0x3bd5 ./cmsis/core_cm0.o
 .comment       0x00000000       0x6f ./cmsis/core_cm0.o
 .debug_frame   0x00000000       0xc0 ./cmsis/core_cm0.o
 .ARM.attributes
                0x00000000       0x31 ./cmsis/core_cm0.o
 .group         0x00000000        0x8 ./cmsis/system_LPC11xx.o
 .group         0x00000000        0x8 ./cmsis/system_LPC11xx.o
 .group         0x00000000        0x8 ./cmsis/system_LPC11xx.o
 .group         0x00000000        0x8 ./cmsis/system_LPC11xx.o
 .group         0x00000000        0x8 ./cmsis/system_LPC11xx.o
 .group         0x00000000        0x8 ./cmsis/system_LPC11xx.o
 .group         0x00000000        0x8 ./cmsis/system_LPC11xx.o
 .group         0x00000000        0x8 ./cmsis/system_LPC11xx.o
 .text          0x00000000        0x0 ./cmsis/system_LPC11xx.o
 .data          0x00000000        0x0 ./cmsis/system_LPC11xx.o
 .bss           0x00000000        0x0 ./cmsis/system_LPC11xx.o
 .debug_macro   0x00000000      0x83e ./cmsis/system_LPC11xx.o
 .debug_macro   0x00000000       0x10 ./cmsis/system_LPC11xx.o
 .debug_macro   0x00000000      0x12d ./cmsis/system_LPC11xx.o
 .debug_macro   0x00000000      0x5b2 ./cmsis/system_LPC11xx.o
 .debug_macro   0x00000000       0x1c ./cmsis/system_LPC11xx.o
 .debug_macro   0x00000000       0x8d ./cmsis/system_LPC11xx.o
 .debug_macro   0x00000000      0x123 ./cmsis/system_LPC11xx.o
 .text          0x00000000        0x0 c:/nxp/lpcxpresso_8.2.2_650/lpcxpresso/tools/bin/../lib/gcc/arm-none-eabi/5.4.1/../../../../arm-none-eabi/lib/armv6-m\libcr_c.a(__weak__main.o)
 .data          0x00000000        0x0 c:/nxp/lpcxpresso_8.2.2_650/lpcxpresso/tools/bin/../lib/gcc/arm-none-eabi/5.4.1/../../../../arm-none-eabi/lib/armv6-m\libcr_c.a(__weak__main.o)
 .bss           0x00000000        0x0 c:/nxp/lpcxpresso_8.2.2_650/lpcxpresso/tools/bin/../lib/gcc/arm-none-eabi/5.4.1/../../../../arm-none-eabi/lib/armv6-m\libcr_c.a(__weak__main.o)
 .text          0x00000000        0x0 c:/nxp/lpcxpresso_8.2.2_650/lpcxpresso/tools/bin/../lib/gcc/arm-none-eabi/5.4.1/armv6-m\libcr_eabihelpers.a(division_32.o)
 .data          0x00000000        0x0 c:/nxp/lpcxpresso_8.2.2_650/lpcxpresso/tools/bin/../lib/gcc/arm-none-eabi/5.4.1/armv6-m\libcr_eabihelpers.a(division_32.o)
 .bss           0x00000000        0x0 c:/nxp/lpcxpresso_8.2.2_650/lpcxpresso/tools/bin/../lib/gcc/arm-none-eabi/5.4.1/armv6-m\libcr_eabihelpers.a(division_32.o)
 .text          0x00000000        0x0 c:/nxp/lpcxpresso_8.2.2_650/lpcxpresso/tools/bin/../lib/gcc/arm-none-eabi/5.4.1/armv6-m\libcr_eabihelpers.a(division_idiv0.o)
 .data          0x00000000        0x0 c:/nxp/lpcxpresso_8.2.2_650/lpcxpresso/tools/bin/../lib/gcc/arm-none-eabi/5.4.1/armv6-m\libcr_eabihelpers.a(division_idiv0.o)
 .bss           0x00000000        0x0 c:/nxp/lpcxpresso_8.2.2_650/lpcxpresso/tools/bin/../lib/gcc/arm-none-eabi/5.4.1/armv6-m\libcr_eabihelpers.a(division_idiv0.o)

Memory Configuration

Name             Origin             Length             Attributes
MFlash32         0x00000000         0x00008000         xr
RamLoc8          0x10000000         0x00002000         xrw
*default*        0x00000000         0xffffffff

Linker script and memory map

LOAD ./startup/cr_startup_lpc11.o
LOAD ./src/blinky_main.o
LOAD ./driver/adc.o
LOAD ./driver/can.o
LOAD ./driver/clkconfig.o
LOAD ./driver/crp.o
LOAD ./driver/debug_printf.o
LOAD ./driver/gpio.o
LOAD ./driver/i2c.o
LOAD ./driver/i2cslave.o
LOAD ./driver/lpc_swu.o
LOAD ./driver/rs485.o
LOAD ./driver/small_gpio.o
LOAD ./driver/ssp.o
LOAD ./driver/timer16.o
LOAD ./driver/timer32.o
LOAD ./driver/uart.o
LOAD ./driver/wdt.o
LOAD ./cmsis/core_cm0.o
LOAD ./cmsis/system_LPC11xx.o
START GROUP
LOAD c:/nxp/lpcxpresso_8.2.2_650/lpcxpresso/tools/bin/../lib/gcc/arm-none-eabi/5.4.1/../../../../arm-none-eabi/lib/armv6-m\libcr_c.a
LOAD c:/nxp/lpcxpresso_8.2.2_650/lpcxpresso/tools/bin/../lib/gcc/arm-none-eabi/5.4.1/../../../../arm-none-eabi/lib/armv6-m\libcr_semihost.a
LOAD c:/nxp/lpcxpresso_8.2.2_650/lpcxpresso/tools/bin/../lib/gcc/arm-none-eabi/5.4.1/armv6-m\libcr_eabihelpers.a
END GROUP
                0x00008000                __top_MFlash32 = 0x8000
                0x10002000                __top_RamLoc8 = 0x10002000

.text           0x00000000      0x858
 FILL mask 0xff
 *(.isr_vector)
 .isr_vector    0x00000000       0xc0 ./startup/cr_startup_lpc11.o
                0x00000000                g_pfnVectors
 *(.text.Reset_Handler .text.SystemInit)
 .text.SystemInit
                0x000000c0       0xb0 ./cmsis/system_LPC11xx.o
                0x000000c0                SystemInit
                0x000002fc                . = 0x2fc
 *fill*         0x00000170      0x18c ff
 *(.crp)
 .crp           0x000002fc        0x4 ./driver/crp.o
                0x000002fc                CRP_WORD
 *(.text*)
 .text.ResetISR
                0x00000300       0x60 ./startup/cr_startup_lpc11.o
                0x00000300                ResetISR
 .text.NMI_Handler
                0x00000360        0x8 ./startup/cr_startup_lpc11.o
                0x00000360                NMI_Handler
 .text.HardFault_Handler
                0x00000368        0x8 ./startup/cr_startup_lpc11.o
                0x00000368                HardFault_Handler
 .text.SVCall_Handler
                0x00000370        0x8 ./startup/cr_startup_lpc11.o
                0x00000370                SVCall_Handler
 .text.PendSV_Handler
                0x00000378        0x8 ./startup/cr_startup_lpc11.o
                0x00000378                PendSV_Handler
 .text.SysTick_Handler
                0x00000380        0x8 ./startup/cr_startup_lpc11.o
                0x00000380                SysTick_Handler
 .text.IntDefaultHandler
                0x00000388        0x8 ./startup/cr_startup_lpc11.o
                0x00000388                TIMER16_0_IRQHandler
                0x00000388                UART_IRQHandler
                0x00000388                TIMER32_1_IRQHandler
                0x00000388                IntDefaultHandler
                0x00000388                PIOINT1_IRQHandler
                0x00000388                CAN_IRQHandler
                0x00000388                SSP0_IRQHandler
                0x00000388                TIMER16_1_IRQHandler
                0x00000388                ADC_IRQHandler
                0x00000388                SSP1_IRQHandler
                0x00000388                PIOINT2_IRQHandler
                0x00000388                BOD_IRQHandler
                0x00000388                WAKEUP_IRQHandler
                0x00000388                PIOINT0_IRQHandler
                0x00000388                I2C_IRQHandler
                0x00000388                WDT_IRQHandler
                0x00000388                PIOINT3_IRQHandler
 .text.__WFI    0x00000390        0xc ./src/blinky_main.o
 .text.main     0x0000039c       0x84 ./src/blinky_main.o
                0x0000039c                main
 .text.GPIOInit
                0x00000420       0x20 ./driver/gpio.o
                0x00000420                GPIOInit
 .text.GPIOSetValue
                0x00000440       0x34 ./driver/gpio.o
                0x00000440                GPIOSetValue
 .text.GPIOSetDir
                0x00000474       0x70 ./driver/gpio.o
                0x00000474                GPIOSetDir
 .text.NVIC_EnableIRQ
                0x000004e4       0x2c ./driver/timer32.o
 .text.TIMER32_0_IRQHandler
                0x00000510       0x4c ./driver/timer32.o
                0x00000510                TIMER32_0_IRQHandler
 .text.enable_timer32
                0x0000055c       0x34 ./driver/timer32.o
                0x0000055c                enable_timer32
 .text.init_timer32
                0x00000590      0x134 ./driver/timer32.o
                0x00000590                init_timer32
 .text.SystemCoreClockUpdate
                0x000006c4       0xc0 ./cmsis/system_LPC11xx.o
                0x000006c4                SystemCoreClockUpdate
 .text.__weak_main
                0x00000784        0x8 c:/nxp/lpcxpresso_8.2.2_650/lpcxpresso/tools/bin/../lib/gcc/arm-none-eabi/5.4.1/../../../../arm-none-eabi/lib/armv6-m\libcr_c.a(__weak__main.o)
                0x00000784                __weak_main
                0x00000784                __main
 .text.__aeabi_division_idivmod
                0x0000078c       0x78 c:/nxp/lpcxpresso_8.2.2_650/lpcxpresso/tools/bin/../lib/gcc/arm-none-eabi/5.4.1/armv6-m\libcr_eabihelpers.a(division_32.o)
                0x0000078c                __aeabi_idivmod
                0x0000078c                __aeabi_idiv
                0x00000792                __aeabi_uidivmod
                0x00000792                __aeabi_uidiv
 .text.__aeabi_division_idiv0
                0x00000804        0x2 c:/nxp/lpcxpresso_8.2.2_650/lpcxpresso/tools/bin/../lib/gcc/arm-none-eabi/5.4.1/armv6-m\libcr_eabihelpers.a(division_idiv0.o)
                0x00000804                __aeabi_idiv0
 *(.rodata*)
 *fill*         0x00000806        0x2 ff
 .rodata.LPC_GPIO
                0x00000808       0x10 ./driver/gpio.o
 .rodata.CSWTCH.8
                0x00000818       0x40 ./cmsis/system_LPC11xx.o

.glue_7         0x00000858        0x0
 .glue_7        0x00000858        0x0 linker stubs

.glue_7t        0x00000858        0x0
 .glue_7t       0x00000858        0x0 linker stubs

.vfp11_veneer   0x00000858        0x0
 .vfp11_veneer  0x00000858        0x0 linker stubs

.v4_bx          0x00000858        0x0
 .v4_bx         0x00000858        0x0 linker stubs

.iplt           0x00000858        0x0
 .iplt          0x00000858        0x0 ./startup/cr_startup_lpc11.o

.rel.dyn        0x00000858        0x0
 .rel.iplt      0x00000858        0x0 ./startup/cr_startup_lpc11.o

.ARM.extab
 *(.ARM.extab* .gnu.linkonce.armextab.*)
                0x00000858                __exidx_start = .

.ARM.exidx
 *(.ARM.exidx* .gnu.linkonce.armexidx.*)
                0x00000858                __exidx_end = .
                0x00000858                _etext = .

.data           0x10000000        0x4 load address 0x00000858
                0x10000000                _data = .
 *(vtable)
 *(.data*)
 .data.SystemCoreClock
                0x10000000        0x4 ./cmsis/system_LPC11xx.o
                0x10000000                SystemCoreClock
                0x10000004                _edata = .

.igot.plt       0x10000004        0x0 load address 0x0000085c
 .igot.plt      0x10000004        0x0 ./startup/cr_startup_lpc11.o

.bss            0x10000004        0x8 load address 0x0000085c
                0x10000004                _bss = .
 *(.bss*)
 .bss.timer32_0_counter
                0x10000004        0x4 ./driver/timer32.o
                0x10000004                timer32_0_counter
 .bss.timer32_0_capture
                0x10000008        0x4 ./driver/timer32.o
                0x10000008                timer32_0_capture
 *(COMMON)
                0x1000000c                _ebss = .

.cr_heap        0x1000000c        0x0 load address 0x0000085c
                0x1000000c                end = .
                0x1000000c                _pvHeapStart = .
                0x10002000                _vRamTop = __top_RamLoc8
                0x10002000                _vStackTop = _vRamTop
OUTPUT(blinky.axf elf32-littlearm)

.debug_info     0x00000000     0x1bd4
 .debug_info    0x00000000      0x18b ./startup/cr_startup_lpc11.o
 .debug_info    0x0000018b      0x225 ./src/blinky_main.o
 .debug_info    0x000003b0       0x90 ./driver/crp.o
 .debug_info    0x00000440      0x74d ./driver/gpio.o
 .debug_info    0x00000b8d      0xb60 ./driver/timer32.o
 .debug_info    0x000016ed      0x4e7 ./cmsis/system_LPC11xx.o

.debug_abbrev   0x00000000      0x72c
 .debug_abbrev  0x00000000       0xb9 ./startup/cr_startup_lpc11.o
 .debug_abbrev  0x000000b9      0x13c ./src/blinky_main.o
 .debug_abbrev  0x000001f5       0x4e ./driver/crp.o
 .debug_abbrev  0x00000243      0x1bb ./driver/gpio.o
 .debug_abbrev  0x000003fe      0x1e3 ./driver/timer32.o
 .debug_abbrev  0x000005e1      0x14b ./cmsis/system_LPC11xx.o

.debug_aranges  0x00000000      0x170
 .debug_aranges
                0x00000000       0x50 ./startup/cr_startup_lpc11.o
 .debug_aranges
                0x00000050       0x28 ./src/blinky_main.o
 .debug_aranges
                0x00000078       0x18 ./driver/crp.o
 .debug_aranges
                0x00000090       0x58 ./driver/gpio.o
 .debug_aranges
                0x000000e8       0x60 ./driver/timer32.o
 .debug_aranges
                0x00000148       0x28 ./cmsis/system_LPC11xx.o

.debug_ranges   0x00000000      0x108
 .debug_ranges  0x00000000       0x40 ./startup/cr_startup_lpc11.o
 .debug_ranges  0x00000040       0x18 ./src/blinky_main.o
 .debug_ranges  0x00000058       0x48 ./driver/gpio.o
 .debug_ranges  0x000000a0       0x50 ./driver/timer32.o
 .debug_ranges  0x000000f0       0x18 ./cmsis/system_LPC11xx.o

.debug_macro    0x00000000     0x1cd3
 .debug_macro   0x00000000       0x57 ./startup/cr_startup_lpc11.o
 .debug_macro   0x00000057      0x838 ./startup/cr_startup_lpc11.o
 .debug_macro   0x0000088f       0x10 ./startup/cr_startup_lpc11.o
 .debug_macro   0x0000089f      0x12d ./startup/cr_startup_lpc11.o
 .debug_macro   0x000009cc      0x5b2 ./startup/cr_startup_lpc11.o
 .debug_macro   0x00000f7e       0x87 ./startup/cr_startup_lpc11.o
 .debug_macro   0x00001005       0x8b ./src/blinky_main.o
 .debug_macro   0x00001090       0x1c ./src/blinky_main.o
 .debug_macro   0x000010ac       0x22 ./src/blinky_main.o
 .debug_macro   0x000010ce      0x37a ./src/blinky_main.o
 .debug_macro   0x00001448       0x8d ./src/blinky_main.o
 .debug_macro   0x000014d5      0x123 ./src/blinky_main.o
 .debug_macro   0x000015f8       0x22 ./src/blinky_main.o
 .debug_macro   0x0000161a       0x46 ./src/blinky_main.o
 .debug_macro   0x00001660       0x46 ./src/blinky_main.o
 .debug_macro   0x000016a6       0x22 ./src/blinky_main.o
 .debug_macro   0x000016c8       0x88 ./driver/crp.o
 .debug_macro   0x00001750       0x28 ./driver/crp.o
 .debug_macro   0x00001778       0x28 ./driver/crp.o
 .debug_macro   0x000017a0       0x79 ./driver/gpio.o
 .debug_macro   0x00001819       0x79 ./driver/timer32.o
 .debug_macro   0x00001892       0xa9 ./cmsis/system_LPC11xx.o
 .debug_macro   0x0000193b      0x398 ./cmsis/system_LPC11xx.o

.debug_line     0x00000000      0xba7
 .debug_line    0x00000000      0x1cd ./startup/cr_startup_lpc11.o
 .debug_line    0x000001cd      0x1ac ./src/blinky_main.o
 .debug_line    0x00000379      0x14c ./driver/crp.o
 .debug_line    0x000004c5      0x27d ./driver/gpio.o
 .debug_line    0x00000742      0x2be ./driver/timer32.o
 .debug_line    0x00000a00      0x1a7 ./cmsis/system_LPC11xx.o

.debug_str      0x00000000     0x67ff
 .debug_str     0x00000000     0x3d30 ./startup/cr_startup_lpc11.o
                               0x3dbb (size before relaxing)
 .debug_str     0x00003d30     0x1f4b ./src/blinky_main.o
                               0x5bec (size before relaxing)
 .debug_str     0x00005c7b       0xbf ./driver/crp.o
                               0x5ace (size before relaxing)
 .debug_str     0x00005d3a      0x337 ./driver/gpio.o
                               0x5db1 (size before relaxing)
 .debug_str     0x00006071      0x4ae ./driver/timer32.o
                               0x6229 (size before relaxing)
 .debug_str     0x0000651f      0x2e0 ./cmsis/system_LPC11xx.o
                               0x5e3d (size before relaxing)

.comment        0x00000000       0xdc
 .comment       0x00000000       0x6e ./startup/cr_startup_lpc11.o
                                 0x6f (size before relaxing)
 .comment       0x0000006e       0x6f ./src/blinky_main.o
 .comment       0x0000006e       0x6f ./driver/crp.o
 .comment       0x0000006e       0x6f ./driver/gpio.o
 .comment       0x0000006e       0x6f ./driver/timer32.o
 .comment       0x0000006e       0x6f ./cmsis/system_LPC11xx.o
 .comment       0x0000006e       0x6e c:/nxp/lpcxpresso_8.2.2_650/lpcxpresso/tools/bin/../lib/gcc/arm-none-eabi/5.4.1/../../../../arm-none-eabi/lib/armv6-m\libcr_c.a(__weak__main.o)
                                 0x6f (size before relaxing)

.ARM.attributes
                0x00000000       0x2f
 .ARM.attributes
                0x00000000       0x31 ./startup/cr_startup_lpc11.o
 .ARM.attributes
                0x00000031       0x31 ./src/blinky_main.o
 .ARM.attributes
                0x00000062       0x31 ./driver/crp.o
 .ARM.attributes
                0x00000093       0x31 ./driver/gpio.o
 .ARM.attributes
                0x000000c4       0x31 ./driver/timer32.o
 .ARM.attributes
                0x000000f5       0x31 ./cmsis/system_LPC11xx.o
 .ARM.attributes
                0x00000126       0x31 c:/nxp/lpcxpresso_8.2.2_650/lpcxpresso/tools/bin/../lib/gcc/arm-none-eabi/5.4.1/../../../../arm-none-eabi/lib/armv6-m\libcr_c.a(__weak__main.o)
 .ARM.attributes
                0x00000157       0x21 c:/nxp/lpcxpresso_8.2.2_650/lpcxpresso/tools/bin/../lib/gcc/arm-none-eabi/5.4.1/armv6-m\libcr_eabihelpers.a(division_32.o)
 .ARM.attributes
                0x00000178       0x21 c:/nxp/lpcxpresso_8.2.2_650/lpcxpresso/tools/bin/../lib/gcc/arm-none-eabi/5.4.1/armv6-m\libcr_eabihelpers.a(division_idiv0.o)

.debug_frame    0x00000000      0x3a0
 .debug_frame   0x00000000       0xd8 ./startup/cr_startup_lpc11.o
 .debug_frame   0x000000d8       0x4c ./src/blinky_main.o
 .debug_frame   0x00000124      0x10c ./driver/gpio.o
 .debug_frame   0x00000230      0x12c ./driver/timer32.o
 .debug_frame   0x0000035c       0x44 ./cmsis/system_LPC11xx.o

.debug_loc      0x00000000       0x84
 .debug_loc     0x00000000       0x84 ./cmsis/system_LPC11xx.o
