Archive member included to satisfy reference by file (symbol)

/usr/local/mcuxpressoide-10.2.1_795/ide/tools/bin/../lib/gcc/arm-none-eabi/7.2.1/../../../../arm-none-eabi/lib/thumb/v6-m/libcr_c.a(__weak__main.o)
                              ./startup/cr_startup_lpc11.o (__main)
/usr/local/mcuxpressoide-10.2.1_795/ide/tools/bin/../lib/gcc/arm-none-eabi/7.2.1/thumb/v6-m/libcr_eabihelpers.a(division_32.o)
                              ./src/adc_main.o (__aeabi_uidiv)
/usr/local/mcuxpressoide-10.2.1_795/ide/tools/bin/../lib/gcc/arm-none-eabi/7.2.1/thumb/v6-m/libcr_eabihelpers.a(division_idiv0.o)
                              /usr/local/mcuxpressoide-10.2.1_795/ide/tools/bin/../lib/gcc/arm-none-eabi/7.2.1/thumb/v6-m/libcr_eabihelpers.a(division_32.o) (__aeabi_idiv0)
/usr/local/mcuxpressoide-10.2.1_795/ide/tools/bin/../lib/gcc/arm-none-eabi/7.2.1/thumb/v6-m/libcr_eabihelpers.a(float.o)
                              ./src/adc_main.o (__aeabi_fdiv)
/usr/local/mcuxpressoide-10.2.1_795/ide/tools/bin/../lib/gcc/arm-none-eabi/7.2.1/thumb/v6-m/libcr_eabihelpers.a(llong.o)
                              /usr/local/mcuxpressoide-10.2.1_795/ide/tools/bin/../lib/gcc/arm-none-eabi/7.2.1/thumb/v6-m/libcr_eabihelpers.a(float.o) (__aeabi_lmul)

Allocating common symbols
Common symbol       size              file

ADCValue            0x20              ./driver/adc.o

Discarded input sections

 .group         0x0000000000000000        0xc ./startup/cr_startup_lpc11.o
 .group         0x0000000000000000        0xc ./startup/cr_startup_lpc11.o
 .group         0x0000000000000000        0xc ./startup/cr_startup_lpc11.o
 .group         0x0000000000000000        0xc ./startup/cr_startup_lpc11.o
 .group         0x0000000000000000        0xc ./startup/cr_startup_lpc11.o
 .text          0x0000000000000000        0x0 ./startup/cr_startup_lpc11.o
 .data          0x0000000000000000        0x0 ./startup/cr_startup_lpc11.o
 .bss           0x0000000000000000        0x0 ./startup/cr_startup_lpc11.o
 .group         0x0000000000000000        0xc ./src/adc_main.o
 .group         0x0000000000000000        0xc ./src/adc_main.o
 .group         0x0000000000000000        0xc ./src/adc_main.o
 .group         0x0000000000000000        0xc ./src/adc_main.o
 .group         0x0000000000000000        0xc ./src/adc_main.o
 .group         0x0000000000000000        0xc ./src/adc_main.o
 .group         0x0000000000000000        0xc ./src/adc_main.o
 .group         0x0000000000000000        0xc ./src/adc_main.o
 .group         0x0000000000000000        0xc ./src/adc_main.o
 .group         0x0000000000000000        0xc ./src/adc_main.o
 .group         0x0000000000000000        0xc ./src/adc_main.o
 .group         0x0000000000000000        0xc ./src/adc_main.o
 .group         0x0000000000000000        0xc ./src/adc_main.o
 .group         0x0000000000000000        0xc ./src/adc_main.o
 .group         0x0000000000000000        0xc ./src/adc_main.o
 .text          0x0000000000000000        0x0 ./src/adc_main.o
 .data          0x0000000000000000        0x0 ./src/adc_main.o
 .bss           0x0000000000000000        0x0 ./src/adc_main.o
 .rodata.LPC_GPIO
                0x0000000000000000       0x10 ./src/adc_main.o
 .debug_macro   0x0000000000000000      0xa54 ./src/adc_main.o
 .debug_macro   0x0000000000000000       0x10 ./src/adc_main.o
 .debug_macro   0x0000000000000000      0x12d ./src/adc_main.o
 .debug_macro   0x0000000000000000      0x5b2 ./src/adc_main.o
 .group         0x0000000000000000        0xc ./driver/adc.o
 .group         0x0000000000000000        0xc ./driver/adc.o
 .group         0x0000000000000000        0xc ./driver/adc.o
 .group         0x0000000000000000        0xc ./driver/adc.o
 .group         0x0000000000000000        0xc ./driver/adc.o
 .group         0x0000000000000000        0xc ./driver/adc.o
 .group         0x0000000000000000        0xc ./driver/adc.o
 .group         0x0000000000000000        0xc ./driver/adc.o
 .group         0x0000000000000000        0xc ./driver/adc.o
 .group         0x0000000000000000        0xc ./driver/adc.o
 .group         0x0000000000000000        0xc ./driver/adc.o
 .group         0x0000000000000000        0xc ./driver/adc.o
 .text          0x0000000000000000        0x0 ./driver/adc.o
 .data          0x0000000000000000        0x0 ./driver/adc.o
 .bss           0x0000000000000000        0x0 ./driver/adc.o
 .text.ADCBurstRead
                0x0000000000000000       0x44 ./driver/adc.o
 .debug_macro   0x0000000000000000      0xa54 ./driver/adc.o
 .debug_macro   0x0000000000000000       0x1c ./driver/adc.o
 .debug_macro   0x0000000000000000       0x22 ./driver/adc.o
 .debug_macro   0x0000000000000000       0x10 ./driver/adc.o
 .debug_macro   0x0000000000000000      0x12d ./driver/adc.o
 .debug_macro   0x0000000000000000      0x5b2 ./driver/adc.o
 .debug_macro   0x0000000000000000      0x37a ./driver/adc.o
 .debug_macro   0x0000000000000000       0x8d ./driver/adc.o
 .debug_macro   0x0000000000000000      0x123 ./driver/adc.o
 .debug_macro   0x0000000000000000       0x28 ./driver/adc.o
 .debug_macro   0x0000000000000000       0x2e ./driver/adc.o
 .debug_macro   0x0000000000000000       0x46 ./driver/adc.o
 .group         0x0000000000000000        0xc ./driver/crp.o
 .group         0x0000000000000000        0xc ./driver/crp.o
 .group         0x0000000000000000        0xc ./driver/crp.o
 .group         0x0000000000000000        0xc ./driver/crp.o
 .group         0x0000000000000000        0xc ./driver/crp.o
 .group         0x0000000000000000        0xc ./driver/crp.o
 .group         0x0000000000000000        0xc ./driver/crp.o
 .group         0x0000000000000000        0xc ./driver/crp.o
 .group         0x0000000000000000        0xc ./driver/crp.o
 .group         0x0000000000000000        0xc ./driver/crp.o
 .group         0x0000000000000000        0xc ./driver/crp.o
 .group         0x0000000000000000        0xc ./driver/crp.o
 .text          0x0000000000000000        0x0 ./driver/crp.o
 .data          0x0000000000000000        0x0 ./driver/crp.o
 .bss           0x0000000000000000        0x0 ./driver/crp.o
 .debug_macro   0x0000000000000000      0xa54 ./driver/crp.o
 .debug_macro   0x0000000000000000       0x1c ./driver/crp.o
 .debug_macro   0x0000000000000000       0x22 ./driver/crp.o
 .debug_macro   0x0000000000000000       0x10 ./driver/crp.o
 .debug_macro   0x0000000000000000      0x12d ./driver/crp.o
 .debug_macro   0x0000000000000000      0x5b2 ./driver/crp.o
 .debug_macro   0x0000000000000000      0x37a ./driver/crp.o
 .debug_macro   0x0000000000000000       0x8d ./driver/crp.o
 .debug_macro   0x0000000000000000      0x123 ./driver/crp.o
 .debug_macro   0x0000000000000000       0x28 ./driver/crp.o
 .debug_macro   0x0000000000000000       0x2e ./driver/crp.o
 .group         0x0000000000000000        0xc ./driver/debug_printf.o
 .group         0x0000000000000000        0xc ./driver/debug_printf.o
 .group         0x0000000000000000        0xc ./driver/debug_printf.o
 .group         0x0000000000000000        0xc ./driver/debug_printf.o
 .group         0x0000000000000000        0xc ./driver/debug_printf.o
 .group         0x0000000000000000        0xc ./driver/debug_printf.o
 .group         0x0000000000000000        0xc ./driver/debug_printf.o
 .group         0x0000000000000000        0xc ./driver/debug_printf.o
 .group         0x0000000000000000        0xc ./driver/debug_printf.o
 .group         0x0000000000000000        0xc ./driver/debug_printf.o
 .text          0x0000000000000000        0x0 ./driver/debug_printf.o
 .data          0x0000000000000000        0x0 ./driver/debug_printf.o
 .bss           0x0000000000000000        0x0 ./driver/debug_printf.o
 .debug_info    0x0000000000000000       0xb3 ./driver/debug_printf.o
 .debug_abbrev  0x0000000000000000       0x76 ./driver/debug_printf.o
 .debug_aranges
                0x0000000000000000       0x18 ./driver/debug_printf.o
 .debug_macro   0x0000000000000000       0x70 ./driver/debug_printf.o
 .debug_macro   0x0000000000000000      0xa54 ./driver/debug_printf.o
 .debug_macro   0x0000000000000000       0x1c ./driver/debug_printf.o
 .debug_macro   0x0000000000000000       0x22 ./driver/debug_printf.o
 .debug_macro   0x0000000000000000       0x10 ./driver/debug_printf.o
 .debug_macro   0x0000000000000000      0x12d ./driver/debug_printf.o
 .debug_macro   0x0000000000000000      0x5b2 ./driver/debug_printf.o
 .debug_macro   0x0000000000000000      0x37a ./driver/debug_printf.o
 .debug_macro   0x0000000000000000       0x8d ./driver/debug_printf.o
 .debug_macro   0x0000000000000000      0x123 ./driver/debug_printf.o
 .debug_macro   0x0000000000000000       0x28 ./driver/debug_printf.o
 .debug_line    0x0000000000000000      0x14e ./driver/debug_printf.o
 .debug_str     0x0000000000000000     0x62c0 ./driver/debug_printf.o
 .comment       0x0000000000000000       0x7f ./driver/debug_printf.o
 .ARM.attributes
                0x0000000000000000       0x31 ./driver/debug_printf.o
 .group         0x0000000000000000        0xc ./driver/gpio.o
 .group         0x0000000000000000        0xc ./driver/gpio.o
 .group         0x0000000000000000        0xc ./driver/gpio.o
 .group         0x0000000000000000        0xc ./driver/gpio.o
 .group         0x0000000000000000        0xc ./driver/gpio.o
 .group         0x0000000000000000        0xc ./driver/gpio.o
 .group         0x0000000000000000        0xc ./driver/gpio.o
 .group         0x0000000000000000        0xc ./driver/gpio.o
 .group         0x0000000000000000        0xc ./driver/gpio.o
 .group         0x0000000000000000        0xc ./driver/gpio.o
 .group         0x0000000000000000        0xc ./driver/gpio.o
 .text          0x0000000000000000        0x0 ./driver/gpio.o
 .data          0x0000000000000000        0x0 ./driver/gpio.o
 .bss           0x0000000000000000        0x0 ./driver/gpio.o
 .text.GPIOSetInterrupt
                0x0000000000000000      0x2f8 ./driver/gpio.o
 .text.GPIOIntEnable
                0x0000000000000000       0x9c ./driver/gpio.o
 .text.GPIOIntDisable
                0x0000000000000000       0xa4 ./driver/gpio.o
 .text.GPIOIntStatus
                0x0000000000000000       0xac ./driver/gpio.o
 .text.GPIOIntClear
                0x0000000000000000       0x9c ./driver/gpio.o
 .debug_macro   0x0000000000000000      0xa54 ./driver/gpio.o
 .debug_macro   0x0000000000000000       0x1c ./driver/gpio.o
 .debug_macro   0x0000000000000000       0x22 ./driver/gpio.o
 .debug_macro   0x0000000000000000       0x10 ./driver/gpio.o
 .debug_macro   0x0000000000000000      0x12d ./driver/gpio.o
 .debug_macro   0x0000000000000000      0x5b2 ./driver/gpio.o
 .debug_macro   0x0000000000000000      0x37a ./driver/gpio.o
 .debug_macro   0x0000000000000000       0x8d ./driver/gpio.o
 .debug_macro   0x0000000000000000      0x123 ./driver/gpio.o
 .debug_macro   0x0000000000000000       0x28 ./driver/gpio.o
 .debug_macro   0x0000000000000000       0x22 ./driver/gpio.o
 .group         0x0000000000000000        0xc ./driver/timer32.o
 .group         0x0000000000000000        0xc ./driver/timer32.o
 .group         0x0000000000000000        0xc ./driver/timer32.o
 .group         0x0000000000000000        0xc ./driver/timer32.o
 .group         0x0000000000000000        0xc ./driver/timer32.o
 .group         0x0000000000000000        0xc ./driver/timer32.o
 .group         0x0000000000000000        0xc ./driver/timer32.o
 .group         0x0000000000000000        0xc ./driver/timer32.o
 .group         0x0000000000000000        0xc ./driver/timer32.o
 .group         0x0000000000000000        0xc ./driver/timer32.o
 .group         0x0000000000000000        0xc ./driver/timer32.o
 .text          0x0000000000000000        0x0 ./driver/timer32.o
 .data          0x0000000000000000        0x0 ./driver/timer32.o
 .bss           0x0000000000000000        0x0 ./driver/timer32.o
 .bss.timer32_0_period
                0x0000000000000000        0x4 ./driver/timer32.o
 .bss.timer32_1_period
                0x0000000000000000        0x4 ./driver/timer32.o
 .text.delay32Ms
                0x0000000000000000       0xe4 ./driver/timer32.o
 .text.disable_timer32
                0x0000000000000000       0x34 ./driver/timer32.o
 .text.reset_timer32
                0x0000000000000000       0x50 ./driver/timer32.o
 .text.init_timer32PWM
                0x0000000000000000      0x21c ./driver/timer32.o
 .text.setMatch_timer32PWM
                0x0000000000000000       0xa0 ./driver/timer32.o
 .debug_macro   0x0000000000000000      0xa54 ./driver/timer32.o
 .debug_macro   0x0000000000000000       0x1c ./driver/timer32.o
 .debug_macro   0x0000000000000000       0x22 ./driver/timer32.o
 .debug_macro   0x0000000000000000       0x10 ./driver/timer32.o
 .debug_macro   0x0000000000000000      0x12d ./driver/timer32.o
 .debug_macro   0x0000000000000000      0x5b2 ./driver/timer32.o
 .debug_macro   0x0000000000000000      0x37a ./driver/timer32.o
 .debug_macro   0x0000000000000000       0x8d ./driver/timer32.o
 .debug_macro   0x0000000000000000      0x123 ./driver/timer32.o
 .debug_macro   0x0000000000000000       0x28 ./driver/timer32.o
 .debug_macro   0x0000000000000000       0x46 ./driver/timer32.o
 .group         0x0000000000000000        0xc ./cmsis/core_cm0.o
 .group         0x0000000000000000        0xc ./cmsis/core_cm0.o
 .group         0x0000000000000000        0xc ./cmsis/core_cm0.o
 .group         0x0000000000000000        0xc ./cmsis/core_cm0.o
 .text          0x0000000000000000        0x0 ./cmsis/core_cm0.o
 .data          0x0000000000000000        0x0 ./cmsis/core_cm0.o
 .bss           0x0000000000000000        0x0 ./cmsis/core_cm0.o
 .text.__get_PSP
                0x0000000000000000        0x8 ./cmsis/core_cm0.o
 .text.__set_PSP
                0x0000000000000000        0x6 ./cmsis/core_cm0.o
 .text.__get_MSP
                0x0000000000000000        0x8 ./cmsis/core_cm0.o
 .text.__set_MSP
                0x0000000000000000        0x6 ./cmsis/core_cm0.o
 .text.__get_PRIMASK
                0x0000000000000000        0x6 ./cmsis/core_cm0.o
 .text.__set_PRIMASK
                0x0000000000000000        0x6 ./cmsis/core_cm0.o
 .text.__get_CONTROL
                0x0000000000000000        0x6 ./cmsis/core_cm0.o
 .text.__set_CONTROL
                0x0000000000000000        0x6 ./cmsis/core_cm0.o
 .text.__REV    0x0000000000000000        0x4 ./cmsis/core_cm0.o
 .text.__REV16  0x0000000000000000        0x4 ./cmsis/core_cm0.o
 .text.__REVSH  0x0000000000000000        0x4 ./cmsis/core_cm0.o
 .debug_info    0x0000000000000000      0x2be ./cmsis/core_cm0.o
 .debug_abbrev  0x0000000000000000       0xf7 ./cmsis/core_cm0.o
 .debug_loc     0x0000000000000000      0x13c ./cmsis/core_cm0.o
 .debug_aranges
                0x0000000000000000       0x70 ./cmsis/core_cm0.o
 .debug_ranges  0x0000000000000000       0x60 ./cmsis/core_cm0.o
 .debug_macro   0x0000000000000000       0x48 ./cmsis/core_cm0.o
 .debug_macro   0x0000000000000000      0xa5a ./cmsis/core_cm0.o
 .debug_macro   0x0000000000000000       0x10 ./cmsis/core_cm0.o
 .debug_macro   0x0000000000000000      0x12d ./cmsis/core_cm0.o
 .debug_macro   0x0000000000000000      0x5b2 ./cmsis/core_cm0.o
 .debug_line    0x0000000000000000      0x1c2 ./cmsis/core_cm0.o
 .debug_str     0x0000000000000000     0x444b ./cmsis/core_cm0.o
 .comment       0x0000000000000000       0x7f ./cmsis/core_cm0.o
 .debug_frame   0x0000000000000000       0xc0 ./cmsis/core_cm0.o
 .ARM.attributes
                0x0000000000000000       0x31 ./cmsis/core_cm0.o
 .group         0x0000000000000000        0xc ./cmsis/system_LPC11xx.o
 .group         0x0000000000000000        0xc ./cmsis/system_LPC11xx.o
 .group         0x0000000000000000        0xc ./cmsis/system_LPC11xx.o
 .group         0x0000000000000000        0xc ./cmsis/system_LPC11xx.o
 .group         0x0000000000000000        0xc ./cmsis/system_LPC11xx.o
 .group         0x0000000000000000        0xc ./cmsis/system_LPC11xx.o
 .group         0x0000000000000000        0xc ./cmsis/system_LPC11xx.o
 .group         0x0000000000000000        0xc ./cmsis/system_LPC11xx.o
 .text          0x0000000000000000        0x0 ./cmsis/system_LPC11xx.o
 .data          0x0000000000000000        0x0 ./cmsis/system_LPC11xx.o
 .bss           0x0000000000000000        0x0 ./cmsis/system_LPC11xx.o
 .debug_macro   0x0000000000000000      0xa5a ./cmsis/system_LPC11xx.o
 .debug_macro   0x0000000000000000       0x10 ./cmsis/system_LPC11xx.o
 .debug_macro   0x0000000000000000      0x12d ./cmsis/system_LPC11xx.o
 .debug_macro   0x0000000000000000      0x5b2 ./cmsis/system_LPC11xx.o
 .debug_macro   0x0000000000000000       0x1c ./cmsis/system_LPC11xx.o
 .debug_macro   0x0000000000000000       0x8d ./cmsis/system_LPC11xx.o
 .debug_macro   0x0000000000000000      0x123 ./cmsis/system_LPC11xx.o
 .text          0x0000000000000000        0x0 /usr/local/mcuxpressoide-10.2.1_795/ide/tools/bin/../lib/gcc/arm-none-eabi/7.2.1/../../../../arm-none-eabi/lib/thumb/v6-m/libcr_c.a(__weak__main.o)
 .data          0x0000000000000000        0x0 /usr/local/mcuxpressoide-10.2.1_795/ide/tools/bin/../lib/gcc/arm-none-eabi/7.2.1/../../../../arm-none-eabi/lib/thumb/v6-m/libcr_c.a(__weak__main.o)
 .bss           0x0000000000000000        0x0 /usr/local/mcuxpressoide-10.2.1_795/ide/tools/bin/../lib/gcc/arm-none-eabi/7.2.1/../../../../arm-none-eabi/lib/thumb/v6-m/libcr_c.a(__weak__main.o)
 .text          0x0000000000000000        0x0 /usr/local/mcuxpressoide-10.2.1_795/ide/tools/bin/../lib/gcc/arm-none-eabi/7.2.1/thumb/v6-m/libcr_eabihelpers.a(division_32.o)
 .data          0x0000000000000000        0x0 /usr/local/mcuxpressoide-10.2.1_795/ide/tools/bin/../lib/gcc/arm-none-eabi/7.2.1/thumb/v6-m/libcr_eabihelpers.a(division_32.o)
 .bss           0x0000000000000000        0x0 /usr/local/mcuxpressoide-10.2.1_795/ide/tools/bin/../lib/gcc/arm-none-eabi/7.2.1/thumb/v6-m/libcr_eabihelpers.a(division_32.o)
 .text          0x0000000000000000        0x0 /usr/local/mcuxpressoide-10.2.1_795/ide/tools/bin/../lib/gcc/arm-none-eabi/7.2.1/thumb/v6-m/libcr_eabihelpers.a(division_idiv0.o)
 .data          0x0000000000000000        0x0 /usr/local/mcuxpressoide-10.2.1_795/ide/tools/bin/../lib/gcc/arm-none-eabi/7.2.1/thumb/v6-m/libcr_eabihelpers.a(division_idiv0.o)
 .bss           0x0000000000000000        0x0 /usr/local/mcuxpressoide-10.2.1_795/ide/tools/bin/../lib/gcc/arm-none-eabi/7.2.1/thumb/v6-m/libcr_eabihelpers.a(division_idiv0.o)
 .text          0x0000000000000000        0x0 /usr/local/mcuxpressoide-10.2.1_795/ide/tools/bin/../lib/gcc/arm-none-eabi/7.2.1/thumb/v6-m/libcr_eabihelpers.a(float.o)
 .data          0x0000000000000000        0x0 /usr/local/mcuxpressoide-10.2.1_795/ide/tools/bin/../lib/gcc/arm-none-eabi/7.2.1/thumb/v6-m/libcr_eabihelpers.a(float.o)
 .bss           0x0000000000000000        0x0 /usr/local/mcuxpressoide-10.2.1_795/ide/tools/bin/../lib/gcc/arm-none-eabi/7.2.1/thumb/v6-m/libcr_eabihelpers.a(float.o)
 .text.__aeabi_fmul
                0x0000000000000000       0xc4 /usr/local/mcuxpressoide-10.2.1_795/ide/tools/bin/../lib/gcc/arm-none-eabi/7.2.1/thumb/v6-m/libcr_eabihelpers.a(float.o)
 .text.__aeabi_frsub
                0x0000000000000000       0x10 /usr/local/mcuxpressoide-10.2.1_795/ide/tools/bin/../lib/gcc/arm-none-eabi/7.2.1/thumb/v6-m/libcr_eabihelpers.a(float.o)
 .text.__aeabi_fneg
                0x0000000000000000        0x8 /usr/local/mcuxpressoide-10.2.1_795/ide/tools/bin/../lib/gcc/arm-none-eabi/7.2.1/thumb/v6-m/libcr_eabihelpers.a(float.o)
 .text.__aeabi_f2iz
                0x0000000000000000       0x3c /usr/local/mcuxpressoide-10.2.1_795/ide/tools/bin/../lib/gcc/arm-none-eabi/7.2.1/thumb/v6-m/libcr_eabihelpers.a(float.o)
 .text.__aeabi_f2uiz
                0x0000000000000000       0x2a /usr/local/mcuxpressoide-10.2.1_795/ide/tools/bin/../lib/gcc/arm-none-eabi/7.2.1/thumb/v6-m/libcr_eabihelpers.a(float.o)
 .text.__aeabi_f2lz
                0x0000000000000000       0x68 /usr/local/mcuxpressoide-10.2.1_795/ide/tools/bin/../lib/gcc/arm-none-eabi/7.2.1/thumb/v6-m/libcr_eabihelpers.a(float.o)
 .text.__aeabi_f2ulz
                0x0000000000000000       0x3e /usr/local/mcuxpressoide-10.2.1_795/ide/tools/bin/../lib/gcc/arm-none-eabi/7.2.1/thumb/v6-m/libcr_eabihelpers.a(float.o)
 .text.__bhs_ul2f
                0x0000000000000000       0x80 /usr/local/mcuxpressoide-10.2.1_795/ide/tools/bin/../lib/gcc/arm-none-eabi/7.2.1/thumb/v6-m/libcr_eabihelpers.a(float.o)
 .text.__aeabi_i2f
                0x0000000000000000       0x18 /usr/local/mcuxpressoide-10.2.1_795/ide/tools/bin/../lib/gcc/arm-none-eabi/7.2.1/thumb/v6-m/libcr_eabihelpers.a(float.o)
 .text.__aeabi_l2f
                0x0000000000000000       0x22 /usr/local/mcuxpressoide-10.2.1_795/ide/tools/bin/../lib/gcc/arm-none-eabi/7.2.1/thumb/v6-m/libcr_eabihelpers.a(float.o)
 .text.__aeabi_ul2f
                0x0000000000000000        0xc /usr/local/mcuxpressoide-10.2.1_795/ide/tools/bin/../lib/gcc/arm-none-eabi/7.2.1/thumb/v6-m/libcr_eabihelpers.a(float.o)
 .text.__aeabi_f2d
                0x0000000000000000       0x3c /usr/local/mcuxpressoide-10.2.1_795/ide/tools/bin/../lib/gcc/arm-none-eabi/7.2.1/thumb/v6-m/libcr_eabihelpers.a(float.o)
 .text.__aeabi_fcmpeq
                0x0000000000000000       0x20 /usr/local/mcuxpressoide-10.2.1_795/ide/tools/bin/../lib/gcc/arm-none-eabi/7.2.1/thumb/v6-m/libcr_eabihelpers.a(float.o)
 .text.__aeabi_fcmplt
                0x0000000000000000       0x44 /usr/local/mcuxpressoide-10.2.1_795/ide/tools/bin/../lib/gcc/arm-none-eabi/7.2.1/thumb/v6-m/libcr_eabihelpers.a(float.o)
 .text.__aeabi_fcmpgt
                0x0000000000000000       0x3e /usr/local/mcuxpressoide-10.2.1_795/ide/tools/bin/../lib/gcc/arm-none-eabi/7.2.1/thumb/v6-m/libcr_eabihelpers.a(float.o)
 .text.__aeabi_fcmple
                0x0000000000000000       0x40 /usr/local/mcuxpressoide-10.2.1_795/ide/tools/bin/../lib/gcc/arm-none-eabi/7.2.1/thumb/v6-m/libcr_eabihelpers.a(float.o)
 .text.__aeabi_fcmpge
                0x0000000000000000       0x3c /usr/local/mcuxpressoide-10.2.1_795/ide/tools/bin/../lib/gcc/arm-none-eabi/7.2.1/thumb/v6-m/libcr_eabihelpers.a(float.o)
 .text.__aeabi_fcmpun
                0x0000000000000000       0x16 /usr/local/mcuxpressoide-10.2.1_795/ide/tools/bin/../lib/gcc/arm-none-eabi/7.2.1/thumb/v6-m/libcr_eabihelpers.a(float.o)
 .text.__aeabi_cfcmple
                0x0000000000000000       0x24 /usr/local/mcuxpressoide-10.2.1_795/ide/tools/bin/../lib/gcc/arm-none-eabi/7.2.1/thumb/v6-m/libcr_eabihelpers.a(float.o)
 .text.__aeabi_cfrcmple
                0x0000000000000000        0xe /usr/local/mcuxpressoide-10.2.1_795/ide/tools/bin/../lib/gcc/arm-none-eabi/7.2.1/thumb/v6-m/libcr_eabihelpers.a(float.o)
 .text          0x0000000000000000        0x0 /usr/local/mcuxpressoide-10.2.1_795/ide/tools/bin/../lib/gcc/arm-none-eabi/7.2.1/thumb/v6-m/libcr_eabihelpers.a(llong.o)
 .data          0x0000000000000000        0x0 /usr/local/mcuxpressoide-10.2.1_795/ide/tools/bin/../lib/gcc/arm-none-eabi/7.2.1/thumb/v6-m/libcr_eabihelpers.a(llong.o)
 .bss           0x0000000000000000        0x0 /usr/local/mcuxpressoide-10.2.1_795/ide/tools/bin/../lib/gcc/arm-none-eabi/7.2.1/thumb/v6-m/libcr_eabihelpers.a(llong.o)
 .text.__aeabi_llong_lmul
                0x0000000000000000       0x2e /usr/local/mcuxpressoide-10.2.1_795/ide/tools/bin/../lib/gcc/arm-none-eabi/7.2.1/thumb/v6-m/libcr_eabihelpers.a(llong.o)
 .text.__aeabi_llong_llsl
                0x0000000000000000       0x18 /usr/local/mcuxpressoide-10.2.1_795/ide/tools/bin/../lib/gcc/arm-none-eabi/7.2.1/thumb/v6-m/libcr_eabihelpers.a(llong.o)
 .text.__aeabi_llong_llsr
                0x0000000000000000       0x18 /usr/local/mcuxpressoide-10.2.1_795/ide/tools/bin/../lib/gcc/arm-none-eabi/7.2.1/thumb/v6-m/libcr_eabihelpers.a(llong.o)
 .text.__aeabi_llong_lasr
                0x0000000000000000       0x18 /usr/local/mcuxpressoide-10.2.1_795/ide/tools/bin/../lib/gcc/arm-none-eabi/7.2.1/thumb/v6-m/libcr_eabihelpers.a(llong.o)
 .text.__aeabi_llong_lcmp
                0x0000000000000000       0x14 /usr/local/mcuxpressoide-10.2.1_795/ide/tools/bin/../lib/gcc/arm-none-eabi/7.2.1/thumb/v6-m/libcr_eabihelpers.a(llong.o)
 .text.__aeabi_llong_ulcmp
                0x0000000000000000       0x10 /usr/local/mcuxpressoide-10.2.1_795/ide/tools/bin/../lib/gcc/arm-none-eabi/7.2.1/thumb/v6-m/libcr_eabihelpers.a(llong.o)
 .ARM.attributes
                0x0000000000000000       0x21 /usr/local/mcuxpressoide-10.2.1_795/ide/tools/bin/../lib/gcc/arm-none-eabi/7.2.1/thumb/v6-m/libcr_eabihelpers.a(llong.o)

Memory Configuration

Name             Origin             Length             Attributes
MFlash32         0x0000000000000000 0x0000000000008000 xr
RamLoc8          0x0000000010000000 0x0000000000002000 xrw
*default*        0x0000000000000000 0xffffffffffffffff

Linker script and memory map

LOAD ./startup/cr_startup_lpc11.o
LOAD ./src/adc_main.o
LOAD ./driver/adc.o
LOAD ./driver/crp.o
LOAD ./driver/debug_printf.o
LOAD ./driver/gpio.o
LOAD ./driver/timer32.o
LOAD ./cmsis/core_cm0.o
LOAD ./cmsis/system_LPC11xx.o
START GROUP
LOAD /usr/local/mcuxpressoide-10.2.1_795/ide/tools/bin/../lib/gcc/arm-none-eabi/7.2.1/../../../../arm-none-eabi/lib/thumb/v6-m/libcr_c.a
LOAD /usr/local/mcuxpressoide-10.2.1_795/ide/tools/bin/../lib/gcc/arm-none-eabi/7.2.1/../../../../arm-none-eabi/lib/thumb/v6-m/libcr_semihost.a
LOAD /usr/local/mcuxpressoide-10.2.1_795/ide/tools/bin/../lib/gcc/arm-none-eabi/7.2.1/thumb/v6-m/libcr_eabihelpers.a
END GROUP
                0x0000000000008000                __top_MFlash32 = 0x8000
                0x0000000010002000                __top_RamLoc8 = 0x10002000

.text           0x0000000000000000      0xea4
 FILL mask 0xff
 *(.isr_vector)
 .isr_vector    0x0000000000000000       0xc0 ./startup/cr_startup_lpc11.o
                0x0000000000000000                g_pfnVectors
 *(.text.Reset_Handler .text.SystemInit)
 .text.SystemInit
                0x00000000000000c0       0xac ./cmsis/system_LPC11xx.o
                0x00000000000000c0                SystemInit
                0x00000000000002fc                . = 0x2fc
 *fill*         0x000000000000016c      0x190 ff
 *(.crp)
 .crp           0x00000000000002fc        0x4 ./driver/crp.o
                0x00000000000002fc                CRP_WORD
 *(.text*)
 .text.ResetISR
                0x0000000000000300       0x60 ./startup/cr_startup_lpc11.o
                0x0000000000000300                ResetISR
 .text.NMI_Handler
                0x0000000000000360        0x6 ./startup/cr_startup_lpc11.o
                0x0000000000000360                NMI_Handler
 .text.HardFault_Handler
                0x0000000000000366        0x6 ./startup/cr_startup_lpc11.o
                0x0000000000000366                HardFault_Handler
 .text.SVCall_Handler
                0x000000000000036c        0x6 ./startup/cr_startup_lpc11.o
                0x000000000000036c                SVCall_Handler
 .text.PendSV_Handler
                0x0000000000000372        0x6 ./startup/cr_startup_lpc11.o
                0x0000000000000372                PendSV_Handler
 .text.SysTick_Handler
                0x0000000000000378        0x6 ./startup/cr_startup_lpc11.o
                0x0000000000000378                SysTick_Handler
 .text.IntDefaultHandler
                0x000000000000037e        0x6 ./startup/cr_startup_lpc11.o
                0x000000000000037e                TIMER16_0_IRQHandler
                0x000000000000037e                UART_IRQHandler
                0x000000000000037e                TIMER32_1_IRQHandler
                0x000000000000037e                IntDefaultHandler
                0x000000000000037e                PIOINT1_IRQHandler
                0x000000000000037e                CAN_IRQHandler
                0x000000000000037e                SSP0_IRQHandler
                0x000000000000037e                TIMER16_1_IRQHandler
                0x000000000000037e                SSP1_IRQHandler
                0x000000000000037e                PIOINT2_IRQHandler
                0x000000000000037e                BOD_IRQHandler
                0x000000000000037e                WAKEUP_IRQHandler
                0x000000000000037e                PIOINT0_IRQHandler
                0x000000000000037e                I2C_IRQHandler
                0x000000000000037e                WDT_IRQHandler
                0x000000000000037e                PIOINT3_IRQHandler
 .text.main     0x0000000000000384      0x128 ./src/adc_main.o
                0x0000000000000384                main
 .text.NVIC_EnableIRQ
                0x00000000000004ac       0x2c ./driver/adc.o
 .text.ADC_IRQHandler
                0x00000000000004d8       0xe4 ./driver/adc.o
                0x00000000000004d8                ADC_IRQHandler
 .text.ADCInit  0x00000000000005bc      0x134 ./driver/adc.o
                0x00000000000005bc                ADCInit
 .text.ADCRead  0x00000000000006f0       0x50 ./driver/adc.o
                0x00000000000006f0                ADCRead
 .text.GPIOInit
                0x0000000000000740       0x20 ./driver/gpio.o
                0x0000000000000740                GPIOInit
 .text.GPIOSetValue
                0x0000000000000760       0x34 ./driver/gpio.o
                0x0000000000000760                GPIOSetValue
 .text.GPIOSetDir
                0x0000000000000794       0x78 ./driver/gpio.o
                0x0000000000000794                GPIOSetDir
 .text.NVIC_EnableIRQ
                0x000000000000080c       0x2c ./driver/timer32.o
 .text.TIMER32_0_IRQHandler
                0x0000000000000838       0x4c ./driver/timer32.o
                0x0000000000000838                TIMER32_0_IRQHandler
 .text.enable_timer32
                0x0000000000000884       0x34 ./driver/timer32.o
                0x0000000000000884                enable_timer32
 .text.init_timer32
                0x00000000000008b8      0x134 ./driver/timer32.o
                0x00000000000008b8                init_timer32
 .text.SystemCoreClockUpdate
                0x00000000000009ec       0xb8 ./cmsis/system_LPC11xx.o
                0x00000000000009ec                SystemCoreClockUpdate
 .text.__weak_main
                0x0000000000000aa4        0x8 /usr/local/mcuxpressoide-10.2.1_795/ide/tools/bin/../lib/gcc/arm-none-eabi/7.2.1/../../../../arm-none-eabi/lib/thumb/v6-m/libcr_c.a(__weak__main.o)
                0x0000000000000aa4                __main
                0x0000000000000aa4                __weak_main
 .text.__aeabi_division_idivmod
                0x0000000000000aac       0x78 /usr/local/mcuxpressoide-10.2.1_795/ide/tools/bin/../lib/gcc/arm-none-eabi/7.2.1/thumb/v6-m/libcr_eabihelpers.a(division_32.o)
                0x0000000000000aac                __aeabi_idiv
                0x0000000000000aac                __aeabi_idivmod
                0x0000000000000ab2                __aeabi_uidiv
                0x0000000000000ab2                __aeabi_uidivmod
 .text.__aeabi_division_idiv0
                0x0000000000000b24        0x2 /usr/local/mcuxpressoide-10.2.1_795/ide/tools/bin/../lib/gcc/arm-none-eabi/7.2.1/thumb/v6-m/libcr_eabihelpers.a(division_idiv0.o)
                0x0000000000000b24                __aeabi_idiv0
 *fill*         0x0000000000000b26        0x2 ff
 .text.__aeabi_fdiv
                0x0000000000000b28       0xdc /usr/local/mcuxpressoide-10.2.1_795/ide/tools/bin/../lib/gcc/arm-none-eabi/7.2.1/thumb/v6-m/libcr_eabihelpers.a(float.o)
                0x0000000000000b28                __aeabi_fdiv
 .text.__aeabi_fsub
                0x0000000000000c04      0x130 /usr/local/mcuxpressoide-10.2.1_795/ide/tools/bin/../lib/gcc/arm-none-eabi/7.2.1/thumb/v6-m/libcr_eabihelpers.a(float.o)
                0x0000000000000c04                __aeabi_fsub
 .text.__aeabi_fadd
                0x0000000000000d34       0xb0 /usr/local/mcuxpressoide-10.2.1_795/ide/tools/bin/../lib/gcc/arm-none-eabi/7.2.1/thumb/v6-m/libcr_eabihelpers.a(float.o)
                0x0000000000000d34                __aeabi_fadd
 .text.__bhs_ui2f
                0x0000000000000de4       0x62 /usr/local/mcuxpressoide-10.2.1_795/ide/tools/bin/../lib/gcc/arm-none-eabi/7.2.1/thumb/v6-m/libcr_eabihelpers.a(float.o)
                0x0000000000000de4                __bhs_ui2f
 .text.__aeabi_ui2f
                0x0000000000000e46        0xc /usr/local/mcuxpressoide-10.2.1_795/ide/tools/bin/../lib/gcc/arm-none-eabi/7.2.1/thumb/v6-m/libcr_eabihelpers.a(float.o)
                0x0000000000000e46                __aeabi_ui2f
 *(.rodata*)
 *fill*         0x0000000000000e52        0x2 ff
 .rodata.LPC_GPIO
                0x0000000000000e54       0x10 ./driver/gpio.o
 .rodata.CSWTCH.5
                0x0000000000000e64       0x40 ./cmsis/system_LPC11xx.o

.glue_7         0x0000000000000ea4        0x0
 .glue_7        0x0000000000000ea4        0x0 linker stubs

.glue_7t        0x0000000000000ea4        0x0
 .glue_7t       0x0000000000000ea4        0x0 linker stubs

.vfp11_veneer   0x0000000000000ea4        0x0
 .vfp11_veneer  0x0000000000000ea4        0x0 linker stubs

.v4_bx          0x0000000000000ea4        0x0
 .v4_bx         0x0000000000000ea4        0x0 linker stubs

.iplt           0x0000000000000ea4        0x0
 .iplt          0x0000000000000ea4        0x0 ./startup/cr_startup_lpc11.o

.rel.dyn        0x0000000000000ea4        0x0
 .rel.iplt      0x0000000000000ea4        0x0 ./startup/cr_startup_lpc11.o

.ARM.extab
 *(.ARM.extab* .gnu.linkonce.armextab.*)
                0x0000000000000ea4                __exidx_start = .

.ARM.exidx
 *(.ARM.exidx* .gnu.linkonce.armexidx.*)
                0x0000000000000ea4                __exidx_end = .
                0x0000000000000ea4                _etext = .

.data           0x0000000010000000        0x4 load address 0x0000000000000ea4
                0x0000000010000000                _data = .
 *(vtable)
 *(.data*)
 .data.SystemCoreClock
                0x0000000010000000        0x4 ./cmsis/system_LPC11xx.o
                0x0000000010000000                SystemCoreClock
                0x0000000010000004                _edata = .

.igot.plt       0x0000000010000004        0x0 load address 0x0000000000000ea8
 .igot.plt      0x0000000010000004        0x0 ./startup/cr_startup_lpc11.o

.bss            0x0000000010000004       0x30 load address 0x0000000000000ea8
                0x0000000010000004                _bss = .
 *(.bss*)
 .bss.ADCIntDone
                0x0000000010000004        0x4 ./driver/adc.o
                0x0000000010000004                ADCIntDone
 .bss.OverRunCounter
                0x0000000010000008        0x4 ./driver/adc.o
                0x0000000010000008                OverRunCounter
 .bss.timer32_0_counter
                0x000000001000000c        0x4 ./driver/timer32.o
                0x000000001000000c                timer32_0_counter
 .bss.timer32_0_capture
                0x0000000010000010        0x4 ./driver/timer32.o
                0x0000000010000010                timer32_0_capture
 *(COMMON)
 COMMON         0x0000000010000014       0x20 ./driver/adc.o
                0x0000000010000014                ADCValue
                0x0000000010000034                _ebss = .

.cr_heap        0x0000000010000034        0x0 load address 0x0000000000000ea8
                0x0000000010000034                end = .
                0x0000000010000034                _pvHeapStart = .
                0x0000000010002000                _vRamTop = __top_RamLoc8
                0x0000000010002000                _vStackTop = _vRamTop
OUTPUT(adc.axf elf32-littlearm)

.debug_info     0x0000000000000000     0x276d
 .debug_info    0x0000000000000000      0x1c5 ./startup/cr_startup_lpc11.o
 .debug_info    0x00000000000001c5      0x2c3 ./src/adc_main.o
 .debug_info    0x0000000000000488      0x9fe ./driver/adc.o
 .debug_info    0x0000000000000e86       0xc9 ./driver/crp.o
 .debug_info    0x0000000000000f4f      0x786 ./driver/gpio.o
 .debug_info    0x00000000000016d5      0xb83 ./driver/timer32.o
 .debug_info    0x0000000000002258      0x515 ./cmsis/system_LPC11xx.o

.debug_abbrev   0x0000000000000000      0xa0b
 .debug_abbrev  0x0000000000000000       0xcb ./startup/cr_startup_lpc11.o
 .debug_abbrev  0x00000000000000cb      0x14e ./src/adc_main.o
 .debug_abbrev  0x0000000000000219      0x20d ./driver/adc.o
 .debug_abbrev  0x0000000000000426       0x8e ./driver/crp.o
 .debug_abbrev  0x00000000000004b4      0x1e9 ./driver/gpio.o
 .debug_abbrev  0x000000000000069d      0x216 ./driver/timer32.o
 .debug_abbrev  0x00000000000008b3      0x158 ./cmsis/system_LPC11xx.o

.debug_aranges  0x0000000000000000      0x1a8
 .debug_aranges
                0x0000000000000000       0x50 ./startup/cr_startup_lpc11.o
 .debug_aranges
                0x0000000000000050       0x20 ./src/adc_main.o
 .debug_aranges
                0x0000000000000070       0x40 ./driver/adc.o
 .debug_aranges
                0x00000000000000b0       0x18 ./driver/crp.o
 .debug_aranges
                0x00000000000000c8       0x58 ./driver/gpio.o
 .debug_aranges
                0x0000000000000120       0x60 ./driver/timer32.o
 .debug_aranges
                0x0000000000000180       0x28 ./cmsis/system_LPC11xx.o

.debug_ranges   0x0000000000000000      0x130
 .debug_ranges  0x0000000000000000       0x40 ./startup/cr_startup_lpc11.o
 .debug_ranges  0x0000000000000040       0x10 ./src/adc_main.o
 .debug_ranges  0x0000000000000050       0x30 ./driver/adc.o
 .debug_ranges  0x0000000000000080       0x48 ./driver/gpio.o
 .debug_ranges  0x00000000000000c8       0x50 ./driver/timer32.o
 .debug_ranges  0x0000000000000118       0x18 ./cmsis/system_LPC11xx.o

.debug_macro    0x0000000000000000     0x2009
 .debug_macro   0x0000000000000000       0x57 ./startup/cr_startup_lpc11.o
 .debug_macro   0x0000000000000057      0xa54 ./startup/cr_startup_lpc11.o
 .debug_macro   0x0000000000000aab       0x10 ./startup/cr_startup_lpc11.o
 .debug_macro   0x0000000000000abb      0x12d ./startup/cr_startup_lpc11.o
 .debug_macro   0x0000000000000be8      0x5b2 ./startup/cr_startup_lpc11.o
 .debug_macro   0x000000000000119a       0x87 ./startup/cr_startup_lpc11.o
 .debug_macro   0x0000000000001221       0xbf ./src/adc_main.o
 .debug_macro   0x00000000000012e0       0x1c ./src/adc_main.o
 .debug_macro   0x00000000000012fc       0x22 ./src/adc_main.o
 .debug_macro   0x000000000000131e      0x37a ./src/adc_main.o
 .debug_macro   0x0000000000001698       0x8d ./src/adc_main.o
 .debug_macro   0x0000000000001725      0x123 ./src/adc_main.o
 .debug_macro   0x0000000000001848       0x28 ./src/adc_main.o
 .debug_macro   0x0000000000001870       0x52 ./src/adc_main.o
 .debug_macro   0x00000000000018c2       0x2e ./src/adc_main.o
 .debug_macro   0x00000000000018f0       0x46 ./src/adc_main.o
 .debug_macro   0x0000000000001936       0x46 ./src/adc_main.o
 .debug_macro   0x000000000000197c       0x22 ./src/adc_main.o
 .debug_macro   0x000000000000199e       0x88 ./driver/adc.o
 .debug_macro   0x0000000000001a26       0x88 ./driver/crp.o
 .debug_macro   0x0000000000001aae       0x28 ./driver/crp.o
 .debug_macro   0x0000000000001ad6       0x79 ./driver/gpio.o
 .debug_macro   0x0000000000001b4f       0x79 ./driver/timer32.o
 .debug_macro   0x0000000000001bc8       0xa9 ./cmsis/system_LPC11xx.o
 .debug_macro   0x0000000000001c71      0x398 ./cmsis/system_LPC11xx.o

.debug_line     0x0000000000000000      0xde3
 .debug_line    0x0000000000000000      0x1cd ./startup/cr_startup_lpc11.o
 .debug_line    0x00000000000001cd      0x1d6 ./src/adc_main.o
 .debug_line    0x00000000000003a3      0x20e ./driver/adc.o
 .debug_line    0x00000000000005b1      0x14e ./driver/crp.o
 .debug_line    0x00000000000006ff      0x25f ./driver/gpio.o
 .debug_line    0x000000000000095e      0x2c0 ./driver/timer32.o
 .debug_line    0x0000000000000c1e      0x1c5 ./cmsis/system_LPC11xx.o

.debug_str      0x0000000000000000     0x72c3
 .debug_str     0x0000000000000000     0x45b6 ./startup/cr_startup_lpc11.o
                                       0x4641 (size before relaxing)
 .debug_str     0x00000000000045b6     0x211d ./src/adc_main.o
                                       0x6644 (size before relaxing)
 .debug_str     0x00000000000066d3      0x68f ./driver/adc.o
                                       0x6a74 (size before relaxing)
 .debug_str     0x0000000000006d62       0xbf ./driver/crp.o
                                       0x6366 (size before relaxing)
 .debug_str     0x0000000000006e21       0xa5 ./driver/gpio.o
                                       0x6649 (size before relaxing)
 .debug_str     0x0000000000006ec6      0x11d ./driver/timer32.o
                                       0x6ab1 (size before relaxing)
 .debug_str     0x0000000000006fe3      0x2e0 ./cmsis/system_LPC11xx.o
                                       0x66aa (size before relaxing)

.comment        0x0000000000000000       0x7e
 .comment       0x0000000000000000       0x7e ./startup/cr_startup_lpc11.o
                                         0x7f (size before relaxing)
 .comment       0x000000000000007e       0x7f ./src/adc_main.o
 .comment       0x000000000000007e       0x7f ./driver/adc.o
 .comment       0x000000000000007e       0x7f ./driver/crp.o
 .comment       0x000000000000007e       0x7f ./driver/gpio.o
 .comment       0x000000000000007e       0x7f ./driver/timer32.o
 .comment       0x000000000000007e       0x7f ./cmsis/system_LPC11xx.o
 .comment       0x000000000000007e       0x7f /usr/local/mcuxpressoide-10.2.1_795/ide/tools/bin/../lib/gcc/arm-none-eabi/7.2.1/../../../../arm-none-eabi/lib/thumb/v6-m/libcr_c.a(__weak__main.o)
 .comment       0x000000000000007e       0x7f /usr/local/mcuxpressoide-10.2.1_795/ide/tools/bin/../lib/gcc/arm-none-eabi/7.2.1/thumb/v6-m/libcr_eabihelpers.a(float.o)

.ARM.attributes
                0x0000000000000000       0x2f
 .ARM.attributes
                0x0000000000000000       0x31 ./startup/cr_startup_lpc11.o
 .ARM.attributes
                0x0000000000000031       0x31 ./src/adc_main.o
 .ARM.attributes
                0x0000000000000062       0x31 ./driver/adc.o
 .ARM.attributes
                0x0000000000000093       0x31 ./driver/crp.o
 .ARM.attributes
                0x00000000000000c4       0x31 ./driver/gpio.o
 .ARM.attributes
                0x00000000000000f5       0x31 ./driver/timer32.o
 .ARM.attributes
                0x0000000000000126       0x31 ./cmsis/system_LPC11xx.o
 .ARM.attributes
                0x0000000000000157       0x31 /usr/local/mcuxpressoide-10.2.1_795/ide/tools/bin/../lib/gcc/arm-none-eabi/7.2.1/../../../../arm-none-eabi/lib/thumb/v6-m/libcr_c.a(__weak__main.o)
 .ARM.attributes
                0x0000000000000188       0x21 /usr/local/mcuxpressoide-10.2.1_795/ide/tools/bin/../lib/gcc/arm-none-eabi/7.2.1/thumb/v6-m/libcr_eabihelpers.a(division_32.o)
 .ARM.attributes
                0x00000000000001a9       0x21 /usr/local/mcuxpressoide-10.2.1_795/ide/tools/bin/../lib/gcc/arm-none-eabi/7.2.1/thumb/v6-m/libcr_eabihelpers.a(division_idiv0.o)
 .ARM.attributes
                0x00000000000001ca       0x31 /usr/local/mcuxpressoide-10.2.1_795/ide/tools/bin/../lib/gcc/arm-none-eabi/7.2.1/thumb/v6-m/libcr_eabihelpers.a(float.o)

.debug_frame    0x0000000000000000      0x430
 .debug_frame   0x0000000000000000       0xd8 ./startup/cr_startup_lpc11.o
 .debug_frame   0x00000000000000d8       0x30 ./src/adc_main.o
 .debug_frame   0x0000000000000108       0xac ./driver/adc.o
 .debug_frame   0x00000000000001b4      0x10c ./driver/gpio.o
 .debug_frame   0x00000000000002c0      0x12c ./driver/timer32.o
 .debug_frame   0x00000000000003ec       0x44 ./cmsis/system_LPC11xx.o

.debug_loc      0x0000000000000000       0x9c
 .debug_loc     0x0000000000000000       0x9c ./cmsis/system_LPC11xx.o
