Archive member included to satisfy reference by file (symbol)

c:/nxp/lpcxpresso_8.2.2_650/lpcxpresso/tools/bin/../lib/gcc/arm-none-eabi/5.4.1/../../../../arm-none-eabi/lib/armv6-m\libcr_c.a(__weak__main.o)
                              ./startup/cr_startup_lpc11.o (__main)
c:/nxp/lpcxpresso_8.2.2_650/lpcxpresso/tools/bin/../lib/gcc/arm-none-eabi/5.4.1/armv6-m\libcr_eabihelpers.a(division_32.o)
                              ./cmsis/system_LPC11xx.o (__aeabi_uidiv)
c:/nxp/lpcxpresso_8.2.2_650/lpcxpresso/tools/bin/../lib/gcc/arm-none-eabi/5.4.1/armv6-m\libcr_eabihelpers.a(division_idiv0.o)
                              c:/nxp/lpcxpresso_8.2.2_650/lpcxpresso/tools/bin/../lib/gcc/arm-none-eabi/5.4.1/armv6-m\libcr_eabihelpers.a(division_32.o) (__aeabi_idiv0)

Allocating common symbols
Common symbol       size              file

I2CReadLength       0x4               ./driver/i2c.o
I2CSlaveBuffer      0x40              ./driver/i2c.o
I2CMode             0x4               ./driver/i2c.o
I2CMasterBuffer     0x40              ./driver/i2c.o
I2CWriteLength      0x4               ./driver/i2c.o

Discarded input sections

 .group         0x00000000        0x8 ./startup/cr_startup_lpc11.o
 .group         0x00000000        0x8 ./startup/cr_startup_lpc11.o
 .group         0x00000000        0x8 ./startup/cr_startup_lpc11.o
 .group         0x00000000        0x8 ./startup/cr_startup_lpc11.o
 .group         0x00000000        0x8 ./startup/cr_startup_lpc11.o
 .text          0x00000000        0x0 ./startup/cr_startup_lpc11.o
 .data          0x00000000        0x0 ./startup/cr_startup_lpc11.o
 .bss           0x00000000        0x0 ./startup/cr_startup_lpc11.o
 .group         0x00000000        0x8 ./src/i2c_main.o
 .group         0x00000000        0x8 ./src/i2c_main.o
 .group         0x00000000        0x8 ./src/i2c_main.o
 .group         0x00000000        0x8 ./src/i2c_main.o
 .group         0x00000000        0x8 ./src/i2c_main.o
 .group         0x00000000        0x8 ./src/i2c_main.o
 .group         0x00000000        0x8 ./src/i2c_main.o
 .group         0x00000000        0x8 ./src/i2c_main.o
 .group         0x00000000        0x8 ./src/i2c_main.o
 .group         0x00000000        0x8 ./src/i2c_main.o
 .group         0x00000000        0x8 ./src/i2c_main.o
 .group         0x00000000        0x8 ./src/i2c_main.o
 .text          0x00000000        0x0 ./src/i2c_main.o
 .data          0x00000000        0x0 ./src/i2c_main.o
 .bss           0x00000000        0x0 ./src/i2c_main.o
 .debug_macro   0x00000000      0x838 ./src/i2c_main.o
 .debug_macro   0x00000000       0x10 ./src/i2c_main.o
 .debug_macro   0x00000000      0x12d ./src/i2c_main.o
 .debug_macro   0x00000000      0x5b2 ./src/i2c_main.o
 .group         0x00000000        0x8 ./driver/can.o
 .group         0x00000000        0x8 ./driver/can.o
 .group         0x00000000        0x8 ./driver/can.o
 .group         0x00000000        0x8 ./driver/can.o
 .group         0x00000000        0x8 ./driver/can.o
 .group         0x00000000        0x8 ./driver/can.o
 .group         0x00000000        0x8 ./driver/can.o
 .group         0x00000000        0x8 ./driver/can.o
 .group         0x00000000        0x8 ./driver/can.o
 .group         0x00000000        0x8 ./driver/can.o
 .text          0x00000000        0x0 ./driver/can.o
 .data          0x00000000        0x0 ./driver/can.o
 .bss           0x00000000        0x0 ./driver/can.o
 .debug_info    0x00000000       0x6f ./driver/can.o
 .debug_abbrev  0x00000000       0x29 ./driver/can.o
 .debug_aranges
                0x00000000       0x18 ./driver/can.o
 .debug_macro   0x00000000       0x70 ./driver/can.o
 .debug_macro   0x00000000      0x838 ./driver/can.o
 .debug_macro   0x00000000       0x1c ./driver/can.o
 .debug_macro   0x00000000       0x22 ./driver/can.o
 .debug_macro   0x00000000       0x10 ./driver/can.o
 .debug_macro   0x00000000      0x12d ./driver/can.o
 .debug_macro   0x00000000      0x5b2 ./driver/can.o
 .debug_macro   0x00000000      0x37a ./driver/can.o
 .debug_macro   0x00000000       0x8d ./driver/can.o
 .debug_macro   0x00000000      0x123 ./driver/can.o
 .debug_macro   0x00000000       0x1c ./driver/can.o
 .debug_line    0x00000000      0x143 ./driver/can.o
 .debug_str     0x00000000     0x59e8 ./driver/can.o
 .comment       0x00000000       0x6f ./driver/can.o
 .ARM.attributes
                0x00000000       0x31 ./driver/can.o
 .group         0x00000000        0x8 ./driver/crp.o
 .group         0x00000000        0x8 ./driver/crp.o
 .group         0x00000000        0x8 ./driver/crp.o
 .group         0x00000000        0x8 ./driver/crp.o
 .group         0x00000000        0x8 ./driver/crp.o
 .group         0x00000000        0x8 ./driver/crp.o
 .group         0x00000000        0x8 ./driver/crp.o
 .group         0x00000000        0x8 ./driver/crp.o
 .group         0x00000000        0x8 ./driver/crp.o
 .group         0x00000000        0x8 ./driver/crp.o
 .group         0x00000000        0x8 ./driver/crp.o
 .group         0x00000000        0x8 ./driver/crp.o
 .text          0x00000000        0x0 ./driver/crp.o
 .data          0x00000000        0x0 ./driver/crp.o
 .bss           0x00000000        0x0 ./driver/crp.o
 .debug_macro   0x00000000      0x838 ./driver/crp.o
 .debug_macro   0x00000000       0x1c ./driver/crp.o
 .debug_macro   0x00000000       0x22 ./driver/crp.o
 .debug_macro   0x00000000       0x10 ./driver/crp.o
 .debug_macro   0x00000000      0x12d ./driver/crp.o
 .debug_macro   0x00000000      0x5b2 ./driver/crp.o
 .debug_macro   0x00000000      0x37a ./driver/crp.o
 .debug_macro   0x00000000       0x8d ./driver/crp.o
 .debug_macro   0x00000000      0x123 ./driver/crp.o
 .debug_macro   0x00000000       0x1c ./driver/crp.o
 .group         0x00000000        0x8 ./driver/gpio.o
 .group         0x00000000        0x8 ./driver/gpio.o
 .group         0x00000000        0x8 ./driver/gpio.o
 .group         0x00000000        0x8 ./driver/gpio.o
 .group         0x00000000        0x8 ./driver/gpio.o
 .group         0x00000000        0x8 ./driver/gpio.o
 .group         0x00000000        0x8 ./driver/gpio.o
 .group         0x00000000        0x8 ./driver/gpio.o
 .group         0x00000000        0x8 ./driver/gpio.o
 .group         0x00000000        0x8 ./driver/gpio.o
 .text          0x00000000        0x0 ./driver/gpio.o
 .data          0x00000000        0x0 ./driver/gpio.o
 .bss           0x00000000        0x0 ./driver/gpio.o
 .debug_info    0x00000000       0x6f ./driver/gpio.o
 .debug_abbrev  0x00000000       0x29 ./driver/gpio.o
 .debug_aranges
                0x00000000       0x18 ./driver/gpio.o
 .debug_macro   0x00000000       0x70 ./driver/gpio.o
 .debug_macro   0x00000000      0x838 ./driver/gpio.o
 .debug_macro   0x00000000       0x1c ./driver/gpio.o
 .debug_macro   0x00000000       0x22 ./driver/gpio.o
 .debug_macro   0x00000000       0x10 ./driver/gpio.o
 .debug_macro   0x00000000      0x12d ./driver/gpio.o
 .debug_macro   0x00000000      0x5b2 ./driver/gpio.o
 .debug_macro   0x00000000      0x37a ./driver/gpio.o
 .debug_macro   0x00000000       0x8d ./driver/gpio.o
 .debug_macro   0x00000000      0x123 ./driver/gpio.o
 .debug_macro   0x00000000       0x1c ./driver/gpio.o
 .debug_line    0x00000000      0x144 ./driver/gpio.o
 .debug_str     0x00000000     0x59e9 ./driver/gpio.o
 .comment       0x00000000       0x6f ./driver/gpio.o
 .ARM.attributes
                0x00000000       0x31 ./driver/gpio.o
 .group         0x00000000        0x8 ./driver/i2c.o
 .group         0x00000000        0x8 ./driver/i2c.o
 .group         0x00000000        0x8 ./driver/i2c.o
 .group         0x00000000        0x8 ./driver/i2c.o
 .group         0x00000000        0x8 ./driver/i2c.o
 .group         0x00000000        0x8 ./driver/i2c.o
 .group         0x00000000        0x8 ./driver/i2c.o
 .group         0x00000000        0x8 ./driver/i2c.o
 .group         0x00000000        0x8 ./driver/i2c.o
 .group         0x00000000        0x8 ./driver/i2c.o
 .group         0x00000000        0x8 ./driver/i2c.o
 .group         0x00000000        0x8 ./driver/i2c.o
 .text          0x00000000        0x0 ./driver/i2c.o
 .data          0x00000000        0x0 ./driver/i2c.o
 .bss           0x00000000        0x0 ./driver/i2c.o
 .bss.I2CSlaveState
                0x00000000        0x4 ./driver/i2c.o
 .bss.I2CCount  0x00000000        0x4 ./driver/i2c.o
 .text.I2CStart
                0x00000000       0x4c ./driver/i2c.o
 .text.I2CStop  0x00000000       0x2c ./driver/i2c.o
 .debug_macro   0x00000000      0x838 ./driver/i2c.o
 .debug_macro   0x00000000       0x1c ./driver/i2c.o
 .debug_macro   0x00000000       0x22 ./driver/i2c.o
 .debug_macro   0x00000000       0x10 ./driver/i2c.o
 .debug_macro   0x00000000      0x12d ./driver/i2c.o
 .debug_macro   0x00000000      0x5b2 ./driver/i2c.o
 .debug_macro   0x00000000      0x37a ./driver/i2c.o
 .debug_macro   0x00000000       0x8d ./driver/i2c.o
 .debug_macro   0x00000000      0x123 ./driver/i2c.o
 .debug_macro   0x00000000       0x1c ./driver/i2c.o
 .debug_macro   0x00000000       0x1c ./driver/i2c.o
 .debug_macro   0x00000000       0xe2 ./driver/i2c.o
 .group         0x00000000        0x8 ./cmsis/core_cm0.o
 .group         0x00000000        0x8 ./cmsis/core_cm0.o
 .group         0x00000000        0x8 ./cmsis/core_cm0.o
 .group         0x00000000        0x8 ./cmsis/core_cm0.o
 .text          0x00000000        0x0 ./cmsis/core_cm0.o
 .data          0x00000000        0x0 ./cmsis/core_cm0.o
 .bss           0x00000000        0x0 ./cmsis/core_cm0.o
 .text.__get_PSP
                0x00000000        0x8 ./cmsis/core_cm0.o
 .text.__set_PSP
                0x00000000        0x6 ./cmsis/core_cm0.o
 .text.__get_MSP
                0x00000000        0x8 ./cmsis/core_cm0.o
 .text.__set_MSP
                0x00000000        0x6 ./cmsis/core_cm0.o
 .text.__get_PRIMASK
                0x00000000        0x6 ./cmsis/core_cm0.o
 .text.__set_PRIMASK
                0x00000000        0x6 ./cmsis/core_cm0.o
 .text.__get_CONTROL
                0x00000000        0x6 ./cmsis/core_cm0.o
 .text.__set_CONTROL
                0x00000000        0x6 ./cmsis/core_cm0.o
 .text.__REV    0x00000000        0x4 ./cmsis/core_cm0.o
 .text.__REV16  0x00000000        0x4 ./cmsis/core_cm0.o
 .text.__REVSH  0x00000000        0x4 ./cmsis/core_cm0.o
 .debug_info    0x00000000      0x289 ./cmsis/core_cm0.o
 .debug_abbrev  0x00000000       0xb7 ./cmsis/core_cm0.o
 .debug_loc     0x00000000      0x13c ./cmsis/core_cm0.o
 .debug_aranges
                0x00000000       0x70 ./cmsis/core_cm0.o
 .debug_ranges  0x00000000       0x60 ./cmsis/core_cm0.o
 .debug_macro   0x00000000       0x48 ./cmsis/core_cm0.o
 .debug_macro   0x00000000      0x83e ./cmsis/core_cm0.o
 .debug_macro   0x00000000       0x10 ./cmsis/core_cm0.o
 .debug_macro   0x00000000      0x12d ./cmsis/core_cm0.o
 .debug_macro   0x00000000      0x5b2 ./cmsis/core_cm0.o
 .debug_line    0x00000000      0x1c0 ./cmsis/core_cm0.o
 .debug_str     0x00000000     0x3bd1 ./cmsis/core_cm0.o
 .comment       0x00000000       0x6f ./cmsis/core_cm0.o
 .debug_frame   0x00000000       0xc0 ./cmsis/core_cm0.o
 .ARM.attributes
                0x00000000       0x31 ./cmsis/core_cm0.o
 .group         0x00000000        0x8 ./cmsis/system_LPC11xx.o
 .group         0x00000000        0x8 ./cmsis/system_LPC11xx.o
 .group         0x00000000        0x8 ./cmsis/system_LPC11xx.o
 .group         0x00000000        0x8 ./cmsis/system_LPC11xx.o
 .group         0x00000000        0x8 ./cmsis/system_LPC11xx.o
 .group         0x00000000        0x8 ./cmsis/system_LPC11xx.o
 .group         0x00000000        0x8 ./cmsis/system_LPC11xx.o
 .group         0x00000000        0x8 ./cmsis/system_LPC11xx.o
 .text          0x00000000        0x0 ./cmsis/system_LPC11xx.o
 .data          0x00000000        0x0 ./cmsis/system_LPC11xx.o
 .bss           0x00000000        0x0 ./cmsis/system_LPC11xx.o
 .debug_macro   0x00000000      0x83e ./cmsis/system_LPC11xx.o
 .debug_macro   0x00000000       0x10 ./cmsis/system_LPC11xx.o
 .debug_macro   0x00000000      0x12d ./cmsis/system_LPC11xx.o
 .debug_macro   0x00000000      0x5b2 ./cmsis/system_LPC11xx.o
 .debug_macro   0x00000000       0x1c ./cmsis/system_LPC11xx.o
 .debug_macro   0x00000000       0x8d ./cmsis/system_LPC11xx.o
 .debug_macro   0x00000000      0x123 ./cmsis/system_LPC11xx.o
 .text          0x00000000        0x0 c:/nxp/lpcxpresso_8.2.2_650/lpcxpresso/tools/bin/../lib/gcc/arm-none-eabi/5.4.1/../../../../arm-none-eabi/lib/armv6-m\libcr_c.a(__weak__main.o)
 .data          0x00000000        0x0 c:/nxp/lpcxpresso_8.2.2_650/lpcxpresso/tools/bin/../lib/gcc/arm-none-eabi/5.4.1/../../../../arm-none-eabi/lib/armv6-m\libcr_c.a(__weak__main.o)
 .bss           0x00000000        0x0 c:/nxp/lpcxpresso_8.2.2_650/lpcxpresso/tools/bin/../lib/gcc/arm-none-eabi/5.4.1/../../../../arm-none-eabi/lib/armv6-m\libcr_c.a(__weak__main.o)
 .text          0x00000000        0x0 c:/nxp/lpcxpresso_8.2.2_650/lpcxpresso/tools/bin/../lib/gcc/arm-none-eabi/5.4.1/armv6-m\libcr_eabihelpers.a(division_32.o)
 .data          0x00000000        0x0 c:/nxp/lpcxpresso_8.2.2_650/lpcxpresso/tools/bin/../lib/gcc/arm-none-eabi/5.4.1/armv6-m\libcr_eabihelpers.a(division_32.o)
 .bss           0x00000000        0x0 c:/nxp/lpcxpresso_8.2.2_650/lpcxpresso/tools/bin/../lib/gcc/arm-none-eabi/5.4.1/armv6-m\libcr_eabihelpers.a(division_32.o)
 .text          0x00000000        0x0 c:/nxp/lpcxpresso_8.2.2_650/lpcxpresso/tools/bin/../lib/gcc/arm-none-eabi/5.4.1/armv6-m\libcr_eabihelpers.a(division_idiv0.o)
 .data          0x00000000        0x0 c:/nxp/lpcxpresso_8.2.2_650/lpcxpresso/tools/bin/../lib/gcc/arm-none-eabi/5.4.1/armv6-m\libcr_eabihelpers.a(division_idiv0.o)
 .bss           0x00000000        0x0 c:/nxp/lpcxpresso_8.2.2_650/lpcxpresso/tools/bin/../lib/gcc/arm-none-eabi/5.4.1/armv6-m\libcr_eabihelpers.a(division_idiv0.o)

Memory Configuration

Name             Origin             Length             Attributes
MFlash32         0x00000000         0x00008000         xr
RamLoc8          0x10000000         0x00002000         xrw
*default*        0x00000000         0xffffffff

Linker script and memory map

LOAD ./startup/cr_startup_lpc11.o
LOAD ./src/i2c_main.o
LOAD ./driver/can.o
LOAD ./driver/crp.o
LOAD ./driver/gpio.o
LOAD ./driver/i2c.o
LOAD ./cmsis/core_cm0.o
LOAD ./cmsis/system_LPC11xx.o
START GROUP
LOAD c:/nxp/lpcxpresso_8.2.2_650/lpcxpresso/tools/bin/../lib/gcc/arm-none-eabi/5.4.1/../../../../arm-none-eabi/lib/armv6-m\libcr_c.a
LOAD c:/nxp/lpcxpresso_8.2.2_650/lpcxpresso/tools/bin/../lib/gcc/arm-none-eabi/5.4.1/../../../../arm-none-eabi/lib/armv6-m\libcr_semihost.a
LOAD c:/nxp/lpcxpresso_8.2.2_650/lpcxpresso/tools/bin/../lib/gcc/arm-none-eabi/5.4.1/armv6-m\libcr_eabihelpers.a
END GROUP
                0x00008000                __top_MFlash32 = 0x8000
                0x10002000                __top_RamLoc8 = 0x10002000

.text           0x00000000      0xa44
 FILL mask 0xff
 *(.isr_vector)
 .isr_vector    0x00000000       0xc0 ./startup/cr_startup_lpc11.o
                0x00000000                g_pfnVectors
 *(.text.Reset_Handler .text.SystemInit)
 .text.SystemInit
                0x000000c0       0xb0 ./cmsis/system_LPC11xx.o
                0x000000c0                SystemInit
                0x000002fc                . = 0x2fc
 *fill*         0x00000170      0x18c ff
 *(.crp)
 .crp           0x000002fc        0x4 ./driver/crp.o
                0x000002fc                CRP_WORD
 *(.text*)
 .text.ResetISR
                0x00000300       0x60 ./startup/cr_startup_lpc11.o
                0x00000300                ResetISR
 .text.NMI_Handler
                0x00000360        0x8 ./startup/cr_startup_lpc11.o
                0x00000360                NMI_Handler
 .text.HardFault_Handler
                0x00000368        0x8 ./startup/cr_startup_lpc11.o
                0x00000368                HardFault_Handler
 .text.SVCall_Handler
                0x00000370        0x8 ./startup/cr_startup_lpc11.o
                0x00000370                SVCall_Handler
 .text.PendSV_Handler
                0x00000378        0x8 ./startup/cr_startup_lpc11.o
                0x00000378                PendSV_Handler
 .text.SysTick_Handler
                0x00000380        0x8 ./startup/cr_startup_lpc11.o
                0x00000380                SysTick_Handler
 .text.IntDefaultHandler
                0x00000388        0x8 ./startup/cr_startup_lpc11.o
                0x00000388                TIMER16_0_IRQHandler
                0x00000388                UART_IRQHandler
                0x00000388                TIMER32_0_IRQHandler
                0x00000388                TIMER32_1_IRQHandler
                0x00000388                IntDefaultHandler
                0x00000388                PIOINT1_IRQHandler
                0x00000388                CAN_IRQHandler
                0x00000388                SSP0_IRQHandler
                0x00000388                TIMER16_1_IRQHandler
                0x00000388                ADC_IRQHandler
                0x00000388                SSP1_IRQHandler
                0x00000388                PIOINT2_IRQHandler
                0x00000388                BOD_IRQHandler
                0x00000388                WAKEUP_IRQHandler
                0x00000388                PIOINT0_IRQHandler
                0x00000388                WDT_IRQHandler
                0x00000388                PIOINT3_IRQHandler
 .text.main     0x00000390       0xb0 ./src/i2c_main.o
                0x00000390                main
 .text.NVIC_EnableIRQ
                0x00000440       0x2c ./driver/i2c.o
 .text.I2C_IRQHandler
                0x0000046c      0x204 ./driver/i2c.o
                0x0000046c                I2C_IRQHandler
 .text.I2CInit  0x00000670       0xa0 ./driver/i2c.o
                0x00000670                I2CInit
 .text.I2CEngine
                0x00000710       0x6c ./driver/i2c.o
                0x00000710                I2CEngine
 .text.SystemCoreClockUpdate
                0x0000077c       0xc0 ./cmsis/system_LPC11xx.o
                0x0000077c                SystemCoreClockUpdate
 .text.__weak_main
                0x0000083c        0x8 c:/nxp/lpcxpresso_8.2.2_650/lpcxpresso/tools/bin/../lib/gcc/arm-none-eabi/5.4.1/../../../../arm-none-eabi/lib/armv6-m\libcr_c.a(__weak__main.o)
                0x0000083c                __weak_main
                0x0000083c                __main
 .text.__aeabi_division_idivmod
                0x00000844       0x78 c:/nxp/lpcxpresso_8.2.2_650/lpcxpresso/tools/bin/../lib/gcc/arm-none-eabi/5.4.1/armv6-m\libcr_eabihelpers.a(division_32.o)
                0x00000844                __aeabi_idivmod
                0x00000844                __aeabi_idiv
                0x0000084a                __aeabi_uidivmod
                0x0000084a                __aeabi_uidiv
 .text.__aeabi_division_idiv0
                0x000008bc        0x2 c:/nxp/lpcxpresso_8.2.2_650/lpcxpresso/tools/bin/../lib/gcc/arm-none-eabi/5.4.1/armv6-m\libcr_eabihelpers.a(division_idiv0.o)
                0x000008bc                __aeabi_idiv0
 *(.rodata*)
 *fill*         0x000008be        0x2 ff
 .rodata.I2C_IRQHandler
                0x000008c0      0x144 ./driver/i2c.o
 .rodata.CSWTCH.8
                0x00000a04       0x40 ./cmsis/system_LPC11xx.o

.glue_7         0x00000a44        0x0
 .glue_7        0x00000a44        0x0 linker stubs

.glue_7t        0x00000a44        0x0
 .glue_7t       0x00000a44        0x0 linker stubs

.vfp11_veneer   0x00000a44        0x0
 .vfp11_veneer  0x00000a44        0x0 linker stubs

.v4_bx          0x00000a44        0x0
 .v4_bx         0x00000a44        0x0 linker stubs

.iplt           0x00000a44        0x0
 .iplt          0x00000a44        0x0 ./startup/cr_startup_lpc11.o

.rel.dyn        0x00000a44        0x0
 .rel.iplt      0x00000a44        0x0 ./startup/cr_startup_lpc11.o

.ARM.extab
 *(.ARM.extab* .gnu.linkonce.armextab.*)
                0x00000a44                __exidx_start = .

.ARM.exidx
 *(.ARM.exidx* .gnu.linkonce.armexidx.*)
                0x00000a44                __exidx_end = .
                0x00000a44                _etext = .

.data           0x10000000        0x4 load address 0x00000a44
                0x10000000                _data = .
 *(vtable)
 *(.data*)
 .data.SystemCoreClock
                0x10000000        0x4 ./cmsis/system_LPC11xx.o
                0x10000000                SystemCoreClock
                0x10000004                _edata = .

.igot.plt       0x10000004        0x0 load address 0x00000a48
 .igot.plt      0x10000004        0x0 ./startup/cr_startup_lpc11.o

.bss            0x10000004       0x9c load address 0x00000a48
                0x10000004                _bss = .
 *(.bss*)
 .bss.I2CMasterState
                0x10000004        0x4 ./driver/i2c.o
                0x10000004                I2CMasterState
 .bss.timeout   0x10000008        0x4 ./driver/i2c.o
                0x10000008                timeout
 .bss.RdIndex   0x1000000c        0x4 ./driver/i2c.o
                0x1000000c                RdIndex
 .bss.WrIndex   0x10000010        0x4 ./driver/i2c.o
                0x10000010                WrIndex
 *(COMMON)
 COMMON         0x10000014       0x8c ./driver/i2c.o
                0x10000014                I2CReadLength
                0x10000018                I2CSlaveBuffer
                0x10000058                I2CMode
                0x1000005c                I2CMasterBuffer
                0x1000009c                I2CWriteLength
                0x100000a0                _ebss = .

.cr_heap        0x100000a0        0x0 load address 0x00000a48
                0x100000a0                end = .
                0x100000a0                _pvHeapStart = .
                0x10002000                _vRamTop = __top_RamLoc8
                0x10002000                _vStackTop = _vRamTop
OUTPUT(i2c.axf elf32-littlearm)

.debug_info     0x00000000     0x130d
 .debug_info    0x00000000      0x18b ./startup/cr_startup_lpc11.o
 .debug_info    0x0000018b      0x103 ./src/i2c_main.o
 .debug_info    0x0000028e       0x90 ./driver/crp.o
 .debug_info    0x0000031e      0xb08 ./driver/i2c.o
 .debug_info    0x00000e26      0x4e7 ./cmsis/system_LPC11xx.o

.debug_abbrev   0x00000000      0x4b9
 .debug_abbrev  0x00000000       0xb9 ./startup/cr_startup_lpc11.o
 .debug_abbrev  0x000000b9       0x8f ./src/i2c_main.o
 .debug_abbrev  0x00000148       0x4e ./driver/crp.o
 .debug_abbrev  0x00000196      0x1d8 ./driver/i2c.o
 .debug_abbrev  0x0000036e      0x14b ./cmsis/system_LPC11xx.o

.debug_aranges  0x00000000       0xf8
 .debug_aranges
                0x00000000       0x50 ./startup/cr_startup_lpc11.o
 .debug_aranges
                0x00000050       0x20 ./src/i2c_main.o
 .debug_aranges
                0x00000070       0x18 ./driver/crp.o
 .debug_aranges
                0x00000088       0x48 ./driver/i2c.o
 .debug_aranges
                0x000000d0       0x28 ./cmsis/system_LPC11xx.o

.debug_ranges   0x00000000       0xa0
 .debug_ranges  0x00000000       0x40 ./startup/cr_startup_lpc11.o
 .debug_ranges  0x00000040       0x10 ./src/i2c_main.o
 .debug_ranges  0x00000050       0x38 ./driver/i2c.o
 .debug_ranges  0x00000088       0x18 ./cmsis/system_LPC11xx.o

.debug_macro    0x00000000     0x1ca2
 .debug_macro   0x00000000       0x57 ./startup/cr_startup_lpc11.o
 .debug_macro   0x00000057      0x838 ./startup/cr_startup_lpc11.o
 .debug_macro   0x0000088f       0x10 ./startup/cr_startup_lpc11.o
 .debug_macro   0x0000089f      0x12d ./startup/cr_startup_lpc11.o
 .debug_macro   0x000009cc      0x5b2 ./startup/cr_startup_lpc11.o
 .debug_macro   0x00000f7e       0x87 ./startup/cr_startup_lpc11.o
 .debug_macro   0x00001005       0x86 ./src/i2c_main.o
 .debug_macro   0x0000108b       0x1c ./src/i2c_main.o
 .debug_macro   0x000010a7       0x22 ./src/i2c_main.o
 .debug_macro   0x000010c9      0x37a ./src/i2c_main.o
 .debug_macro   0x00001443       0x8d ./src/i2c_main.o
 .debug_macro   0x000014d0      0x123 ./src/i2c_main.o
 .debug_macro   0x000015f3       0x1c ./src/i2c_main.o
 .debug_macro   0x0000160f       0x1c ./src/i2c_main.o
 .debug_macro   0x0000162b       0xe2 ./src/i2c_main.o
 .debug_macro   0x0000170d       0x88 ./driver/crp.o
 .debug_macro   0x00001795       0x22 ./driver/crp.o
 .debug_macro   0x000017b7       0x28 ./driver/crp.o
 .debug_macro   0x000017df       0x82 ./driver/i2c.o
 .debug_macro   0x00001861       0xa9 ./cmsis/system_LPC11xx.o
 .debug_macro   0x0000190a      0x398 ./cmsis/system_LPC11xx.o

.debug_line     0x00000000      0x8b1
 .debug_line    0x00000000      0x1cd ./startup/cr_startup_lpc11.o
 .debug_line    0x000001cd      0x1bf ./src/i2c_main.o
 .debug_line    0x0000038c      0x14c ./driver/crp.o
 .debug_line    0x000004d8      0x232 ./driver/i2c.o
 .debug_line    0x0000070a      0x1a7 ./cmsis/system_LPC11xx.o

.debug_str      0x00000000     0x687e
 .debug_str     0x00000000     0x3d2c ./startup/cr_startup_lpc11.o
                               0x3db7 (size before relaxing)
 .debug_str     0x00003d2c     0x2073 ./src/i2c_main.o
                               0x5d10 (size before relaxing)
 .debug_str     0x00005d9f       0xbf ./driver/crp.o
                               0x5aa0 (size before relaxing)
 .debug_str     0x00005e5e      0x730 ./driver/i2c.o
                               0x6433 (size before relaxing)
 .debug_str     0x0000658e      0x2f0 ./cmsis/system_LPC11xx.o
                               0x5e39 (size before relaxing)

.comment        0x00000000       0xdc
 .comment       0x00000000       0x6e ./startup/cr_startup_lpc11.o
                                 0x6f (size before relaxing)
 .comment       0x0000006e       0x6f ./src/i2c_main.o
 .comment       0x0000006e       0x6f ./driver/crp.o
 .comment       0x0000006e       0x6f ./driver/i2c.o
 .comment       0x0000006e       0x6f ./cmsis/system_LPC11xx.o
 .comment       0x0000006e       0x6e c:/nxp/lpcxpresso_8.2.2_650/lpcxpresso/tools/bin/../lib/gcc/arm-none-eabi/5.4.1/../../../../arm-none-eabi/lib/armv6-m\libcr_c.a(__weak__main.o)
                                 0x6f (size before relaxing)

.ARM.attributes
                0x00000000       0x2f
 .ARM.attributes
                0x00000000       0x31 ./startup/cr_startup_lpc11.o
 .ARM.attributes
                0x00000031       0x31 ./src/i2c_main.o
 .ARM.attributes
                0x00000062       0x31 ./driver/crp.o
 .ARM.attributes
                0x00000093       0x31 ./driver/i2c.o
 .ARM.attributes
                0x000000c4       0x31 ./cmsis/system_LPC11xx.o
 .ARM.attributes
                0x000000f5       0x31 c:/nxp/lpcxpresso_8.2.2_650/lpcxpresso/tools/bin/../lib/gcc/arm-none-eabi/5.4.1/../../../../arm-none-eabi/lib/armv6-m\libcr_c.a(__weak__main.o)
 .ARM.attributes
                0x00000126       0x21 c:/nxp/lpcxpresso_8.2.2_650/lpcxpresso/tools/bin/../lib/gcc/arm-none-eabi/5.4.1/armv6-m\libcr_eabihelpers.a(division_32.o)
 .ARM.attributes
                0x00000147       0x21 c:/nxp/lpcxpresso_8.2.2_650/lpcxpresso/tools/bin/../lib/gcc/arm-none-eabi/5.4.1/armv6-m\libcr_eabihelpers.a(division_idiv0.o)

.debug_frame    0x00000000      0x214
 .debug_frame   0x00000000       0xd8 ./startup/cr_startup_lpc11.o
 .debug_frame   0x000000d8       0x30 ./src/i2c_main.o
 .debug_frame   0x00000108       0xc8 ./driver/i2c.o
 .debug_frame   0x000001d0       0x44 ./cmsis/system_LPC11xx.o

.debug_loc      0x00000000       0x84
 .debug_loc     0x00000000       0x84 ./cmsis/system_LPC11xx.o
